Archive member included to satisfy reference by file (symbol)

c:/nxp/mcuxpressoide_11.7.0_9198/ide/plugins/com.nxp.mcuxpresso.tools.win32_11.7.0.202209140929/tools/bin/../lib/gcc/arm-none-eabi/10.3.1/../../../../arm-none-eabi/lib/thumb/v7e-m+fp/hard\libcr_nohost_nf.a(_cr__main.o)
                              ./startup/startup_mk64f12.o (__main)
c:/nxp/mcuxpressoide_11.7.0_9198/ide/plugins/com.nxp.mcuxpresso.tools.win32_11.7.0.202209140929/tools/bin/../lib/gcc/arm-none-eabi/10.3.1/../../../../arm-none-eabi/lib/thumb/v7e-m+fp/hard\libcr_c.a(memcpy.o)
                              ./utilities/fsl_debug_console.o (memcpy)
c:/nxp/mcuxpressoide_11.7.0_9198/ide/plugins/com.nxp.mcuxpresso.tools.win32_11.7.0.202209140929/tools/bin/../lib/gcc/arm-none-eabi/10.3.1/../../../../arm-none-eabi/lib/thumb/v7e-m+fp/hard\libcr_c.a(memset.o)
                              ./drivers/fsl_edma.o (memset)
c:/nxp/mcuxpressoide_11.7.0_9198/ide/plugins/com.nxp.mcuxpresso.tools.win32_11.7.0.202209140929/tools/bin/../lib/gcc/arm-none-eabi/10.3.1/../../../../arm-none-eabi/lib/thumb/v7e-m+fp/hard\libcr_c.a(alloc.o)
                              ./drivers/fsl_common.o (malloc)
c:/nxp/mcuxpressoide_11.7.0_9198/ide/plugins/com.nxp.mcuxpresso.tools.win32_11.7.0.202209140929/tools/bin/../lib/gcc/arm-none-eabi/10.3.1/../../../../arm-none-eabi/lib/thumb/v7e-m+fp/hard\libcr_c.a(initio.o)
                              c:/nxp/mcuxpressoide_11.7.0_9198/ide/plugins/com.nxp.mcuxpresso.tools.win32_11.7.0.202209140929/tools/bin/../lib/gcc/arm-none-eabi/10.3.1/../../../../arm-none-eabi/lib/thumb/v7e-m+fp/hard\libcr_nohost_nf.a(_cr__main.o) (_initio)
c:/nxp/mcuxpressoide_11.7.0_9198/ide/plugins/com.nxp.mcuxpresso.tools.win32_11.7.0.202209140929/tools/bin/../lib/gcc/arm-none-eabi/10.3.1/../../../../arm-none-eabi/lib/thumb/v7e-m+fp/hard\libcr_c.a(setvbuf.o)
                              c:/nxp/mcuxpressoide_11.7.0_9198/ide/plugins/com.nxp.mcuxpresso.tools.win32_11.7.0.202209140929/tools/bin/../lib/gcc/arm-none-eabi/10.3.1/../../../../arm-none-eabi/lib/thumb/v7e-m+fp/hard\libcr_c.a(initio.o) (setvbuf)
c:/nxp/mcuxpressoide_11.7.0_9198/ide/plugins/com.nxp.mcuxpresso.tools.win32_11.7.0.202209140929/tools/bin/../lib/gcc/arm-none-eabi/10.3.1/../../../../arm-none-eabi/lib/thumb/v7e-m+fp/hard\libcr_c.a(strlen.o)
                              ./utilities/fsl_debug_console.o (strlen)
c:/nxp/mcuxpressoide_11.7.0_9198/ide/plugins/com.nxp.mcuxpresso.tools.win32_11.7.0.202209140929/tools/bin/../lib/gcc/arm-none-eabi/10.3.1/../../../../arm-none-eabi/lib/thumb/v7e-m+fp/hard\libcr_c.a(__init_alloc.o)
                              c:/nxp/mcuxpressoide_11.7.0_9198/ide/plugins/com.nxp.mcuxpresso.tools.win32_11.7.0.202209140929/tools/bin/../lib/gcc/arm-none-eabi/10.3.1/../../../../arm-none-eabi/lib/thumb/v7e-m+fp/hard\libcr_c.a(alloc.o) (__heaps)
c:/nxp/mcuxpressoide_11.7.0_9198/ide/plugins/com.nxp.mcuxpresso.tools.win32_11.7.0.202209140929/tools/bin/../lib/gcc/arm-none-eabi/10.3.1/../../../../arm-none-eabi/lib/thumb/v7e-m+fp/hard\libcr_c.a(_cr_sbrk.o)
                              c:/nxp/mcuxpressoide_11.7.0_9198/ide/plugins/com.nxp.mcuxpresso.tools.win32_11.7.0.202209140929/tools/bin/../lib/gcc/arm-none-eabi/10.3.1/../../../../arm-none-eabi/lib/thumb/v7e-m+fp/hard\libcr_c.a(alloc.o) (_sbrk)
c:/nxp/mcuxpressoide_11.7.0_9198/ide/plugins/com.nxp.mcuxpresso.tools.win32_11.7.0.202209140929/tools/bin/../lib/gcc/arm-none-eabi/10.3.1/../../../../arm-none-eabi/lib/thumb/v7e-m+fp/hard\libcr_c.a(_fdopen.o)
                              c:/nxp/mcuxpressoide_11.7.0_9198/ide/plugins/com.nxp.mcuxpresso.tools.win32_11.7.0.202209140929/tools/bin/../lib/gcc/arm-none-eabi/10.3.1/../../../../arm-none-eabi/lib/thumb/v7e-m+fp/hard\libcr_c.a(initio.o) (_fdopen)
c:/nxp/mcuxpressoide_11.7.0_9198/ide/plugins/com.nxp.mcuxpresso.tools.win32_11.7.0.202209140929/tools/bin/../lib/gcc/arm-none-eabi/10.3.1/../../../../arm-none-eabi/lib/thumb/v7e-m+fp/hard\libcr_c.a(errno.o)
                              c:/nxp/mcuxpressoide_11.7.0_9198/ide/plugins/com.nxp.mcuxpresso.tools.win32_11.7.0.202209140929/tools/bin/../lib/gcc/arm-none-eabi/10.3.1/../../../../arm-none-eabi/lib/thumb/v7e-m+fp/hard\libcr_c.a(_cr_sbrk.o) (errno)
c:/nxp/mcuxpressoide_11.7.0_9198/ide/plugins/com.nxp.mcuxpresso.tools.win32_11.7.0.202209140929/tools/bin/../lib/gcc/arm-none-eabi/10.3.1/../../../../arm-none-eabi/lib/thumb/v7e-m+fp/hard\libcr_c.a(fclose.o)
                              c:/nxp/mcuxpressoide_11.7.0_9198/ide/plugins/com.nxp.mcuxpresso.tools.win32_11.7.0.202209140929/tools/bin/../lib/gcc/arm-none-eabi/10.3.1/../../../../arm-none-eabi/lib/thumb/v7e-m+fp/hard\libcr_c.a(initio.o) (fclose)
c:/nxp/mcuxpressoide_11.7.0_9198/ide/plugins/com.nxp.mcuxpresso.tools.win32_11.7.0.202209140929/tools/bin/../lib/gcc/arm-none-eabi/10.3.1/../../../../arm-none-eabi/lib/thumb/v7e-m+fp/hard\libcr_c.a(fflush.o)
[...]
Memory Configuration

Name             Origin             Length             Attributes
PROGRAM_FLASH    0x00000000         0x00200000         xr
SRAM_UPPER       0x20000000         0x00030000         xrw
SRAM_LOWER       0x1fff0000         0x00010000         xrw
FLEX_RAM         0x14000000         0x00001000         xrw
*default*        0x00000000         0xffffffff

Linker script and memory map

LOAD ./utilities/fsl_assert.o
LOAD ./utilities/fsl_debug_console.o
LOAD ./startup/startup_mk64f12.o
LOAD ./source/sai_interrupt_record_playback.o
LOAD ./source/semihost_hardfault.o
LOAD ./drivers/fsl_clock.o
LOAD ./drivers/fsl_common.o
LOAD ./drivers/fsl_common_arm.o
LOAD ./drivers/fsl_dmamux.o
LOAD ./drivers/fsl_edma.o
LOAD ./drivers/fsl_ftfx_cache.o
LOAD ./drivers/fsl_ftfx_controller.o
LOAD ./drivers/fsl_ftfx_flash.o
LOAD ./drivers/fsl_ftfx_flexnvm.o
LOAD ./drivers/fsl_gpio.o
LOAD ./drivers/fsl_i2c.o
LOAD ./drivers/fsl_sai.o
LOAD ./drivers/fsl_sai_edma.o
LOAD ./drivers/fsl_sdhc.o
LOAD ./drivers/fsl_smc.o
LOAD ./drivers/fsl_sysmpu.o
LOAD ./drivers/fsl_uart.o
LOAD ./device/system_MK64F12.o
LOAD ./component/uart/fsl_adapter_uart.o
LOAD ./component/osa/fsl_os_abstraction_bm.o
LOAD ./component/lists/fsl_component_generic_list.o
LOAD ./component/i2c/fsl_adapter_i2c.o
LOAD ./codec/port/da7212/fsl_codec_da7212_adapter.o
LOAD ./codec/fsl_codec_common.o
LOAD ./codec/fsl_codec_i2c.o
LOAD ./codec/fsl_dialog7212.o
LOAD ./board/board.o
LOAD ./board/clock_config.o
LOAD ./board/pin_mux.o
LOAD ./board/sdmmc_config.o
START GROUP
LOAD c:/nxp/mcuxpressoide_11.7.0_9198/ide/plugins/com.nxp.mcuxpresso.tools.win32_11.7.0.202209140929/tools/bin/../lib/gcc/arm-none-eabi/10.3.1/../../../../arm-none-eabi/lib/thumb/v7e-m+fp/hard\libcr_nohost_nf.a
LOAD c:/nxp/mcuxpressoide_11.7.0_9198/ide/plugins/com.nxp.mcuxpresso.tools.win32_11.7.0.202209140929/tools/bin/../lib/gcc/arm-none-eabi/10.3.1/../../../../arm-none-eabi/lib/thumb/v7e-m+fp/hard\libcr_c.a
LOAD c:/nxp/mcuxpressoide_11.7.0_9198/ide/plugins/com.nxp.mcuxpresso.tools.win32_11.7.0.202209140929/tools/bin/../lib/gcc/arm-none-eabi/10.3.1/thumb/v7e-m+fp/hard\libcr_eabihelpers.a
LOAD c:/nxp/mcuxpressoide_11.7.0_9198/ide/plugins/com.nxp.mcuxpresso.tools.win32_11.7.0.202209140929/tools/bin/../lib/gcc/arm-none-eabi/10.3.1/thumb/v7e-m+fp/hard\libgcc.a
END GROUP
                0x00000000                __base_PROGRAM_FLASH = 0x0
                0x00000000                __base_Flash = 0x0
                0x00200000                __top_PROGRAM_FLASH = 0x200000
                0x00200000                __top_Flash = 0x200000
                0x20000000                __base_SRAM_UPPER = 0x20000000
                0x20000000                __base_RAM = 0x20000000
                0x20030000                __top_SRAM_UPPER = 0x20030000
                0x20030000                __top_RAM = 0x20030000
                0x1fff0000                __base_SRAM_LOWER = 0x1fff0000
                0x1fff0000                __base_RAM2 = 0x1fff0000
                0x20000000                __top_SRAM_LOWER = 0x20000000
                0x20000000                __top_RAM2 = 0x20000000
                0x14000000                __base_FLEX_RAM = 0x14000000
                0x14000000                __base_RAM3 = 0x14000000
                0x14001000                __top_FLEX_RAM = 0x14001000
                0x14001000                __top_RAM3 = 0x14001000

.text           0x00000000    0x124a8
 FILL mask 0xff
                0x00000000                __vectors_start__ = ABSOLUTE (.)
 *(SORT_BY_ALIGNMENT(.isr_vector))
 .isr_vector    0x00000000      0x198 ./startup/startup_mk64f12.o
                0x00000000                g_pfnVectors
                0x00000000                __Vectors
                0x00000198                . = ALIGN (0x4)
                0x00000198                __section_table_start = .
                0x00000198                __data_section_table = .
                0x00000198        0x4 LONG 0x124a8 LOADADDR (.data)
                0x0000019c        0x4 LONG 0x20000000 ADDR (.data)
                0x000001a0        0x4 LONG 0x40 SIZEOF (.data)
                0x000001a4        0x4 LONG 0x124a8 LOADADDR (.data_RAM2)
                0x000001a8        0x4 LONG 0x1fff0000 ADDR (.data_RAM2)
                0x000001ac        0x4 LONG 0x0 SIZEOF (.data_RAM2)
                0x000001b0        0x4 LONG 0x124a8 LOADADDR (.data_RAM3)
                0x000001b4        0x4 LONG 0x14000000 ADDR (.data_RAM3)
                0x000001b8        0x4 LONG 0x0 SIZEOF (.data_RAM3)
                0x000001bc                __data_section_table_end = .
                0x000001bc                __bss_section_table = .
                0x000001bc        0x4 LONG 0x20000040 ADDR (.bss)
                0x000001c0        0x4 LONG 0x218 SIZEOF (.bss)
                0x000001c4        0x4 LONG 0x1fff0000 ADDR (.bss_RAM2)
                0x000001c8        0x4 LONG 0x0 SIZEOF (.bss_RAM2)
                0x000001cc        0x4 LONG 0x14000000 ADDR (.bss_RAM3)
                0x000001d0        0x4 LONG 0x0 SIZEOF (.bss_RAM3)
                0x000001d4                __bss_section_table_end = .
                0x000001d4                __section_table_end = .
 *(SORT_BY_ALIGNMENT(.after_vectors*))
 .after_vectors.reset
                0x000001d4       0x4c ./startup/startup_mk64f12.o
                0x000001d4                ResetISR
 .after_vectors.init_data
                0x00000220       0x1e ./startup/startup_mk64f12.o
                0x00000220                data_init
 .after_vectors.init_bss
                0x0000023e       0x12 ./startup/startup_mk64f12.o
                0x0000023e                bss_init
 .after_vectors
                0x00000250       0x14 ./startup/startup_mk64f12.o
                0x00000250                NMI_Handler
                0x00000254                MemManage_Handler
                0x00000256                BusFault_Handler
                0x00000258                UsageFault_Handler
                0x0000025a                SVC_Handler
                0x0000025c                DebugMon_Handler
                0x0000025e                PendSV_Handler
                0x00000260                SysTick_Handler
                0x00000262                FTM1_DriverIRQHandler
                0x00000262                FTM2_DriverIRQHandler
                0x00000262                PIT2_DriverIRQHandler
                0x00000262                RTC_Seconds_DriverIRQHandler
                0x00000262                LLWU_DriverIRQHandler
                0x00000262                MCM_DriverIRQHandler
                0x00000262                MCG_DriverIRQHandler
                0x00000262                ENET_1588_Timer_DriverIRQHandler
                0x00000262                DAC1_DriverIRQHandler
                0x00000262                DMA_Error_DriverIRQHandler
                0x00000262                CMP1_DriverIRQHandler
                0x00000262                FTM0_DriverIRQHandler
                0x00000262                IntDefaultHandler
                0x00000262                USB0_DriverIRQHandler
                0x00000262                UART5_ERR_DriverIRQHandler
                0x00000262                PORTC_DriverIRQHandler
                0x00000262                DAC0_DriverIRQHandler
                0x00000262                CMP2_DriverIRQHandler
                0x00000262                UART2_ERR_DriverIRQHandler
                0x00000262                SPI2_DriverIRQHandler
                0x00000262                LPTMR0_DriverIRQHandler
                0x00000262                PIT0_DriverIRQHandler
                0x00000262                RNG_DriverIRQHandler
                0x00000262                USBDCD_DriverIRQHandler
                0x00000262                UART3_ERR_DriverIRQHandler
                0x00000262                UART0_ERR_DriverIRQHandler
                0x00000262                CMT_DriverIRQHandler
                0x00000262                Reserved71_DriverIRQHandler
                0x00000262                ADC1_DriverIRQHandler
                0x00000262                PORTA_DriverIRQHandler
                0x00000262                PIT3_DriverIRQHandler
                0x00000262                PIT1_DriverIRQHandler
                0x00000262                WDOG_EWM_DriverIRQHandler
                0x00000262                PDB0_DriverIRQHandler
                0x00000262                RTC_DriverIRQHandler
                0x00000262                Read_Collision_DriverIRQHandler
                0x00000262                SWI_DriverIRQHandler
                0x00000262                UART4_ERR_DriverIRQHandler
                0x00000262                SPI1_DriverIRQHandler
                0x00000262                UART0_LON_DriverIRQHandler
                0x00000262                PORTB_DriverIRQHandler
                0x00000262                ENET_Receive_DriverIRQHandler
                0x00000262                ENET_Error_DriverIRQHandler
                0x00000262                SPI0_DriverIRQHandler
                0x00000262                ADC0_DriverIRQHandler
                0x00000262                CMP0_DriverIRQHandler
                0x00000262                CAN0_DriverIRQHandler
                0x00000262                FTM3_DriverIRQHandler
                0x00000262                LVD_LVW_DriverIRQHandler
                0x00000262                UART1_ERR_DriverIRQHandler
                0x00000262                ENET_Transmit_DriverIRQHandler
                0x00000262                PORTD_DriverIRQHandler
                0x00000262                PORTE_DriverIRQHandler
                0x00000262                FTFE_DriverIRQHandler
                0x00000400                . = 0x400
 *fill*         0x00000264      0x19c ff
                0x00000400                PROVIDE (__FLASH_CONFIG_START__ = .)
 *(SORT_BY_ALIGNMENT(.FlashConfig))
 .FlashConfig   0x00000400       0x10 ./startup/startup_mk64f12.o
                0x00000400                Flash_Config
                0x00000410                PROVIDE (__FLASH_CONFIG_END__ = .)
                0x00000001                ASSERT (! ((__FLASH_CONFIG_START__ == __FLASH_CONFIG_END__)), Linker Flash Config Support Enabled, but no .FlashConfig section provided within application)
 *(SORT_BY_ALIGNMENT(.text*))
 .text.__assertion_failed
                0x00000410       0x18 ./utilities/fsl_assert.o
                0x00000410                __assertion_failed
 .text.DbgConsole_Init
                0x00000428       0x74 ./utilities/fsl_debug_console.o
                0x00000428                DbgConsole_Init
 .text.DbgConsole_Vprintf
                0x0000049c       0x3c ./utilities/fsl_debug_console.o
                0x0000049c                DbgConsole_Vprintf
 .text.DbgConsole_Putchar
                0x000004d8       0x30 ./utilities/fsl_debug_console.o
                0x000004d8                DbgConsole_Putchar
 .text.DbgConsole_PrintfFormattedData
                0x00000508      0x3e0 ./utilities/fsl_debug_console.o
 .text.BOARD_MasterClockConfig
                0x000008e8       0x34 ./source/sai_interrupt_record_playback.o
                0x000008e8                BOARD_MasterClockConfig
 .text.BOARD_SAI_RXConfig
                0x0000091c       0x3c ./source/sai_interrupt_record_playback.o
                0x0000091c                BOARD_SAI_RXConfig
 .text.callback
                0x00000958       0x24 ./source/sai_interrupt_record_playback.o
 .text.DelayMS  0x0000097c       0x38 ./source/sai_interrupt_record_playback.o
                0x0000097c                DelayMS
 .text.main     0x000009b4      0x108 ./source/sai_interrupt_record_playback.o
                0x000009b4                main
 .text.CLOCK_SetEr32kClock
                0x00000abc       0x30 ./drivers/fsl_clock.o
 .text.CLOCK_SetPllFllSelClock
                0x00000aec       0x38 ./drivers/fsl_clock.o
 .text.CLOCK_GetMcgExtClkFreq
                0x00000b24       0x7c ./drivers/fsl_clock.o
 .text.CLOCK_GetFllExtRefClkFreq
                0x00000ba0       0xb0 ./drivers/fsl_clock.o
 .text.CLOCK_GetInternalRefClkSelectFreq
                0x00000c50       0x4c ./drivers/fsl_clock.o
 .text.CLOCK_GetFllRefClkFreq
                0x00000c9c       0x34 ./drivers/fsl_clock.o
 .text.CLOCK_GetOscRangeFromFreq
                0x00000cd0       0x3c ./drivers/fsl_clock.o
 .text.CLOCK_GetOsc0ErClkFreq
                0x00000d0c       0x44 ./drivers/fsl_clock.o
                0x00000d0c                CLOCK_GetOsc0ErClkFreq
 .text.CLOCK_GetEr32kClkFreq
                0x00000d50       0x74 ./drivers/fsl_clock.o
                0x00000d50                CLOCK_GetEr32kClkFreq
 .text.CLOCK_GetPllFllSelClkFreq
                0x00000dc4       0x54 ./drivers/fsl_clock.o
                0x00000dc4                CLOCK_GetPllFllSelClkFreq
 .text.CLOCK_GetCoreSysClkFreq
                0x00000e18       0x28 ./drivers/fsl_clock.o
                0x00000e18                CLOCK_GetCoreSysClkFreq
 .text.CLOCK_GetFreq
                0x00000e40      0x140 ./drivers/fsl_clock.o
                0x00000e40                CLOCK_GetFreq
 .text.CLOCK_SetSimConfig
                0x00000f80       0x34 ./drivers/fsl_clock.o
                0x00000f80                CLOCK_SetSimConfig
 .text.CLOCK_GetOutClkFreq
                0x00000fb4       0x64 ./drivers/fsl_clock.o
                0x00000fb4                CLOCK_GetOutClkFreq
 .text.CLOCK_GetFllFreq
                0x00001018       0x84 ./drivers/fsl_clock.o
                0x00001018                CLOCK_GetFllFreq
 .text.CLOCK_GetInternalRefClkFreq
                0x0000109c       0x30 ./drivers/fsl_clock.o
                0x0000109c                CLOCK_GetInternalRefClkFreq
 .text.CLOCK_GetPll0Freq
                0x000010cc       0x78 ./drivers/fsl_clock.o
                0x000010cc                CLOCK_GetPll0Freq
 .text.CLOCK_SetExternalRefClkConfig
                0x00001144       0x6c ./drivers/fsl_clock.o
                0x00001144                CLOCK_SetExternalRefClkConfig
 .text.CLOCK_SetInternalRefClkConfig
                0x000011b0      0x104 ./drivers/fsl_clock.o
                0x000011b0                CLOCK_SetInternalRefClkConfig
 .text.CLOCK_EnablePll0
                0x000012b4       0x88 ./drivers/fsl_clock.o
                0x000012b4                CLOCK_EnablePll0
 .text.CLOCK_InitOsc0
                0x0000133c       0x8c ./drivers/fsl_clock.o
                0x0000133c                CLOCK_InitOsc0
 .text.CLOCK_SetPbeMode
                0x000013c8       0xa8 ./drivers/fsl_clock.o
                0x000013c8                CLOCK_SetPbeMode
 .text.CLOCK_BootToPeeMode
                0x00001470       0x64 ./drivers/fsl_clock.o
                0x00001470                CLOCK_BootToPeeMode
 .text.SDK_DelayAtLeastUs
                0x000014d4       0x8c ./drivers/fsl_common_arm.o
                0x000014d4                SDK_DelayAtLeastUs
 .text.EDMA_HandleIRQ
                0x00001560      0x1b0 ./drivers/fsl_edma.o
                0x00001560                EDMA_HandleIRQ
 .text.DMA0_DriverIRQHandler
                0x00001710       0x1c ./drivers/fsl_edma.o
                0x00001710                DMA0_DriverIRQHandler
 .text.DMA1_DriverIRQHandler
                0x0000172c       0x1c ./drivers/fsl_edma.o
                0x0000172c                DMA1_DriverIRQHandler
 .text.DMA2_DriverIRQHandler
                0x00001748       0x1c ./drivers/fsl_edma.o
                0x00001748                DMA2_DriverIRQHandler
 .text.DMA3_DriverIRQHandler
                0x00001764       0x1c ./drivers/fsl_edma.o
                0x00001764                DMA3_DriverIRQHandler
 .text.DMA4_DriverIRQHandler
                0x00001780       0x1c ./drivers/fsl_edma.o
                0x00001780                DMA4_DriverIRQHandler
 .text.DMA5_DriverIRQHandler
                0x0000179c       0x1c ./drivers/fsl_edma.o
                0x0000179c                DMA5_DriverIRQHandler
 .text.DMA6_DriverIRQHandler
                0x000017b8       0x1c ./drivers/fsl_edma.o
                0x000017b8                DMA6_DriverIRQHandler
 .text.DMA7_DriverIRQHandler
                0x000017d4       0x1c ./drivers/fsl_edma.o
                0x000017d4                DMA7_DriverIRQHandler
 .text.DMA8_DriverIRQHandler
                0x000017f0       0x1c ./drivers/fsl_edma.o
                0x000017f0                DMA8_DriverIRQHandler
 .text.DMA9_DriverIRQHandler
                0x0000180c       0x1c ./drivers/fsl_edma.o
                0x0000180c                DMA9_DriverIRQHandler
 .text.DMA10_DriverIRQHandler
                0x00001828       0x1c ./drivers/fsl_edma.o
                0x00001828                DMA10_DriverIRQHandler
 .text.DMA11_DriverIRQHandler
                0x00001844       0x1c ./drivers/fsl_edma.o
                0x00001844                DMA11_DriverIRQHandler
 .text.DMA12_DriverIRQHandler
                0x00001860       0x1c ./drivers/fsl_edma.o
                0x00001860                DMA12_DriverIRQHandler
 .text.DMA13_DriverIRQHandler
                0x0000187c       0x1c ./drivers/fsl_edma.o
                0x0000187c                DMA13_DriverIRQHandler
 .text.DMA14_DriverIRQHandler
                0x00001898       0x1c ./drivers/fsl_edma.o
                0x00001898                DMA14_DriverIRQHandler
 .text.DMA15_DriverIRQHandler
                0x000018b4       0x1c ./drivers/fsl_edma.o
                0x000018b4                DMA15_DriverIRQHandler
 .text.I2C_GetInstance
                0x000018d0       0x4c ./drivers/fsl_i2c.o
                0x000018d0                I2C_GetInstance
 .text.I2C_TransferCommonIRQHandler
                0x0000191c       0x58 ./drivers/fsl_i2c.o
 .text.I2C_MasterInit
                0x00001974       0xe4 ./drivers/fsl_i2c.o
                0x00001974                I2C_MasterInit
 .text.I2C_MasterGetDefaultConfig
                0x00001a58       0x48 ./drivers/fsl_i2c.o
                0x00001a58                I2C_MasterGetDefaultConfig
 .text.I2C_MasterSetBaudRate
                0x00001aa0       0xe8 ./drivers/fsl_i2c.o
                0x00001aa0                I2C_MasterSetBaudRate
 .text.I2C_MasterTransferBlocking
                0x00001b88      0x24c ./drivers/fsl_i2c.o
                0x00001b88                I2C_MasterTransferBlocking
 .text.I2C0_DriverIRQHandler
                0x00001dd4       0x1c ./drivers/fsl_i2c.o
                0x00001dd4                I2C0_DriverIRQHandler
 .text.I2C1_DriverIRQHandler
                0x00001df0       0x1c ./drivers/fsl_i2c.o
                0x00001df0                I2C1_DriverIRQHandler
 .text.I2C2_DriverIRQHandler
                0x00001e0c       0x1c ./drivers/fsl_i2c.o
                0x00001e0c                I2C2_DriverIRQHandler
 .text.__NVIC_EnableIRQ
                0x00001e28       0x3c ./drivers/fsl_sai.o
 .text.SAI_SetMasterClockDivider
                0x00001e64      0x120 ./drivers/fsl_sai.o
 .text.SAI_GetInstance
                0x00001f84       0x44 ./drivers/fsl_sai.o
 .text.SAI_GetCommonConfig
                0x00001fc8       0xb4 ./drivers/fsl_sai.o
 .text.SAI_Init
                0x0000207c       0x48 ./drivers/fsl_sai.o
                0x0000207c                SAI_Init
 .text.SAI_TxSetBitClockRate
                0x000020c4       0x88 ./drivers/fsl_sai.o
                0x000020c4                SAI_TxSetBitClockRate
 .text.SAI_RxSetBitClockRate
                0x0000214c       0x8c ./drivers/fsl_sai.o
                0x0000214c                SAI_RxSetBitClockRate
 .text.SAI_TxSetBitclockConfig
                0x000021d8       0x98 ./drivers/fsl_sai.o
                0x000021d8                SAI_TxSetBitclockConfig
 .text.SAI_RxSetBitclockConfig
                0x00002270       0x9c ./drivers/fsl_sai.o
                0x00002270                SAI_RxSetBitclockConfig
 .text.SAI_SetMasterClockConfig
                0x0000230c       0x80 ./drivers/fsl_sai.o
                0x0000230c                SAI_SetMasterClockConfig
 .text.SAI_TxSetFifoConfig
                0x0000238c       0x58 ./drivers/fsl_sai.o
                0x0000238c                SAI_TxSetFifoConfig
 .text.SAI_RxSetFifoConfig
                0x000023e4       0x60 ./drivers/fsl_sai.o
                0x000023e4                SAI_RxSetFifoConfig
 .text.SAI_TxSetFrameSyncConfig
                0x00002444       0x90 ./drivers/fsl_sai.o
                0x00002444                SAI_TxSetFrameSyncConfig
 .text.SAI_RxSetFrameSyncConfig
                0x000024d4       0x94 ./drivers/fsl_sai.o
                0x000024d4                SAI_RxSetFrameSyncConfig
 .text.SAI_TxSetSerialDataConfig
                0x00002568       0x8c ./drivers/fsl_sai.o
                0x00002568                SAI_TxSetSerialDataConfig
 .text.SAI_RxSetSerialDataConfig
                0x000025f4       0x94 ./drivers/fsl_sai.o
                0x000025f4                SAI_RxSetSerialDataConfig
 .text.SAI_TxSetConfig
                0x00002688      0x15c ./drivers/fsl_sai.o
                0x00002688                SAI_TxSetConfig
 .text.SAI_TransferTxSetConfig
                0x000027e4       0x80 ./drivers/fsl_sai.o
                0x000027e4                SAI_TransferTxSetConfig
 .text.SAI_RxSetConfig
                0x00002864      0x168 ./drivers/fsl_sai.o
                0x00002864                SAI_RxSetConfig
 .text.SAI_TransferTxCreateHandle
                0x000029cc       0x74 ./drivers/fsl_sai.o
                0x000029cc                SAI_TransferTxCreateHandle
 .text.SAI_TransferSendNonBlocking
                0x00002a40       0xc8 ./drivers/fsl_sai.o
                0x00002a40                SAI_TransferSendNonBlocking
 .text.SAI_TransferAbortSend
                0x00002b08       0x58 ./drivers/fsl_sai.o
                0x00002b08                SAI_TransferAbortSend
 .text.SAI_TransferTxHandleIRQ
                0x00002b60      0x1c4 ./drivers/fsl_sai.o
                0x00002b60                SAI_TransferTxHandleIRQ
 .text.I2S0_Tx_DriverIRQHandler
                0x00002d24       0x3c ./drivers/fsl_sai.o
                0x00002d24                I2S0_Tx_DriverIRQHandler
 .text.I2S0_Rx_DriverIRQHandler
                0x00002d60       0x3c ./drivers/fsl_sai.o
                0x00002d60                I2S0_Rx_DriverIRQHandler
 .text.SDHC_DriverIRQHandler
                0x00002d9c       0x3c ./drivers/fsl_sdhc.o
                0x00002d9c                SDHC_DriverIRQHandler
 .text.UART_GetInstance
                0x00002dd8       0x54 ./drivers/fsl_uart.o
                0x00002dd8                UART_GetInstance
 .text.UART_Init
                0x00002e2c      0x17c ./drivers/fsl_uart.o
                0x00002e2c                UART_Init
 .text.UART_GetDefaultConfig
                0x00002fa8       0x4c ./drivers/fsl_uart.o
                0x00002fa8                UART_GetDefaultConfig
 .text.UART_ReadBlocking
                0x00002ff4      0x100 ./drivers/fsl_uart.o
                0x00002ff4                UART_ReadBlocking
 .text.UART0_DriverIRQHandler
                0x000030f4       0x28 ./drivers/fsl_uart.o
                0x000030f4                UART0_DriverIRQHandler
 .text.UART1_DriverIRQHandler
                0x0000311c       0x28 ./drivers/fsl_uart.o
                0x0000311c                UART1_DriverIRQHandler
 .text.UART2_DriverIRQHandler
                0x00003144       0x28 ./drivers/fsl_uart.o
                0x00003144                UART2_DriverIRQHandler
 .text.UART3_DriverIRQHandler
                0x0000316c       0x28 ./drivers/fsl_uart.o
                0x0000316c                UART3_DriverIRQHandler
 .text.UART4_DriverIRQHandler
                0x00003194       0x28 ./drivers/fsl_uart.o
                0x00003194                UART4_DriverIRQHandler
 .text.UART5_DriverIRQHandler
                0x000031bc       0x28 ./drivers/fsl_uart.o
                0x000031bc                UART5_DriverIRQHandler
 .text.SystemInit
                0x000031e4       0x3c ./device/system_MK64F12.o
                0x000031e4                SystemInit
 .text.HAL_UartInit
                0x00003220       0xec ./component/uart/fsl_adapter_uart.o
                0x00003220                HAL_UartInit
 .text.HAL_UartReceiveBlocking
                0x0000330c       0x6c ./component/uart/fsl_adapter_uart.o
                0x0000330c                HAL_UartReceiveBlocking
 .text.HAL_UartSendBlocking
                0x00003378       0x64 ./component/uart/fsl_adapter_uart.o
                0x00003378                HAL_UartSendBlocking
 .text.HAL_I2cGetStatus
                0x000033dc       0x9c ./component/i2c/fsl_adapter_i2c.o
 .text.HAL_I2cMasterInit
                0x00003478       0x78 ./component/i2c/fsl_adapter_i2c.o
                0x00003478                HAL_I2cMasterInit
 .text.HAL_I2cMasterTransferBlocking
                0x000034f0       0x94 ./component/i2c/fsl_adapter_i2c.o
                0x000034f0                HAL_I2cMasterTransferBlocking
 .text.HAL_CODEC_DA7212_Init
                0x00003584       0x4c ./codec/port/da7212/fsl_codec_da7212_adapter.o
                0x00003584                HAL_CODEC_DA7212_Init
 .text.HAL_CODEC_DA7212_SetVolume
                0x000035d0       0x80 ./codec/port/da7212/fsl_codec_da7212_adapter.o
                0x000035d0                HAL_CODEC_DA7212_SetVolume
 .text.CODEC_Init
                0x00003650       0x38 ./codec/fsl_codec_common.o
                0x00003650                CODEC_Init
 .text.CODEC_SetVolume
                0x00003688       0x74 ./codec/fsl_codec_common.o
                0x00003688                CODEC_SetVolume
 .text.DA7212_WriteRegister
                0x000036fc       0x60 ./codec/fsl_dialog7212.o
                0x000036fc                DA7212_WriteRegister
 .text.DA7212_ReadRegister
                0x0000375c       0x58 ./codec/fsl_dialog7212.o
                0x0000375c                DA7212_ReadRegister
 .text.DA7212_Init
                0x000037b4      0x170 ./codec/fsl_dialog7212.o
                0x000037b4                DA7212_Init
 .text.DA7212_SetPLLConfig
                0x00003924      0x1e4 ./codec/fsl_dialog7212.o
                0x00003924                DA7212_SetPLLConfig
 .text.DA7212_ConfigAudioFormat
                0x00003b08      0x230 ./codec/fsl_dialog7212.o
                0x00003b08                DA7212_ConfigAudioFormat
 .text.DA7212_SetMasterModeBits
                0x00003d38       0x6c ./codec/fsl_dialog7212.o
                0x00003d38                DA7212_SetMasterModeBits
 .text.CLOCK_SetSimSafeDivs
                0x00003da4       0x20 ./board/clock_config.o
 .text.CLOCK_SetXtal0Freq
                0x00003dc4       0x20 ./board/clock_config.o
 .text.CLOCK_CONFIG_SetFllExtRefDiv
                0x00003de4       0x3c ./board/clock_config.o
 .text.BOARD_BootClockRUN
                0x00003e20       0x60 ./board/clock_config.o
                0x00003e20                BOARD_BootClockRUN
 .text.PORT_SetPinConfig
                0x00003e80       0x38 ./board/pin_mux.o
 .text.BOARD_InitPins
                0x00003eb8      0x2d0 ./board/pin_mux.o
                0x00003eb8                BOARD_InitPins
 .text._initio  0x00004188       0x78 c:/nxp/mcuxpressoide_11.7.0_9198/ide/plugins/com.nxp.mcuxpresso.tools.win32_11.7.0.202209140929/tools/bin/../lib/gcc/arm-none-eabi/10.3.1/../../../../arm-none-eabi/lib/thumb/v7e-m+fp/hard\libcr_c.a(initio.o)
                0x00004188                _initio
 .text.fflush   0x00004200       0x3c c:/nxp/mcuxpressoide_11.7.0_9198/ide/plugins/com.nxp.mcuxpresso.tools.win32_11.7.0.202209140929/tools/bin/../lib/gcc/arm-none-eabi/10.3.1/../../../../arm-none-eabi/lib/thumb/v7e-m+fp/hard\libcr_c.a(fflush.o)
                0x00004200                fflush
 .text.fseek    0x0000423c       0xfc c:/nxp/mcuxpressoide_11.7.0_9198/ide/plugins/com.nxp.mcuxpresso.tools.win32_11.7.0.202209140929/tools/bin/../lib/gcc/arm-none-eabi/10.3.1/../../../../arm-none-eabi/lib/thumb/v7e-m+fp/hard\libcr_c.a(fseek.o)
                0x0000423c                fseek
 .text.ftell    0x00004338       0x44 c:/nxp/mcuxpressoide_11.7.0_9198/ide/plugins/com.nxp.mcuxpresso.tools.win32_11.7.0.202209140929/tools/bin/../lib/gcc/arm-none-eabi/10.3.1/../../../../arm-none-eabi/lib/thumb/v7e-m+fp/hard\libcr_c.a(ftell.o)
                0x00004338                ftell
 .text._Cwritebuf
                0x0000437c       0x6c c:/nxp/mcuxpressoide_11.7.0_9198/ide/plugins/com.nxp.mcuxpresso.tools.win32_11.7.0.202209140929/tools/bin/../lib/gcc/arm-none-eabi/10.3.1/../../../../arm-none-eabi/lib/thumb/v7e-m+fp/hard\libcr_c.a(_writebuf.o)
                0x0000437c                _Cwritebuf
 .text.DbgConsole_Printf
                0x000043e8       0x2c ./utilities/fsl_debug_console.o
                0x000043e8                DbgConsole_Printf
 .text.DbgConsole_PrintfPaddingCharacter
                0x00004414       0x40 ./utilities/fsl_debug_console.o
 .text.DbgConsole_ConvertRadixNumToString
                0x00004454       0xc2 ./utilities/fsl_debug_console.o
 .text.DMA0_IRQHandler
                0x00004516        0x8 ./startup/startup_mk64f12.o
                0x00004516                DMA0_IRQHandler
 .text.DMA1_IRQHandler
                0x0000451e        0x8 ./startup/startup_mk64f12.o
                0x0000451e                DMA1_IRQHandler
 .text.DMA2_IRQHandler
                0x00004526        0x8 ./startup/startup_mk64f12.o
                0x00004526                DMA2_IRQHandler
 .text.DMA3_IRQHandler
                0x0000452e        0x8 ./startup/startup_mk64f12.o
                0x0000452e                DMA3_IRQHandler
 .text.DMA4_IRQHandler
                0x00004536        0x8 ./startup/startup_mk64f12.o
                0x00004536                DMA4_IRQHandler
 .text.DMA5_IRQHandler
                0x0000453e        0x8 ./startup/startup_mk64f12.o
                0x0000453e                DMA5_IRQHandler
 .text.DMA6_IRQHandler
                0x00004546        0x8 ./startup/startup_mk64f12.o
                0x00004546                DMA6_IRQHandler
 .text.DMA7_IRQHandler
                0x0000454e        0x8 ./startup/startup_mk64f12.o
                0x0000454e                DMA7_IRQHandler
 .text.DMA8_IRQHandler
                0x00004556        0x8 ./startup/startup_mk64f12.o
                0x00004556                DMA8_IRQHandler
 .text.DMA9_IRQHandler
                0x0000455e        0x8 ./startup/startup_mk64f12.o
                0x0000455e                DMA9_IRQHandler
 .text.DMA10_IRQHandler
                0x00004566        0x8 ./startup/startup_mk64f12.o
                0x00004566                DMA10_IRQHandler
 .text.DMA11_IRQHandler
                0x0000456e        0x8 ./startup/startup_mk64f12.o
                0x0000456e                DMA11_IRQHandler
 .text.DMA12_IRQHandler
                0x00004576        0x8 ./startup/startup_mk64f12.o
                0x00004576                DMA12_IRQHandler
 .text.DMA13_IRQHandler
                0x0000457e        0x8 ./startup/startup_mk64f12.o
                0x0000457e                DMA13_IRQHandler
 .text.DMA14_IRQHandler
                0x00004586        0x8 ./startup/startup_mk64f12.o
                0x00004586                DMA14_IRQHandler
 .text.DMA15_IRQHandler
                0x0000458e        0x8 ./startup/startup_mk64f12.o
                0x0000458e                DMA15_IRQHandler
 .text.DMA_Error_IRQHandler
                0x00004596        0x8 ./startup/startup_mk64f12.o
                0x00004596                DMA_Error_IRQHandler
 .text.MCM_IRQHandler
                0x0000459e        0x8 ./startup/startup_mk64f12.o
                0x0000459e                MCM_IRQHandler
 .text.FTFE_IRQHandler
                0x000045a6        0x8 ./startup/startup_mk64f12.o
                0x000045a6                FTFE_IRQHandler
 .text.Read_Collision_IRQHandler
                0x000045ae        0x8 ./startup/startup_mk64f12.o
                0x000045ae                Read_Collision_IRQHandler
 .text.LVD_LVW_IRQHandler
                0x000045b6        0x8 ./startup/startup_mk64f12.o
                0x000045b6                LVD_LVW_IRQHandler
 .text.LLWU_IRQHandler
                0x000045be        0x8 ./startup/startup_mk64f12.o
                0x000045be                LLWU_IRQHandler
 .text.WDOG_EWM_IRQHandler
                0x000045c6        0x8 ./startup/startup_mk64f12.o
                0x000045c6                WDOG_EWM_IRQHandler
 .text.RNG_IRQHandler
                0x000045ce        0x8 ./startup/startup_mk64f12.o
                0x000045ce                RNG_IRQHandler
 .text.I2C0_IRQHandler
                0x000045d6        0x8 ./startup/startup_mk64f12.o
                0x000045d6                I2C0_IRQHandler
 .text.I2C1_IRQHandler
                0x000045de        0x8 ./startup/startup_mk64f12.o
                0x000045de                I2C1_IRQHandler
 .text.SPI0_IRQHandler
                0x000045e6        0x8 ./startup/startup_mk64f12.o
                0x000045e6                SPI0_IRQHandler
 .text.SPI1_IRQHandler
                0x000045ee        0x8 ./startup/startup_mk64f12.o
                0x000045ee                SPI1_IRQHandler
 .text.I2S0_Tx_IRQHandler
                0x000045f6        0x8 ./startup/startup_mk64f12.o
                0x000045f6                I2S0_Tx_IRQHandler
 .text.I2S0_Rx_IRQHandler
                0x000045fe        0x8 ./startup/startup_mk64f12.o
                0x000045fe                I2S0_Rx_IRQHandler
 .text.UART0_LON_IRQHandler
                0x00004606        0x8 ./startup/startup_mk64f12.o
                0x00004606                UART0_LON_IRQHandler
 .text.UART0_RX_TX_IRQHandler
                0x0000460e        0x8 ./startup/startup_mk64f12.o
                0x0000460e                UART0_RX_TX_IRQHandler
 .text.UART0_ERR_IRQHandler
                0x00004616        0x8 ./startup/startup_mk64f12.o
                0x00004616                UART0_ERR_IRQHandler
 .text.UART1_RX_TX_IRQHandler
                0x0000461e        0x8 ./startup/startup_mk64f12.o
                0x0000461e                UART1_RX_TX_IRQHandler
 .text.UART1_ERR_IRQHandler
                0x00004626        0x8 ./startup/startup_mk64f12.o
                0x00004626                UART1_ERR_IRQHandler
 .text.UART2_RX_TX_IRQHandler
                0x0000462e        0x8 ./startup/startup_mk64f12.o
                0x0000462e                UART2_RX_TX_IRQHandler
 .text.UART2_ERR_IRQHandler
                0x00004636        0x8 ./startup/startup_mk64f12.o
                0x00004636                UART2_ERR_IRQHandler
 .text.UART3_RX_TX_IRQHandler
                0x0000463e        0x8 ./startup/startup_mk64f12.o
                0x0000463e                UART3_RX_TX_IRQHandler
 .text.UART3_ERR_IRQHandler
                0x00004646        0x8 ./startup/startup_mk64f12.o
                0x00004646                UART3_ERR_IRQHandler
 .text.ADC0_IRQHandler
                0x0000464e        0x8 ./startup/startup_mk64f12.o
                0x0000464e                ADC0_IRQHandler
 .text.CMP0_IRQHandler
                0x00004656        0x8 ./startup/startup_mk64f12.o
                0x00004656                CMP0_IRQHandler
 .text.CMP1_IRQHandler
                0x0000465e        0x8 ./startup/startup_mk64f12.o
                0x0000465e                CMP1_IRQHandler
 .text.FTM0_IRQHandler
                0x00004666        0x8 ./startup/startup_mk64f12.o
                0x00004666                FTM0_IRQHandler
 .text.FTM1_IRQHandler
                0x0000466e        0x8 ./startup/startup_mk64f12.o
                0x0000466e                FTM1_IRQHandler
 .text.FTM2_IRQHandler
                0x00004676        0x8 ./startup/startup_mk64f12.o
                0x00004676                FTM2_IRQHandler
 .text.CMT_IRQHandler
                0x0000467e        0x8 ./startup/startup_mk64f12.o
                0x0000467e                CMT_IRQHandler
 .text.RTC_IRQHandler
                0x00004686        0x8 ./startup/startup_mk64f12.o
                0x00004686                RTC_IRQHandler
 .text.RTC_Seconds_IRQHandler
                0x0000468e        0x8 ./startup/startup_mk64f12.o
                0x0000468e                RTC_Seconds_IRQHandler
 .text.PIT0_IRQHandler
                0x00004696        0x8 ./startup/startup_mk64f12.o
                0x00004696                PIT0_IRQHandler
 .text.PIT1_IRQHandler
                0x0000469e        0x8 ./startup/startup_mk64f12.o
                0x0000469e                PIT1_IRQHandler
 .text.PIT2_IRQHandler
                0x000046a6        0x8 ./startup/startup_mk64f12.o
                0x000046a6                PIT2_IRQHandler
 .text.PIT3_IRQHandler
                0x000046ae        0x8 ./startup/startup_mk64f12.o
                0x000046ae                PIT3_IRQHandler
 .text.PDB0_IRQHandler
                0x000046b6        0x8 ./startup/startup_mk64f12.o
                0x000046b6                PDB0_IRQHandler
 .text.USB0_IRQHandler
                0x000046be        0x8 ./startup/startup_mk64f12.o
                0x000046be                USB0_IRQHandler
 .text.USBDCD_IRQHandler
                0x000046c6        0x8 ./startup/startup_mk64f12.o
                0x000046c6                USBDCD_IRQHandler
 .text.Reserved71_IRQHandler
                0x000046ce        0x8 ./startup/startup_mk64f12.o
                0x000046ce                Reserved71_IRQHandler
 .text.DAC0_IRQHandler
                0x000046d6        0x8 ./startup/startup_mk64f12.o
                0x000046d6                DAC0_IRQHandler
 .text.MCG_IRQHandler
                0x000046de        0x8 ./startup/startup_mk64f12.o
                0x000046de                MCG_IRQHandler
 .text.LPTMR0_IRQHandler
                0x000046e6        0x8 ./startup/startup_mk64f12.o
                0x000046e6                LPTMR0_IRQHandler
 .text.PORTA_IRQHandler
                0x000046ee        0x8 ./startup/startup_mk64f12.o
                0x000046ee                PORTA_IRQHandler
 .text.PORTB_IRQHandler
                0x000046f6        0x8 ./startup/startup_mk64f12.o
                0x000046f6                PORTB_IRQHandler
 .text.PORTC_IRQHandler
                0x000046fe        0x8 ./startup/startup_mk64f12.o
                0x000046fe                PORTC_IRQHandler
 .text.PORTD_IRQHandler
                0x00004706        0x8 ./startup/startup_mk64f12.o
                0x00004706                PORTD_IRQHandler
 .text.PORTE_IRQHandler
                0x0000470e        0x8 ./startup/startup_mk64f12.o
                0x0000470e                PORTE_IRQHandler
 .text.SWI_IRQHandler
                0x00004716        0x8 ./startup/startup_mk64f12.o
                0x00004716                SWI_IRQHandler
 .text.SPI2_IRQHandler
                0x0000471e        0x8 ./startup/startup_mk64f12.o
                0x0000471e                SPI2_IRQHandler
 .text.UART4_RX_TX_IRQHandler
                0x00004726        0x8 ./startup/startup_mk64f12.o
                0x00004726                UART4_RX_TX_IRQHandler
 .text.UART4_ERR_IRQHandler
                0x0000472e        0x8 ./startup/startup_mk64f12.o
                0x0000472e                UART4_ERR_IRQHandler
 .text.UART5_RX_TX_IRQHandler
                0x00004736        0x8 ./startup/startup_mk64f12.o
                0x00004736                UART5_RX_TX_IRQHandler
 .text.UART5_ERR_IRQHandler
                0x0000473e        0x8 ./startup/startup_mk64f12.o
                0x0000473e                UART5_ERR_IRQHandler
 .text.CMP2_IRQHandler
                0x00004746        0x8 ./startup/startup_mk64f12.o
                0x00004746                CMP2_IRQHandler
 .text.FTM3_IRQHandler
                0x0000474e        0x8 ./startup/startup_mk64f12.o
                0x0000474e                FTM3_IRQHandler
 .text.DAC1_IRQHandler
                0x00004756        0x8 ./startup/startup_mk64f12.o
                0x00004756                DAC1_IRQHandler
 .text.ADC1_IRQHandler
                0x0000475e        0x8 ./startup/startup_mk64f12.o
                0x0000475e                ADC1_IRQHandler
 .text.I2C2_IRQHandler
                0x00004766        0x8 ./startup/startup_mk64f12.o
                0x00004766                I2C2_IRQHandler
 .text.CAN0_ORed_Message_buffer_IRQHandler
                0x0000476e        0x8 ./startup/startup_mk64f12.o
                0x0000476e                CAN0_ORed_Message_buffer_IRQHandler
 .text.CAN0_Bus_Off_IRQHandler
                0x00004776        0x8 ./startup/startup_mk64f12.o
                0x00004776                CAN0_Bus_Off_IRQHandler
 .text.CAN0_Error_IRQHandler
                0x0000477e        0x8 ./startup/startup_mk64f12.o
                0x0000477e                CAN0_Error_IRQHandler
 .text.CAN0_Tx_Warning_IRQHandler
                0x00004786        0x8 ./startup/startup_mk64f12.o
                0x00004786                CAN0_Tx_Warning_IRQHandler
 .text.CAN0_Rx_Warning_IRQHandler
                0x0000478e        0x8 ./startup/startup_mk64f12.o
                0x0000478e                CAN0_Rx_Warning_IRQHandler
 .text.CAN0_Wake_Up_IRQHandler
                0x00004796        0x8 ./startup/startup_mk64f12.o
                0x00004796                CAN0_Wake_Up_IRQHandler
 .text.SDHC_IRQHandler
                0x0000479e        0x8 ./startup/startup_mk64f12.o
                0x0000479e                SDHC_IRQHandler
 .text.ENET_1588_Timer_IRQHandler
                0x000047a6        0x8 ./startup/startup_mk64f12.o
                0x000047a6                ENET_1588_Timer_IRQHandler
 .text.ENET_Transmit_IRQHandler
                0x000047ae        0x8 ./startup/startup_mk64f12.o
                0x000047ae                ENET_Transmit_IRQHandler
 .text.ENET_Receive_IRQHandler
                0x000047b6        0x8 ./startup/startup_mk64f12.o
                0x000047b6                ENET_Receive_IRQHandler
 .text.ENET_Error_IRQHandler
                0x000047be        0x8 ./startup/startup_mk64f12.o
                0x000047be                ENET_Error_IRQHandler
 .text.HardFault_Handler
                0x000047c6       0x2c ./source/semihost_hardfault.o
                0x000047c6                HardFault_Handler
 .text.OSC_SetExtRefClkConfig
                0x000047f2       0x34 ./drivers/fsl_clock.o
 .text.OSC_SetCapLoad
                0x00004826       0x34 ./drivers/fsl_clock.o
 .text.CLOCK_GetPll0RefFreq
                0x0000485a        0xe ./drivers/fsl_clock.o
 .text.CLOCK_GetFixedFreqClkFreq
                0x00004868       0x34 ./drivers/fsl_clock.o
                0x00004868                CLOCK_GetFixedFreqClkFreq
 .text.DelayLoop
                0x0000489c       0x20 ./drivers/fsl_common_arm.o
 .text.CLOCK_EnableClock
                0x000048bc       0x34 ./drivers/fsl_i2c.o
 .text.I2C_MasterClearStatusFlags
                0x000048f0       0x5a ./drivers/fsl_i2c.o
 .text.I2C_CheckAndClearError
                0x0000494a       0x44 ./drivers/fsl_i2c.o
 .text.I2C_MasterStart
                0x0000498e       0x62 ./drivers/fsl_i2c.o
                0x0000498e                I2C_MasterStart
 .text.I2C_MasterRepeatedStart
                0x000049f0       0x9a ./drivers/fsl_i2c.o
                0x000049f0                I2C_MasterRepeatedStart
 .text.I2C_MasterStop
                0x00004a8a       0x3a ./drivers/fsl_i2c.o
                0x00004a8a                I2C_MasterStop
 .text.I2C_MasterGetStatusFlags
                0x00004ac4       0x4a ./drivers/fsl_i2c.o
                0x00004ac4                I2C_MasterGetStatusFlags
 .text.I2C_MasterWriteBlocking
                0x00004b0e       0xdc ./drivers/fsl_i2c.o
                0x00004b0e                I2C_MasterWriteBlocking
 .text.I2C_MasterReadBlocking
                0x00004bea       0xca ./drivers/fsl_i2c.o
                0x00004bea                I2C_MasterReadBlocking
 .text.CLOCK_EnableClock
                0x00004cb4       0x34 ./drivers/fsl_sai.o
 .text.EnableIRQ
                0x00004ce8       0x32 ./drivers/fsl_sai.o
 .text.SAI_TxClearStatusFlags
                0x00004d1a       0x26 ./drivers/fsl_sai.o
 .text.SAI_TxEnableInterrupts
                0x00004d40       0x26 ./drivers/fsl_sai.o
 .text.SAI_TxDisableInterrupts
                0x00004d66       0x28 ./drivers/fsl_sai.o
 .text.SAI_WriteNonBlocking
                0x00004d8e       0xb6 ./drivers/fsl_sai.o
 .text.SAI_TxReset
                0x00004e44       0x46 ./drivers/fsl_sai.o
                0x00004e44                SAI_TxReset
 .text.SAI_RxReset
                0x00004e8a       0x56 ./drivers/fsl_sai.o
                0x00004e8a                SAI_RxReset
 .text.SAI_TxEnable
                0x00004ee0       0x80 ./drivers/fsl_sai.o
                0x00004ee0                SAI_TxEnable
 .text.SAI_TxSoftwareReset
                0x00004f60       0x2e ./drivers/fsl_sai.o
                0x00004f60                SAI_TxSoftwareReset
 .text.SAI_GetClassicI2SConfig
                0x00004f8e       0x26 ./drivers/fsl_sai.o
                0x00004f8e                SAI_GetClassicI2SConfig
 .text.CLOCK_EnableClock
                0x00004fb4       0x34 ./drivers/fsl_uart.o
 .text.UART_GetStatusFlags
                0x00004fe8       0x2c ./drivers/fsl_uart.o
                0x00004fe8                UART_GetStatusFlags
 .text.UART_ClearStatusFlags
                0x00005014       0x60 ./drivers/fsl_uart.o
                0x00005014                UART_ClearStatusFlags
 .text.UART_WriteBlocking
                0x00005074       0x50 ./drivers/fsl_uart.o
                0x00005074                UART_WriteBlocking
 .text.UART0_RX_TX_DriverIRQHandler
                0x000050c4       0x12 ./drivers/fsl_uart.o
                0x000050c4                UART0_RX_TX_DriverIRQHandler
 .text.UART1_RX_TX_DriverIRQHandler
                0x000050d6       0x12 ./drivers/fsl_uart.o
                0x000050d6                UART1_RX_TX_DriverIRQHandler
 .text.UART2_RX_TX_DriverIRQHandler
                0x000050e8       0x12 ./drivers/fsl_uart.o
                0x000050e8                UART2_RX_TX_DriverIRQHandler
 .text.UART3_RX_TX_DriverIRQHandler
                0x000050fa       0x12 ./drivers/fsl_uart.o
                0x000050fa                UART3_RX_TX_DriverIRQHandler
 .text.UART4_RX_TX_DriverIRQHandler
                0x0000510c       0x12 ./drivers/fsl_uart.o
                0x0000510c                UART4_RX_TX_DriverIRQHandler
 .text.UART5_RX_TX_DriverIRQHandler
                0x0000511e       0x12 ./drivers/fsl_uart.o
                0x0000511e                UART5_RX_TX_DriverIRQHandler
 .text.SystemInitHook
                0x00005130        0xe ./device/system_MK64F12.o
                0x00005130                SystemInitHook
 .text.HAL_UartGetStatus
                0x0000513e       0x22 ./component/uart/fsl_adapter_uart.o
 .text.HAL_CODEC_Init
                0x00005160       0x1c ./codec/fsl_codec_common.o
 .text.HAL_CODEC_SetVolume
                0x0000517c       0x20 ./codec/fsl_codec_common.o
 .text.CODEC_I2C_Init
                0x0000519c       0x36 ./codec/fsl_codec_i2c.o
                0x0000519c                CODEC_I2C_Init
 .text.CODEC_I2C_Send
                0x000051d2       0x4e ./codec/fsl_codec_i2c.o
                0x000051d2                CODEC_I2C_Send
 .text.CODEC_I2C_Receive
                0x00005220       0x4e ./codec/fsl_codec_i2c.o
                0x00005220                CODEC_I2C_Receive
 .text.DA7212_ModifyRegister
                0x0000526e       0x66 ./codec/fsl_dialog7212.o
 .text.DA7212_SetChannelVolume
                0x000052d4       0x72 ./codec/fsl_dialog7212.o
                0x000052d4                DA7212_SetChannelVolume
 .text.DA7212_SetChannelMute
                0x00005346       0x72 ./codec/fsl_dialog7212.o
                0x00005346                DA7212_SetChannelMute
 .text.BOARD_InitDebugConsole
                0x000053b8       0x22 ./board/board.o
                0x000053b8                BOARD_InitDebugConsole
 .text.BOARD_InitBootClocks
                0x000053da        0xc ./board/clock_config.o
                0x000053da                BOARD_InitBootClocks
 .text.CLOCK_EnableClock
                0x000053e6       0x34 ./board/pin_mux.o
 .text.PORT_SetPinMux
                0x0000541a       0x3a ./board/pin_mux.o
 .text.BOARD_InitBootPins
                0x00005454        0xc ./board/pin_mux.o
                0x00005454                BOARD_InitBootPins
 .text.__main   0x00005460        0xe c:/nxp/mcuxpressoide_11.7.0_9198/ide/plugins/com.nxp.mcuxpresso.tools.win32_11.7.0.202209140929/tools/bin/../lib/gcc/arm-none-eabi/10.3.1/../../../../arm-none-eabi/lib/thumb/v7e-m+fp/hard\libcr_nohost_nf.a(_cr__main.o)
                0x00005460                __main
 .text.memcpy   0x0000546e        0x4 c:/nxp/mcuxpressoide_11.7.0_9198/ide/plugins/com.nxp.mcuxpresso.tools.win32_11.7.0.202209140929/tools/bin/../lib/gcc/arm-none-eabi/10.3.1/../../../../arm-none-eabi/lib/thumb/v7e-m+fp/hard\libcr_c.a(memcpy.o)
                0x0000546e                memcpy
 .text.memset   0x00005472        0x4 c:/nxp/mcuxpressoide_11.7.0_9198/ide/plugins/com.nxp.mcuxpresso.tools.win32_11.7.0.202209140929/tools/bin/../lib/gcc/arm-none-eabi/10.3.1/../../../../arm-none-eabi/lib/thumb/v7e-m+fp/hard\libcr_c.a(memset.o)
                0x00005472                memset
 .text.free     0x00005476       0x30 c:/nxp/mcuxpressoide_11.7.0_9198/ide/plugins/com.nxp.mcuxpresso.tools.win32_11.7.0.202209140929/tools/bin/../lib/gcc/arm-none-eabi/10.3.1/../../../../arm-none-eabi/lib/thumb/v7e-m+fp/hard\libcr_c.a(alloc.o)
                0x00005476                free
 .text.setvbuf  0x000054a6       0x3e c:/nxp/mcuxpressoide_11.7.0_9198/ide/plugins/com.nxp.mcuxpresso.tools.win32_11.7.0.202209140929/tools/bin/../lib/gcc/arm-none-eabi/10.3.1/../../../../arm-none-eabi/lib/thumb/v7e-m+fp/hard\libcr_c.a(setvbuf.o)
                0x000054a6                setvbuf
 .text.strlen   0x000054e4       0x48 c:/nxp/mcuxpressoide_11.7.0_9198/ide/plugins/com.nxp.mcuxpresso.tools.win32_11.7.0.202209140929/tools/bin/../lib/gcc/arm-none-eabi/10.3.1/../../../../arm-none-eabi/lib/thumb/v7e-m+fp/hard\libcr_c.a(strlen.o)
                0x000054e4                strlen
 .text._fdopen  0x0000552c       0x68 c:/nxp/mcuxpressoide_11.7.0_9198/ide/plugins/com.nxp.mcuxpresso.tools.win32_11.7.0.202209140929/tools/bin/../lib/gcc/arm-none-eabi/10.3.1/../../../../arm-none-eabi/lib/thumb/v7e-m+fp/hard\libcr_c.a(_fdopen.o)
                0x0000552c                _fdopen
 .text.fclose   0x00005594       0x58 c:/nxp/mcuxpressoide_11.7.0_9198/ide/plugins/com.nxp.mcuxpresso.tools.win32_11.7.0.202209140929/tools/bin/../lib/gcc/arm-none-eabi/10.3.1/../../../../arm-none-eabi/lib/thumb/v7e-m+fp/hard\libcr_c.a(fclose.o)
                0x00005594                fclose
 .text.remove   0x000055ec       0x14 c:/nxp/mcuxpressoide_11.7.0_9198/ide/plugins/com.nxp.mcuxpresso.tools.win32_11.7.0.202209140929/tools/bin/../lib/gcc/arm-none-eabi/10.3.1/../../../../arm-none-eabi/lib/thumb/v7e-m+fp/hard\libcr_c.a(remove.o)
                0x000055ec                remove
 .text._do_fflush
                0x00005600       0x40 c:/nxp/mcuxpressoide_11.7.0_9198/ide/plugins/com.nxp.mcuxpresso.tools.win32_11.7.0.202209140929/tools/bin/../lib/gcc/arm-none-eabi/10.3.1/../../../../arm-none-eabi/lib/thumb/v7e-m+fp/hard\libcr_c.a(_do_fflush.o)
                0x00005600                _do_fflush
 .text._fflush  0x00005640       0x52 c:/nxp/mcuxpressoide_11.7.0_9198/ide/plugins/com.nxp.mcuxpresso.tools.win32_11.7.0.202209140929/tools/bin/../lib/gcc/arm-none-eabi/10.3.1/../../../../arm-none-eabi/lib/thumb/v7e-m+fp/hard\libcr_c.a(_fflush.o)
                0x00005640                _fflush
 .text._deferredlazyseek
                0x00005692       0x40 c:/nxp/mcuxpressoide_11.7.0_9198/ide/plugins/com.nxp.mcuxpresso.tools.win32_11.7.0.202209140929/tools/bin/../lib/gcc/arm-none-eabi/10.3.1/../../../../arm-none-eabi/lib/thumb/v7e-m+fp/hard\libcr_c.a(_deferredlazyseek.o)
                0x00005692                _deferredlazyseek
 .text.__aeabi_division_uldivmod
                0x000056d2      0x174 c:/nxp/mcuxpressoide_11.7.0_9198/ide/plugins/com.nxp.mcuxpresso.tools.win32_11.7.0.202209140929/tools/bin/../lib/gcc/arm-none-eabi/10.3.1/thumb/v7e-m+fp/hard\libcr_eabihelpers.a(division_64.o)
                0x000056d2                __aeabi_uldivmod
                0x000056d6                __bhs_ldivmod1
 .text.__aeabi_division_idiv0
                0x00005846        0x2 c:/nxp/mcuxpressoide_11.7.0_9198/ide/plugins/com.nxp.mcuxpresso.tools.win32_11.7.0.202209140929/tools/bin/../lib/gcc/arm-none-eabi/10.3.1/thumb/v7e-m+fp/hard\libcr_eabihelpers.a(division_idiv0.o)
                0x00005846                __aeabi_idiv0
 .text.__aeabi_memcpy
                0x00005848       0x34 c:/nxp/mcuxpressoide_11.7.0_9198/ide/plugins/com.nxp.mcuxpresso.tools.win32_11.7.0.202209140929/tools/bin/../lib/gcc/arm-none-eabi/10.3.1/thumb/v7e-m+fp/hard\libcr_eabihelpers.a(memcpy.o)
                0x00005848                __aeabi_memcpy
                0x00005852                __aeabi_memcpy8
                0x00005852                __aeabi_memcpy4
 .text.__aeabi_memset_lowlevel
                0x0000587c       0x32 c:/nxp/mcuxpressoide_11.7.0_9198/ide/plugins/com.nxp.mcuxpresso.tools.win32_11.7.0.202209140929/tools/bin/../lib/gcc/arm-none-eabi/10.3.1/thumb/v7e-m+fp/hard\libcr_eabihelpers.a(memcpy.o)
                0x0000587c                __aeabi_lowlevel_memset
 .text.__sys_close
                0x000058ae        0x6 c:/nxp/mcuxpressoide_11.7.0_9198/ide/plugins/com.nxp.mcuxpresso.tools.win32_11.7.0.202209140929/tools/bin/../lib/gcc/arm-none-eabi/10.3.1/../../../../arm-none-eabi/lib/thumb/v7e-m+fp/hard\libcr_nohost_nf.a(__sys_close.o)
                0x000058ae                __sys_close
 .text.__sys_flen
                0x000058b4        0x6 c:/nxp/mcuxpressoide_11.7.0_9198/ide/plugins/com.nxp.mcuxpresso.tools.win32_11.7.0.202209140929/tools/bin/../lib/gcc/arm-none-eabi/10.3.1/../../../../arm-none-eabi/lib/thumb/v7e-m+fp/hard\libcr_nohost_nf.a(__sys_flen.o)
                0x000058b4                __sys_flen
 .text.__sys_istty
                0x000058ba        0x6 c:/nxp/mcuxpressoide_11.7.0_9198/ide/plugins/com.nxp.mcuxpresso.tools.win32_11.7.0.202209140929/tools/bin/../lib/gcc/arm-none-eabi/10.3.1/../../../../arm-none-eabi/lib/thumb/v7e-m+fp/hard\libcr_nohost_nf.a(__sys_istty.o)
                0x000058ba                __sys_istty
 .text.__sys_remove
                0x000058c0        0x6 c:/nxp/mcuxpressoide_11.7.0_9198/ide/plugins/com.nxp.mcuxpresso.tools.win32_11.7.0.202209140929/tools/bin/../lib/gcc/arm-none-eabi/10.3.1/../../../../arm-none-eabi/lib/thumb/v7e-m+fp/hard\libcr_nohost_nf.a(__sys_remove.o)
                0x000058c0                __sys_remove
 .text.__sys_seek
                0x000058c6        0x6 c:/nxp/mcuxpressoide_11.7.0_9198/ide/plugins/com.nxp.mcuxpresso.tools.win32_11.7.0.202209140929/tools/bin/../lib/gcc/arm-none-eabi/10.3.1/../../../../arm-none-eabi/lib/thumb/v7e-m+fp/hard\libcr_nohost_nf.a(__sys_seek.o)
                0x000058c6                __sys_seek
 .text.__sys_tmpnam
                0x000058cc        0x6 c:/nxp/mcuxpressoide_11.7.0_9198/ide/plugins/com.nxp.mcuxpresso.tools.win32_11.7.0.202209140929/tools/bin/../lib/gcc/arm-none-eabi/10.3.1/../../../../arm-none-eabi/lib/thumb/v7e-m+fp/hard\libcr_nohost_nf.a(__sys_tmpnam.o)
                0x000058cc                __sys_tmpnam
 .text.__sys_write
                0x000058d2        0x4 c:/nxp/mcuxpressoide_11.7.0_9198/ide/plugins/com.nxp.mcuxpresso.tools.win32_11.7.0.202209140929/tools/bin/../lib/gcc/arm-none-eabi/10.3.1/../../../../arm-none-eabi/lib/thumb/v7e-m+fp/hard\libcr_nohost_nf.a(__sys_write.o)
                0x000058d2                __sys_write
 *(SORT_BY_ALIGNMENT(.rodata) SORT_BY_ALIGNMENT(.rodata.*) SORT_BY_ALIGNMENT(.constdata) SORT_BY_ALIGNMENT(.constdata.*))
 *fill*         0x000058d6        0x2 ff
 .rodata.__assertion_failed.str1.4
                0x000058d8       0x14 ./utilities/fsl_assert.o
 .rodata.music  0x000058ec     0xbba0 ./source/sai_interrupt_record_playback.o
                0x000058ec                music
 .rodata.main.str1.4
                0x0001148c       0x8c ./source/sai_interrupt_record_playback.o
 .rodata.CLOCK_GetMcgExtClkFreq.str1.4
                0x00011518       0x49 ./drivers/fsl_clock.o
 *fill*         0x00011561        0x3 ff
 .rodata.CLOCK_GetOsc0ErClkFreq.str1.4
                0x00011564       0x1e ./drivers/fsl_clock.o
 *fill*         0x00011582        0x2 ff
 .rodata.CLOCK_GetEr32kClkFreq.str1.4
                0x00011584       0x1f ./drivers/fsl_clock.o
 *fill*         0x000115a3        0x1 ff
 .rodata.CLOCK_GetPll0Freq.str1.4
                0x000115a4       0x1d ./drivers/fsl_clock.o
 *fill*         0x000115c1        0x3 ff
 .rodata.CLOCK_EnablePll0.str1.4
                0x000115c4       0x1a ./drivers/fsl_clock.o
 *fill*         0x000115de        0x2 ff
 .rodata.CLOCK_SetPbeMode.str1.4
                0x000115e0       0x1a ./drivers/fsl_clock.o
 *fill*         0x000115fa        0x2 ff
 .rodata.CLOCK_BootToPeeMode.str1.4
                0x000115fc       0x1a ./drivers/fsl_clock.o
 *fill*         0x00011616        0x2 ff
 .rodata.fllFactorTable.1
                0x00011618       0x10 ./drivers/fsl_clock.o
 .rodata.SDK_DelayAtLeastUs.str1.4
                0x00011628       0x2b ./drivers/fsl_common_arm.o
 *fill*         0x00011653        0x1 ff
 .rodata.EDMA_HandleIRQ.str1.4
                0x00011654       0x21 ./drivers/fsl_edma.o
 *fill*         0x00011675        0x3 ff
 .rodata.s_i2cDividerTable
                0x00011678       0x80 ./drivers/fsl_i2c.o
 .rodata.s_i2cClocks
                0x000116f8        0xc ./drivers/fsl_i2c.o
 .rodata.s_i2cBases
                0x00011704        0xc ./drivers/fsl_i2c.o
 .rodata.I2C_GetInstance.str1.4
                0x00011710       0x32 ./drivers/fsl_i2c.o
 *fill*         0x00011742        0x2 ff
 .rodata.I2C_MasterInit.str1.4
                0x00011744       0x4a ./drivers/fsl_i2c.o
 *fill*         0x0001178e        0x2 ff
 .rodata.I2C_MasterGetDefaultConfig.str1.4
                0x00011790       0x25 ./drivers/fsl_i2c.o
 *fill*         0x000117b5        0x3 ff
 .rodata.I2C_MasterTransferBlocking.str1.4
                0x000117b8       0x1e ./drivers/fsl_i2c.o
 *fill*         0x000117d6        0x2 ff
 .rodata.SAI_SetMasterClockDivider.str1.4
                0x000117d8       0x2b ./drivers/fsl_sai.o
 *fill*         0x00011803        0x1 ff
 .rodata.SAI_GetInstance.str1.4
                0x00011804       0x32 ./drivers/fsl_sai.o
 *fill*         0x00011836        0x2 ff
 .rodata.SAI_GetCommonConfig.str1.4
                0x00011838       0x45 ./drivers/fsl_sai.o
 *fill*         0x0001187d        0x3 ff
 .rodata.SAI_TxSetBitClockRate.str1.4
                0x00011880       0x2f ./drivers/fsl_sai.o
 *fill*         0x000118af        0x1 ff
 .rodata.SAI_RxSetBitClockRate.str1.4
                0x000118b0       0x2f ./drivers/fsl_sai.o
 *fill*         0x000118df        0x1 ff
 .rodata.SAI_TxSetBitclockConfig.str1.4
                0x000118e0       0x20 ./drivers/fsl_sai.o
 .rodata.SAI_RxSetBitclockConfig.str1.4
                0x00011900       0x20 ./drivers/fsl_sai.o
 .rodata.SAI_SetMasterClockConfig.str1.4
                0x00011920       0x20 ./drivers/fsl_sai.o
 .rodata.SAI_TxSetFifoConfig.str1.4
                0x00011940       0x74 ./drivers/fsl_sai.o
 .rodata.SAI_RxSetFifoConfig.str1.4
                0x000119b4       0x74 ./drivers/fsl_sai.o
 .rodata.SAI_TxSetFrameSyncConfig.str1.4
                0x00011a28       0x7f ./drivers/fsl_sai.o
 *fill*         0x00011aa7        0x1 ff
 .rodata.SAI_RxSetFrameSyncConfig.str1.4
                0x00011aa8       0x7f ./drivers/fsl_sai.o
 *fill*         0x00011b27        0x1 ff
 .rodata.SAI_TxSetSerialDataConfig.str1.4
                0x00011b28       0x20 ./drivers/fsl_sai.o
 .rodata.SAI_RxSetSerialDataConfig.str1.4
                0x00011b48       0x20 ./drivers/fsl_sai.o
 .rodata.SAI_TxSetConfig.str1.4
                0x00011b68       0x20 ./drivers/fsl_sai.o
 .rodata.SAI_TransferTxSetConfig.str1.4
                0x00011b88       0x97 ./drivers/fsl_sai.o
 *fill*         0x00011c1f        0x1 ff
 .rodata.SAI_RxSetConfig.str1.4
                0x00011c20       0x20 ./drivers/fsl_sai.o
 .rodata.SAI_TransferTxCreateHandle.str1.4
                0x00011c40       0x20 ./drivers/fsl_sai.o
 .rodata.SAI_TransferSendNonBlocking.str1.4
                0x00011c60       0x77 ./drivers/fsl_sai.o
 *fill*         0x00011cd7        0x1 ff
 .rodata.SAI_TransferAbortSend.str1.4
                0x00011cd8       0x20 ./drivers/fsl_sai.o
 .rodata.SAI_TransferTxHandleIRQ.str1.4
                0x00011cf8       0x20 ./drivers/fsl_sai.o
 .rodata.I2S0_Tx_DriverIRQHandler.str1.4
                0x00011d18       0x2b ./drivers/fsl_sai.o
 *fill*         0x00011d43        0x1 ff
 .rodata.I2S0_Rx_DriverIRQHandler.str1.4
                0x00011d44       0x2b ./drivers/fsl_sai.o
 *fill*         0x00011d6f        0x1 ff
 .rodata.SDHC_DriverIRQHandler.str1.4
                0x00011d70       0x2a ./drivers/fsl_sdhc.o
 *fill*         0x00011d9a        0x2 ff
 .rodata.s_uartBases
                0x00011d9c       0x18 ./drivers/fsl_uart.o
 .rodata.s_uartClock
                0x00011db4       0x18 ./drivers/fsl_uart.o
 .rodata.UART_GetInstance.str1.4
                0x00011dcc       0x2b ./drivers/fsl_uart.o
 *fill*         0x00011df7        0x1 ff
 .rodata.UART_Init.str1.4
                0x00011df8       0x4c ./drivers/fsl_uart.o
 .rodata.UART_GetDefaultConfig.str1.4
                0x00011e44       0x20 ./drivers/fsl_uart.o
 .rodata.UART_ReadBlocking.str1.4
                0x00011e64       0x1e ./drivers/fsl_uart.o
 *fill*         0x00011e82        0x2 ff
 .rodata.s_UartAdapterBase
                0x00011e84       0x18 ./component/uart/fsl_adapter_uart.o
 .rodata.HAL_UartInit.str1.4
                0x00011e9c       0xdd ./component/uart/fsl_adapter_uart.o
 *fill*         0x00011f79        0x3 ff
 .rodata.HAL_UartReceiveBlocking.str1.4
                0x00011f7c       0x60 ./component/uart/fsl_adapter_uart.o
 .rodata.HAL_UartSendBlocking.str1.4
                0x00011fdc       0x60 ./component/uart/fsl_adapter_uart.o
 .rodata.s_i2cBases
                0x0001203c        0xc ./component/i2c/fsl_adapter_i2c.o
 .rodata.HAL_I2cMasterInit.str1.4
                0x00012048       0x3f ./component/i2c/fsl_adapter_i2c.o
 *fill*         0x00012087        0x1 ff
 .rodata.HAL_I2cMasterTransferBlocking.str1.4
                0x00012088       0x3d ./component/i2c/fsl_adapter_i2c.o
 *fill*         0x000120c5        0x3 ff
 .rodata.s_da7212_capability
                0x000120c8       0x10 ./codec/port/da7212/fsl_codec_da7212_adapter.o
 .rodata.HAL_CODEC_DA7212_Init.str1.4
                0x000120d8       0x45 ./codec/port/da7212/fsl_codec_da7212_adapter.o
 *fill*         0x0001211d        0x3 ff
 .rodata.HAL_CODEC_DA7212_SetVolume.str1.4
                0x00012120       0x30 ./codec/port/da7212/fsl_codec_da7212_adapter.o
 .rodata.CODEC_Init.str1.4
                0x00012150       0x3d ./codec/fsl_codec_common.o
 *fill*         0x0001218d        0x3 ff
 .rodata.CODEC_SetVolume.str1.4
                0x00012190       0xc1 ./codec/fsl_codec_common.o
 *fill*         0x00012251        0x3 ff
 .rodata.kInitRegisterSequence
                0x00012254       0x48 ./codec/fsl_dialog7212.o
 .rodata.DA7212_WriteRegister.str1.4
                0x0001229c       0x62 ./codec/fsl_dialog7212.o
 *fill*         0x000122fe        0x2 ff
 .rodata.DA7212_ReadRegister.str1.4
                0x00012300       0x62 ./codec/fsl_dialog7212.o
 *fill*         0x00012362        0x2 ff
 .rodata.DA7212_Init.str1.4
                0x00012364       0x52 ./codec/fsl_dialog7212.o
 *fill*         0x000123b6        0x2 ff
 .rodata.DA7212_SetPLLConfig.str1.4
                0x000123b8       0x26 ./codec/fsl_dialog7212.o
 *fill*         0x000123de        0x2 ff
 .rodata.DA7212_SetMasterModeBits.str1.4
                0x000123e0       0x1d ./codec/fsl_dialog7212.o
 *fill*         0x000123fd        0x3 ff
 .rodata.mcgConfig_BOARD_BootClockRUN
                0x00012400        0xb ./board/clock_config.o
                0x00012400                mcgConfig_BOARD_BootClockRUN
 *fill*         0x0001240b        0x1 ff
 .rodata.simConfig_BOARD_BootClockRUN
                0x0001240c        0x8 ./board/clock_config.o
                0x0001240c                simConfig_BOARD_BootClockRUN
 .rodata.oscConfig_BOARD_BootClockRUN
                0x00012414        0x8 ./board/clock_config.o
                0x00012414                oscConfig_BOARD_BootClockRUN
 .rodata.PORT_SetPinConfig.str1.4
                0x0001241c       0x82 ./board/pin_mux.o
 *fill*         0x0001249e        0x2 ff
 .rodata.__num_Ciob_streams
                0x000124a0        0x4 c:/nxp/mcuxpressoide_11.7.0_9198/ide/plugins/com.nxp.mcuxpresso.tools.win32_11.7.0.202209140929/tools/bin/../lib/gcc/arm-none-eabi/10.3.1/../../../../arm-none-eabi/lib/thumb/v7e-m+fp/hard\libcr_nohost_nf.a(__ciob.o)
                0x000124a0                __num_Ciob_streams
 .rodata._initio.str1.1
                0x000124a4        0x4 c:/nxp/mcuxpressoide_11.7.0_9198/ide/plugins/com.nxp.mcuxpresso.tools.win32_11.7.0.202209140929/tools/bin/../lib/gcc/arm-none-eabi/10.3.1/../../../../arm-none-eabi/lib/thumb/v7e-m+fp/hard\libcr_c.a(initio.o)
                0x000124a8                . = ALIGN (0x8)

.glue_7         0x000124a8        0x0
 .glue_7        0x000124a8        0x0 linker stubs

.glue_7t        0x000124a8        0x0
 .glue_7t       0x000124a8        0x0 linker stubs

.vfp11_veneer   0x000124a8        0x0
 .vfp11_veneer  0x000124a8        0x0 linker stubs

.v4_bx          0x000124a8        0x0
 .v4_bx         0x000124a8        0x0 linker stubs

.iplt           0x000124a8        0x0
 .iplt          0x000124a8        0x0 ./utilities/fsl_assert.o

.rel.dyn        0x000124a8        0x0
 .rel.iplt      0x000124a8        0x0 ./utilities/fsl_assert.o

.ARM.extab
 *(SORT_BY_ALIGNMENT(.ARM.extab*) SORT_BY_ALIGNMENT(.gnu.linkonce.armextab.*))

.ARM.exidx      0x000124a8        0x0
                0x000124a8                __exidx_start = .
 *(SORT_BY_ALIGNMENT(.ARM.exidx*) SORT_BY_ALIGNMENT(.gnu.linkonce.armexidx.*))
                0x000124a8                __exidx_end = .
                0x000124a8                _etext = .

.m_usb_data
 *(SORT_BY_ALIGNMENT(m_usb_bdt))

.data_RAM2      0x1fff0000        0x0 load address 0x000124a8
 FILL mask 0xff
                [!provide]                PROVIDE (__start_data_RAM2 = .)
                [!provide]                PROVIDE (__start_data_SRAM_LOWER = .)
 *(SORT_BY_ALIGNMENT(.ramfunc.$RAM2))
 *(SORT_BY_ALIGNMENT(.ramfunc.$SRAM_LOWER))
 *(SORT_BY_ALIGNMENT(NonCacheable.init))
 *(SORT_BY_ALIGNMENT(.data.$RAM2))
 *(SORT_BY_ALIGNMENT(.data.$SRAM_LOWER))
 *(SORT_BY_ALIGNMENT(.data.$RAM2.*))
 *(SORT_BY_ALIGNMENT(.data.$SRAM_LOWER.*))
                0x1fff0000                . = ALIGN (0x8)
                [!provide]                PROVIDE (__end_data_RAM2 = .)
                [!provide]                PROVIDE (__end_data_SRAM_LOWER = .)

.data_RAM3      0x14000000        0x0 load address 0x000124a8
 FILL mask 0xff
                [!provide]                PROVIDE (__start_data_RAM3 = .)
                [!provide]                PROVIDE (__start_data_FLEX_RAM = .)
 *(SORT_BY_ALIGNMENT(.ramfunc.$RAM3))
 *(SORT_BY_ALIGNMENT(.ramfunc.$FLEX_RAM))
 *(SORT_BY_ALIGNMENT(.data.$RAM3))
 *(SORT_BY_ALIGNMENT(.data.$FLEX_RAM))
 *(SORT_BY_ALIGNMENT(.data.$RAM3.*))
 *(SORT_BY_ALIGNMENT(.data.$FLEX_RAM.*))
                0x14000000                . = ALIGN (0x8)
                [!provide]                PROVIDE (__end_data_RAM3 = .)
                [!provide]                PROVIDE (__end_data_FLEX_RAM = .)

.uninit_RESERVED
                0x20000000        0x0
                0x20000000                _start_uninit_RESERVED = .
 *(SORT_BY_ALIGNMENT(.bss.$RESERVED*))
                0x20000000                . = ALIGN (0x8)
                0x20000000                _end_uninit_RESERVED = .

.data           0x20000000       0x40 load address 0x000124a8
 FILL mask 0xff
                0x20000000                _data = .
                [!provide]                PROVIDE (__start_data_RAM = .)
                [!provide]                PROVIDE (__start_data_SRAM_UPPER = .)
 *(SORT_BY_ALIGNMENT(vtable))
 *(SORT_BY_ALIGNMENT(.ramfunc*))
 *(SORT_BY_ALIGNMENT(CodeQuickAccess))
 *(SORT_BY_ALIGNMENT(DataQuickAccess))
 *(SORT_BY_ALIGNMENT(RamFunction))
 *(SORT_BY_ALIGNMENT(.data*))
 .data.da7212Config
                0x20000000       0x28 ./source/sai_interrupt_record_playback.o
                0x20000000                da7212Config
 .data.boardCodecConfig
                0x20000028        0x8 ./source/sai_interrupt_record_playback.o
                0x20000028                boardCodecConfig
 .data.s_slowIrcFreq
                0x20000030        0x4 ./drivers/fsl_clock.o
 .data.s_fastIrcFreq
                0x20000034        0x4 ./drivers/fsl_clock.o
 .data.SystemCoreClock
                0x20000038        0x4 ./device/system_MK64F12.o
                0x20000038                SystemCoreClock
                0x20000040                . = ALIGN (0x8)
 *fill*         0x2000003c        0x4 ff
                0x20000040                _edata = .
                [!provide]                PROVIDE (__end_data_RAM = .)
                [!provide]                PROVIDE (__end_data_SRAM_UPPER = .)

.igot.plt       0x20000040        0x0 load address 0x000124e8
 .igot.plt      0x20000040        0x0 ./utilities/fsl_assert.o

.bss_RAM2       0x1fff0000        0x0
                [!provide]                PROVIDE (__start_bss_RAM2 = .)
                [!provide]                PROVIDE (__start_bss_SRAM_LOWER = .)
 *(SORT_BY_ALIGNMENT(NonCacheable))
 *(SORT_BY_ALIGNMENT(.bss.$RAM2))
 *(SORT_BY_ALIGNMENT(.bss.$SRAM_LOWER))
 *(SORT_BY_ALIGNMENT(.bss.$RAM2.*))
 *(SORT_BY_ALIGNMENT(.bss.$SRAM_LOWER.*))
                0x1fff0000                . = ALIGN ((. != 0x0)?0x8:0x1)
                [!provide]                PROVIDE (__end_bss_RAM2 = .)
                [!provide]                PROVIDE (__end_bss_SRAM_LOWER = .)

.bss_RAM3       0x14000000        0x0
                [!provide]                PROVIDE (__start_bss_RAM3 = .)
                [!provide]                PROVIDE (__start_bss_FLEX_RAM = .)
 *(SORT_BY_ALIGNMENT(.bss.$RAM3))
 *(SORT_BY_ALIGNMENT(.bss.$FLEX_RAM))
 *(SORT_BY_ALIGNMENT(.bss.$RAM3.*))
 *(SORT_BY_ALIGNMENT(.bss.$FLEX_RAM.*))
                0x14000000                . = ALIGN ((. != 0x0)?0x8:0x1)
                [!provide]                PROVIDE (__end_bss_RAM3 = .)
                [!provide]                PROVIDE (__end_bss_FLEX_RAM = .)

.bss            0x20000040      0x218
                0x20000040                _bss = .
                [!provide]                PROVIDE (__start_bss_RAM = .)
                [!provide]                PROVIDE (__start_bss_SRAM_UPPER = .)
 *(SORT_BY_ALIGNMENT(.bss*))
 .bss.s_debugConsole
                0x20000040       0x14 ./utilities/fsl_debug_console.o
 .bss.mclkConfig
                0x20000054        0xc ./source/sai_interrupt_record_playback.o
                0x20000054                mclkConfig
 .bss.txHandle  0x20000060       0x4c ./source/sai_interrupt_record_playback.o
                0x20000060                txHandle
 .bss.codecHandle
                0x200000ac       0x5c ./source/sai_interrupt_record_playback.o
                0x200000ac                codecHandle
 .bss.g_xtal0Freq
                0x20000108        0x4 ./drivers/fsl_clock.o
                0x20000108                g_xtal0Freq
 .bss.g_xtal32Freq
                0x2000010c        0x4 ./drivers/fsl_clock.o
                0x2000010c                g_xtal32Freq
 .bss.s_EDMAHandle
                0x20000110       0x40 ./drivers/fsl_edma.o
 .bss.s_i2cHandle
                0x20000150        0xc ./drivers/fsl_i2c.o
 .bss.s_i2cMasterIsr
                0x2000015c        0x4 ./drivers/fsl_i2c.o
 .bss.s_i2cSlaveIsr
                0x20000160        0x4 ./drivers/fsl_i2c.o
 .bss.s_saiHandle
                0x20000164        0x8 ./drivers/fsl_sai.o
 .bss.s_saiTxIsr
                0x2000016c        0x4 ./drivers/fsl_sai.o
 .bss.s_saiRxIsr
                0x20000170        0x4 ./drivers/fsl_sai.o
 .bss.s_sdhcHandle
                0x20000174        0x4 ./drivers/fsl_sdhc.o
 .bss.s_sdhcIsr
                0x20000178        0x4 ./drivers/fsl_sdhc.o
 .bss.s_uartHandle
                0x2000017c       0x18 ./drivers/fsl_uart.o
                0x2000017c                s_uartHandle
 .bss.s_uartIsr
                0x20000194        0x4 ./drivers/fsl_uart.o
                0x20000194                s_uartIsr
 .bss.errno     0x20000198        0x4 c:/nxp/mcuxpressoide_11.7.0_9198/ide/plugins/com.nxp.mcuxpresso.tools.win32_11.7.0.202209140929/tools/bin/../lib/gcc/arm-none-eabi/10.3.1/../../../../arm-none-eabi/lib/thumb/v7e-m+fp/hard\libcr_c.a(errno.o)
                0x20000198                errno
 .bss.__Ciob    0x2000019c       0xb4 c:/nxp/mcuxpressoide_11.7.0_9198/ide/plugins/com.nxp.mcuxpresso.tools.win32_11.7.0.202209140929/tools/bin/../lib/gcc/arm-none-eabi/10.3.1/../../../../arm-none-eabi/lib/thumb/v7e-m+fp/hard\libcr_nohost_nf.a(__ciob.o)
                0x2000019c                __Ciob
 .bss.isFinished
                0x20000250        0x1 ./source/sai_interrupt_record_playback.o
 *(SORT_BY_ALIGNMENT(COMMON))
                0x20000258                . = ALIGN (0x8)
 *fill*         0x20000251        0x7 
                0x20000258                _ebss = .
                [!provide]                PROVIDE (__end_bss_RAM = .)
                [!provide]                PROVIDE (__end_bss_SRAM_UPPER = .)
                [!provide]                PROVIDE (end = .)

.noinit_RAM2    0x1fff0000        0x0
                [!provide]                PROVIDE (__start_noinit_RAM2 = .)
                [!provide]                PROVIDE (__start_noinit_SRAM_LOWER = .)
 *(SORT_BY_ALIGNMENT(.noinit.$RAM2))
 *(SORT_BY_ALIGNMENT(.noinit.$SRAM_LOWER))
 *(SORT_BY_ALIGNMENT(.noinit.$RAM2.*))
 *(SORT_BY_ALIGNMENT(.noinit.$SRAM_LOWER.*))
                0x1fff0000                . = ALIGN (0x8)
                [!provide]                PROVIDE (__end_noinit_RAM2 = .)
                [!provide]                PROVIDE (__end_noinit_SRAM_LOWER = .)

.noinit_RAM3    0x14000000        0x0
                [!provide]                PROVIDE (__start_noinit_RAM3 = .)
                [!provide]                PROVIDE (__start_noinit_FLEX_RAM = .)
 *(SORT_BY_ALIGNMENT(.noinit.$RAM3))
 *(SORT_BY_ALIGNMENT(.noinit.$FLEX_RAM))
 *(SORT_BY_ALIGNMENT(.noinit.$RAM3.*))
 *(SORT_BY_ALIGNMENT(.noinit.$FLEX_RAM.*))
                0x14000000                . = ALIGN (0x8)
                [!provide]                PROVIDE (__end_noinit_RAM3 = .)
                [!provide]                PROVIDE (__end_noinit_FLEX_RAM = .)

.noinit         0x20000258        0x0
                0x20000258                _noinit = .
                [!provide]                PROVIDE (__start_noinit_RAM = .)
                [!provide]                PROVIDE (__start_noinit_SRAM_UPPER = .)
 *(SORT_BY_ALIGNMENT(.noinit*))
                0x20000258                . = ALIGN (0x8)
                0x20000258                _end_noinit = .
                [!provide]                PROVIDE (__end_noinit_RAM = .)
                [!provide]                PROVIDE (__end_noinit_SRAM_UPPER = .)
                0x00001000                _HeapSize = 0x1000

.heap           0x20000258     0x1000
                0x20000258                _pvHeapStart = .
                0x20001258                . = (. + _HeapSize)
 *fill*         0x20000258     0x1000 
                0x20001258                . = ALIGN (0x8)
                0x20001258                _pvHeapLimit = .
                0x00001000                _StackSize = 0x1000

.heap2stackfill
                0x20001258     0x1000
                0x20002258                . = (. + _StackSize)
 *fill*         0x20001258     0x1000 

.stack          0x2002f000        0x0
                0x2002f000                _vStackBase = .
                0x2002f000                . = ALIGN (0x8)
                0x20030000                _vStackTop = (. + _StackSize)
                0x00000000                _image_start = LOADADDR (.text)
                0x000124e8                _image_end = (LOADADDR (.data) + SIZEOF (.data))
                0x000124e8                _image_size = (_image_end - _image_start)
OUTPUT(frdmk66f_sai_interrupt_transfer.axf elf32-littlearm)
LOAD linker stubs

.debug_info     0x00000000    0x15e02
 .debug_info    0x00000000       0xa3 ./utilities/fsl_assert.o
 .debug_info    0x000000a3      0xca3 ./utilities/fsl_debug_console.o
 .debug_info    0x00000d46      0x93a ./startup/startup_mk64f12.o
 .debug_info    0x00001680     0x11d9 ./source/sai_interrupt_record_playback.o
 .debug_info    0x00002859       0x3c ./source/semihost_hardfault.o
 .debug_info    0x00002895     0x21c3 ./drivers/fsl_clock.o
 .debug_info    0x00004a58       0xee ./drivers/fsl_common_arm.o
 .debug_info    0x00004b46     0x23af ./drivers/fsl_edma.o
 .debug_info    0x00006ef5     0x1e92 ./drivers/fsl_i2c.o
 .debug_info    0x00008d87     0x2f0f ./drivers/fsl_sai.o
 .debug_info    0x0000bc96     0x2216 ./drivers/fsl_sdhc.o
 .debug_info    0x0000deac     0x1d06 ./drivers/fsl_uart.o
 .debug_info    0x0000fbb2      0x649 ./device/system_MK64F12.o
 .debug_info    0x000101fb      0xa12 ./component/uart/fsl_adapter_uart.o
 .debug_info    0x00010c0d     0x128e ./component/i2c/fsl_adapter_i2c.o
 .debug_info    0x00011e9b      0xb5c ./codec/port/da7212/fsl_codec_da7212_adapter.o
 .debug_info    0x000129f7      0x897 ./codec/fsl_codec_common.o
 .debug_info    0x0001328e      0x37e ./codec/fsl_codec_i2c.o
 .debug_info    0x0001360c      0xe00 ./codec/fsl_dialog7212.o
 .debug_info    0x0001440c      0x593 ./board/board.o
 .debug_info    0x0001499f      0xbd9 ./board/clock_config.o
 .debug_info    0x00015578      0x88a ./board/pin_mux.o

.debug_abbrev   0x00000000     0x2c70
 .debug_abbrev  0x00000000       0x66 ./utilities/fsl_assert.o
 .debug_abbrev  0x00000066      0x24b ./utilities/fsl_debug_console.o
 .debug_abbrev  0x000002b1      0x185 ./startup/startup_mk64f12.o
 .debug_abbrev  0x00000436      0x26e ./source/sai_interrupt_record_playback.o
 .debug_abbrev  0x000006a4       0x31 ./source/semihost_hardfault.o
 .debug_abbrev  0x000006d5      0x359 ./drivers/fsl_clock.o
 .debug_abbrev  0x00000a2e       0x92 ./drivers/fsl_common_arm.o
 .debug_abbrev  0x00000ac0      0x3cb ./drivers/fsl_edma.o
 .debug_abbrev  0x00000e8b      0x363 ./drivers/fsl_i2c.o
 .debug_abbrev  0x000011ee      0x2d7 ./drivers/fsl_sai.o
 .debug_abbrev  0x000014c5      0x2f9 ./drivers/fsl_sdhc.o
 .debug_abbrev  0x000017be      0x42e ./drivers/fsl_uart.o
 .debug_abbrev  0x00001bec      0x148 ./device/system_MK64F12.o
 .debug_abbrev  0x00001d34      0x1c9 ./component/uart/fsl_adapter_uart.o
 .debug_abbrev  0x00001efd      0x1cc ./component/i2c/fsl_adapter_i2c.o
 .debug_abbrev  0x000020c9      0x1a1 ./codec/port/da7212/fsl_codec_da7212_adapter.o
 .debug_abbrev  0x0000226a      0x184 ./codec/fsl_codec_common.o
 .debug_abbrev  0x000023ee       0xef ./codec/fsl_codec_i2c.o
 .debug_abbrev  0x000024dd      0x1ff ./codec/fsl_dialog7212.o
 .debug_abbrev  0x000026dc      0x171 ./board/board.o
 .debug_abbrev  0x0000284d      0x214 ./board/clock_config.o
 .debug_abbrev  0x00002a61      0x20f ./board/pin_mux.o

.debug_aranges  0x00000000     0x1358
 .debug_aranges
                0x00000000       0x20 ./utilities/fsl_assert.o
 .debug_aranges
                0x00000020       0x78 ./utilities/fsl_debug_console.o
 .debug_aranges
                0x00000098      0x330 ./startup/startup_mk64f12.o
 .debug_aranges
                0x000003c8       0x40 ./source/sai_interrupt_record_playback.o
 .debug_aranges
                0x00000408       0x20 ./source/semihost_hardfault.o
 .debug_aranges
                0x00000428      0x1f8 ./drivers/fsl_clock.o
 .debug_aranges
                0x00000620       0x28 ./drivers/fsl_common_arm.o
 .debug_aranges
                0x00000648      0x1f8 ./drivers/fsl_edma.o
 .debug_aranges
                0x00000840      0x180 ./drivers/fsl_i2c.o
 .debug_aranges
                0x000009c0      0x298 ./drivers/fsl_sai.o
 .debug_aranges
                0x00000c58      0x170 ./drivers/fsl_sdhc.o
 .debug_aranges
                0x00000dc8      0x188 ./drivers/fsl_uart.o
 .debug_aranges
                0x00000f50       0x30 ./device/system_MK64F12.o
 .debug_aranges
                0x00000f80       0x50 ./component/uart/fsl_adapter_uart.o
 .debug_aranges
                0x00000fd0       0xb8 ./component/i2c/fsl_adapter_i2c.o
 .debug_aranges
                0x00001088       0x68 ./codec/port/da7212/fsl_codec_da7212_adapter.o
 .debug_aranges
                0x000010f0       0xb8 ./codec/fsl_codec_common.o
 .debug_aranges
                0x000011a8       0x38 ./codec/fsl_codec_i2c.o
 .debug_aranges
                0x000011e0       0x90 ./codec/fsl_dialog7212.o
 .debug_aranges
                0x00001270       0x50 ./board/board.o
 .debug_aranges
                0x000012c0       0x58 ./board/clock_config.o
 .debug_aranges
                0x00001318       0x40 ./board/pin_mux.o

.debug_ranges   0x00000000     0x11f8
 .debug_ranges  0x00000000       0x10 ./utilities/fsl_assert.o
 .debug_ranges  0x00000010       0x68 ./utilities/fsl_debug_console.o
 .debug_ranges  0x00000078      0x320 ./startup/startup_mk64f12.o
 .debug_ranges  0x00000398       0x30 ./source/sai_interrupt_record_playback.o
 .debug_ranges  0x000003c8       0x10 ./source/semihost_hardfault.o
 .debug_ranges  0x000003d8      0x1e8 ./drivers/fsl_clock.o
 .debug_ranges  0x000005c0       0x18 ./drivers/fsl_common_arm.o
 .debug_ranges  0x000005d8      0x1e8 ./drivers/fsl_edma.o
 .debug_ranges  0x000007c0      0x170 ./drivers/fsl_i2c.o
 .debug_ranges  0x00000930      0x288 ./drivers/fsl_sai.o
 .debug_ranges  0x00000bb8      0x160 ./drivers/fsl_sdhc.o
 .debug_ranges  0x00000d18      0x178 ./drivers/fsl_uart.o
 .debug_ranges  0x00000e90       0x20 ./device/system_MK64F12.o
 .debug_ranges  0x00000eb0       0x40 ./component/uart/fsl_adapter_uart.o
 .debug_ranges  0x00000ef0       0xa8 ./component/i2c/fsl_adapter_i2c.o
 .debug_ranges  0x00000f98       0x58 ./codec/port/da7212/fsl_codec_da7212_adapter.o
 .debug_ranges  0x00000ff0       0xa8 ./codec/fsl_codec_common.o
 .debug_ranges  0x00001098       0x28 ./codec/fsl_codec_i2c.o
 .debug_ranges  0x000010c0       0x80 ./codec/fsl_dialog7212.o
 .debug_ranges  0x00001140       0x40 ./board/board.o
 .debug_ranges  0x00001180       0x48 ./board/clock_config.o
 .debug_ranges  0x000011c8       0x30 ./board/pin_mux.o

.debug_macro    0x00000000    0x155e5
 .debug_macro   0x00000000      0x124 ./utilities/fsl_assert.o
 .debug_macro   0x00000124      0xac6 ./utilities/fsl_assert.o
 .debug_macro   0x00000bea       0x10 ./utilities/fsl_assert.o
 .debug_macro   0x00000bfa       0x1c ./utilities/fsl_assert.o
 .debug_macro   0x00000c16       0x22 ./utilities/fsl_assert.o
 .debug_macro   0x00000c38      0x12e ./utilities/fsl_assert.o
 .debug_macro   0x00000d66      0x5b3 ./utilities/fsl_assert.o
 .debug_macro   0x00001319       0x22 ./utilities/fsl_assert.o
 .debug_macro   0x0000133b       0x58 ./utilities/fsl_assert.o
 .debug_macro   0x00001393       0x1c ./utilities/fsl_assert.o
 .debug_macro   0x000013af       0x22 ./utilities/fsl_assert.o
 .debug_macro   0x000013d1       0xfb ./utilities/fsl_assert.o
 .debug_macro   0x000014cc      0xeeb ./utilities/fsl_assert.o
 .debug_macro   0x000023b7       0x40 ./utilities/fsl_assert.o
 .debug_macro   0x000023f7     0xec5f ./utilities/fsl_assert.o
 .debug_macro   0x00011056     0x118d ./utilities/fsl_assert.o
 .debug_macro   0x000121e3       0x7a ./utilities/fsl_assert.o
 .debug_macro   0x0001225d       0xa8 ./utilities/fsl_assert.o
 .debug_macro   0x00012305      0x174 ./utilities/fsl_assert.o
 .debug_macro   0x00012479       0x1c ./utilities/fsl_assert.o
 .debug_macro   0x00012495       0x1c ./utilities/fsl_assert.o
 .debug_macro   0x000124b1       0x2e ./utilities/fsl_assert.o
 .debug_macro   0x000124df      0x14a ./utilities/fsl_debug_console.o
 .debug_macro   0x00012629       0x16 ./utilities/fsl_debug_console.o
 .debug_macro   0x0001263f       0x10 ./utilities/fsl_debug_console.o
 .debug_macro   0x0001264f       0x28 ./utilities/fsl_debug_console.o
 .debug_macro   0x00012677       0xc4 ./utilities/fsl_debug_console.o
 .debug_macro   0x0001273b       0x16 ./utilities/fsl_debug_console.o
 .debug_macro   0x00012751       0x16 ./utilities/fsl_debug_console.o
 .debug_macro   0x00012767       0x46 ./utilities/fsl_debug_console.o
 .debug_macro   0x000127ad       0x29 ./startup/startup_mk64f12.o
 .debug_macro   0x000127d6      0x278 ./source/sai_interrupt_record_playback.o
 .debug_macro   0x00012a4e       0x10 ./source/sai_interrupt_record_playback.o
 .debug_macro   0x00012a5e       0x16 ./source/sai_interrupt_record_playback.o
 .debug_macro   0x00012a74       0x16 ./source/sai_interrupt_record_playback.o
 .debug_macro   0x00012a8a       0x16 ./source/sai_interrupt_record_playback.o
 .debug_macro   0x00012aa0      0x1c0 ./source/sai_interrupt_record_playback.o
 .debug_macro   0x00012c60       0x1e ./source/sai_interrupt_record_playback.o
 .debug_macro   0x00012c7e       0x1c ./source/sai_interrupt_record_playback.o
 .debug_macro   0x00012c9a       0x24 ./source/sai_interrupt_record_playback.o
 .debug_macro   0x00012cbe     0x1310 ./source/sai_interrupt_record_playback.o
 .debug_macro   0x00013fce       0x10 ./source/sai_interrupt_record_playback.o
 .debug_macro   0x00013fde       0x11 ./source/semihost_hardfault.o
 .debug_macro   0x00013fef      0x1d9 ./drivers/fsl_clock.o
 .debug_macro   0x000141c8      0x113 ./drivers/fsl_common_arm.o
 .debug_macro   0x000142db      0x128 ./drivers/fsl_edma.o
 .debug_macro   0x00014403       0x10 ./drivers/fsl_edma.o
 .debug_macro   0x00014413      0x122 ./drivers/fsl_i2c.o
 .debug_macro   0x00014535       0x1c ./drivers/fsl_i2c.o
 .debug_macro   0x00014551      0x128 ./drivers/fsl_sai.o
 .debug_macro   0x00014679       0x18 ./drivers/fsl_sai.o
 .debug_macro   0x00014691      0x140 ./drivers/fsl_sdhc.o
 .debug_macro   0x000147d1       0x64 ./drivers/fsl_sdhc.o
 .debug_macro   0x00014835      0x128 ./drivers/fsl_uart.o
 .debug_macro   0x0001495d       0x10 ./drivers/fsl_uart.o
 .debug_macro   0x0001496d       0x99 ./device/system_MK64F12.o
 .debug_macro   0x00014a06      0x11f ./component/uart/fsl_adapter_uart.o
 .debug_macro   0x00014b25       0x16 ./component/uart/fsl_adapter_uart.o
 .debug_macro   0x00014b3b      0x11f ./component/i2c/fsl_adapter_i2c.o
 .debug_macro   0x00014c5a       0x22 ./component/i2c/fsl_adapter_i2c.o
 .debug_macro   0x00014c7c      0x186 ./codec/port/da7212/fsl_codec_da7212_adapter.o
 .debug_macro   0x00014e02      0x182 ./codec/fsl_codec_common.o
 .debug_macro   0x00014f84      0x126 ./codec/fsl_codec_i2c.o
 .debug_macro   0x000150aa      0x135 ./codec/fsl_dialog7212.o
 .debug_macro   0x000151df      0x15d ./board/board.o
 .debug_macro   0x0001533c      0x154 ./board/clock_config.o
 .debug_macro   0x00015490      0x155 ./board/pin_mux.o

.debug_line     0x00000000     0xe0d6
 .debug_line    0x00000000      0x3e8 ./utilities/fsl_assert.o
 .debug_line    0x000003e8      0xcad ./utilities/fsl_debug_console.o
 .debug_line    0x00001095      0x911 ./startup/startup_mk64f12.o
 .debug_line    0x000019a6      0x83a ./source/sai_interrupt_record_playback.o
 .debug_line    0x000021e0       0x59 ./source/semihost_hardfault.o
 .debug_line    0x00002239     0x1516 ./drivers/fsl_clock.o
 .debug_line    0x0000374f      0x38e ./drivers/fsl_common_arm.o
 .debug_line    0x00003add     0x13f5 ./drivers/fsl_edma.o
 .debug_line    0x00004ed2     0x1403 ./drivers/fsl_i2c.o
 .debug_line    0x000062d5     0x1cb8 ./drivers/fsl_sai.o
 .debug_line    0x00007f8d     0x1148 ./drivers/fsl_sdhc.o
 .debug_line    0x000090d5     0x1184 ./drivers/fsl_uart.o
 .debug_line    0x0000a259      0x406 ./device/system_MK64F12.o
 .debug_line    0x0000a65f      0x565 ./component/uart/fsl_adapter_uart.o
 .debug_line    0x0000abc4      0x820 ./component/i2c/fsl_adapter_i2c.o
 .debug_line    0x0000b3e4      0x77c ./codec/port/da7212/fsl_codec_da7212_adapter.o
 .debug_line    0x0000bb60      0x926 ./codec/fsl_codec_common.o
 .debug_line    0x0000c486      0x4bc ./codec/fsl_codec_i2c.o
 .debug_line    0x0000c942      0x8ad ./codec/fsl_dialog7212.o
 .debug_line    0x0000d1ef      0x539 ./board/board.o
 .debug_line    0x0000d728      0x4c6 ./board/clock_config.o
 .debug_line    0x0000dbee      0x4e8 ./board/pin_mux.o

.debug_str      0x00000000    0x907b2
 .debug_str     0x00000000    0x79681 ./utilities/fsl_assert.o
                              0x7970c (size before relaxing)
 .debug_str     0x00079681     0x162a ./utilities/fsl_debug_console.o
                              0x7ada7 (size before relaxing)
 .debug_str     0x0007acab      0x7cd ./startup/startup_mk64f12.o
                               0x369a (size before relaxing)
 .debug_str     0x0007b478     0xc002 ./source/sai_interrupt_record_playback.o
                              0x86154 (size before relaxing)
 .debug_str     0x0008747a       0x1f ./source/semihost_hardfault.o
                               0x2e3f (size before relaxing)
 .debug_str     0x00087499     0x1c7f ./drivers/fsl_clock.o
                              0x7bd8a (size before relaxing)
 .debug_str     0x00089118       0x8b ./drivers/fsl_common_arm.o
                              0x795d1 (size before relaxing)
 .debug_str     0x000891a3     0x15b8 ./drivers/fsl_edma.o
                              0x7b8c9 (size before relaxing)
 .debug_str     0x0008a75b      0xb28 ./drivers/fsl_i2c.o
                              0x7b479 (size before relaxing)
 .debug_str     0x0008b283      0xb94 ./drivers/fsl_sai.o
                              0x7babd (size before relaxing)
 .debug_str     0x0008be17     0x1878 ./drivers/fsl_sdhc.o
                              0x7c06d (size before relaxing)
 .debug_str     0x0008d68f      0xb8b ./drivers/fsl_uart.o
                              0x7b44b (size before relaxing)
 .debug_str     0x0008e21a      0x10f ./device/system_MK64F12.o
                              0x77c73 (size before relaxing)
 .debug_str     0x0008e329       0xe9 ./component/uart/fsl_adapter_uart.o
                              0x7a5d8 (size before relaxing)
 .debug_str     0x0008e412      0x61a ./component/i2c/fsl_adapter_i2c.o
                              0x7ad18 (size before relaxing)
 .debug_str     0x0008ea2c      0xa94 ./codec/port/da7212/fsl_codec_da7212_adapter.o
                              0x84c72 (size before relaxing)
 .debug_str     0x0008f4c0      0x37d ./codec/fsl_codec_common.o
                              0x83ec5 (size before relaxing)
 .debug_str     0x0008f83d      0x150 ./codec/fsl_codec_i2c.o
                              0x7999e (size before relaxing)
 .debug_str     0x0008f98d      0x4fb ./codec/fsl_dialog7212.o
                              0x845c0 (size before relaxing)
 .debug_str     0x0008fe88       0xb3 ./board/board.o
                              0x7a906 (size before relaxing)
 .debug_str     0x0008ff3b      0x3b7 ./board/clock_config.o
                              0x7a6e2 (size before relaxing)
 .debug_str     0x000902f2      0x4c0 ./board/pin_mux.o
                              0x79e32 (size before relaxing)

.comment        0x00000000       0x49
 .comment       0x00000000       0x49 ./utilities/fsl_assert.o
                                 0x4a (size before relaxing)
 .comment       0x00000049       0x4a ./utilities/fsl_debug_console.o
 .comment       0x00000049       0x4a ./startup/startup_mk64f12.o
 .comment       0x00000049       0x4a ./source/sai_interrupt_record_playback.o
 .comment       0x00000049       0x4a ./source/semihost_hardfault.o
 .comment       0x00000049       0x4a ./drivers/fsl_clock.o
 .comment       0x00000049       0x4a ./drivers/fsl_common_arm.o
 .comment       0x00000049       0x4a ./drivers/fsl_edma.o
 .comment       0x00000049       0x4a ./drivers/fsl_i2c.o
 .comment       0x00000049       0x4a ./drivers/fsl_sai.o
 .comment       0x00000049       0x4a ./drivers/fsl_sdhc.o
 .comment       0x00000049       0x4a ./drivers/fsl_uart.o
 .comment       0x00000049       0x4a ./device/system_MK64F12.o
 .comment       0x00000049       0x4a ./component/uart/fsl_adapter_uart.o
 .comment       0x00000049       0x4a ./component/i2c/fsl_adapter_i2c.o
 .comment       0x00000049       0x4a ./codec/port/da7212/fsl_codec_da7212_adapter.o
 .comment       0x00000049       0x4a ./codec/fsl_codec_common.o
 .comment       0x00000049       0x4a ./codec/fsl_codec_i2c.o
 .comment       0x00000049       0x4a ./codec/fsl_dialog7212.o
 .comment       0x00000049       0x4a ./board/board.o
 .comment       0x00000049       0x4a ./board/clock_config.o
 .comment       0x00000049       0x4a ./board/pin_mux.o
 .comment       0x00000049       0x4a c:/nxp/mcuxpressoide_11.7.0_9198/ide/plugins/com.nxp.mcuxpresso.tools.win32_11.7.0.202209140929/tools/bin/../lib/gcc/arm-none-eabi/10.3.1/../../../../arm-none-eabi/lib/thumb/v7e-m+fp/hard\libcr_nohost_nf.a(_cr__main.o)
 .comment       0x00000049       0x4a c:/nxp/mcuxpressoide_11.7.0_9198/ide/plugins/com.nxp.mcuxpresso.tools.win32_11.7.0.202209140929/tools/bin/../lib/gcc/arm-none-eabi/10.3.1/../../../../arm-none-eabi/lib/thumb/v7e-m+fp/hard\libcr_c.a(memcpy.o)
 .comment       0x00000049       0x4a c:/nxp/mcuxpressoide_11.7.0_9198/ide/plugins/com.nxp.mcuxpresso.tools.win32_11.7.0.202209140929/tools/bin/../lib/gcc/arm-none-eabi/10.3.1/../../../../arm-none-eabi/lib/thumb/v7e-m+fp/hard\libcr_c.a(memset.o)
 .comment       0x00000049       0x4a c:/nxp/mcuxpressoide_11.7.0_9198/ide/plugins/com.nxp.mcuxpresso.tools.win32_11.7.0.202209140929/tools/bin/../lib/gcc/arm-none-eabi/10.3.1/../../../../arm-none-eabi/lib/thumb/v7e-m+fp/hard\libcr_c.a(alloc.o)
 .comment       0x00000049       0x4a c:/nxp/mcuxpressoide_11.7.0_9198/ide/plugins/com.nxp.mcuxpresso.tools.win32_11.7.0.202209140929/tools/bin/../lib/gcc/arm-none-eabi/10.3.1/../../../../arm-none-eabi/lib/thumb/v7e-m+fp/hard\libcr_c.a(initio.o)