Archive member included to satisfy reference by file (symbol)

c:/nxp/mcuxpressoide_11.7.0_9198/ide/plugins/com.nxp.mcuxpresso.tools.win32_11.7.0.202209140929/tools/bin/../lib/gcc/arm-none-eabi/10.3.1/../../../../arm-none-eabi/lib/thumb/v7e-m+fp/hard\libcr_nohost_nf.a(_cr__main.o)
                              ./startup/startup_mk64f12.o (__main)
c:/nxp/mcuxpressoide_11.7.0_9198/ide/plugins/com.nxp.mcuxpresso.tools.win32_11.7.0.202209140929/tools/bin/../lib/gcc/arm-none-eabi/10.3.1/../../../../arm-none-eabi/lib/thumb/v7e-m+fp/hard\libcr_c.a(memcpy.o)
                              ./utilities/fsl_debug_console.o (memcpy)
c:/nxp/mcuxpressoide_11.7.0_9198/ide/plugins/com.nxp.mcuxpresso.tools.win32_11.7.0.202209140929/tools/bin/../lib/gcc/arm-none-eabi/10.3.1/../../../../arm-none-eabi/lib/thumb/v7e-m+fp/hard\libcr_c.a(memset.o)
                              ./source/sd_test.o (memset)
c:/nxp/mcuxpressoide_11.7.0_9198/ide/plugins/com.nxp.mcuxpresso.tools.win32_11.7.0.202209140929/tools/bin/../lib/gcc/arm-none-eabi/10.3.1/../../../../arm-none-eabi/lib/thumb/v7e-m+fp/hard\libcr_c.a(alloc.o)
                              ./drivers/fsl_common.o (malloc)
c:/nxp/mcuxpressoide_11.7.0_9198/ide/plugins/com.nxp.mcuxpresso.tools.win32_11.7.0.202209140929/tools/bin/../lib/gcc/arm-none-eabi/10.3.1/../../../../arm-none-eabi/lib/thumb/v7e-m+fp/hard\libcr_c.a(initio.o)
                              c:/nxp/mcuxpressoide_11.7.0_9198/ide/plugins/com.nxp.mcuxpresso.tools.win32_11.7.0.202209140929/tools/bin/../lib/gcc/arm-none-eabi/10.3.1/../../../../arm-none-eabi/lib/thumb/v7e-m+fp/hard\libcr_nohost_nf.a(_cr__main.o) (_initio)
c:/nxp/mcuxpressoide_11.7.0_9198/ide/plugins/com.nxp.mcuxpresso.tools.win32_11.7.0.202209140929/tools/bin/../lib/gcc/arm-none-eabi/10.3.1/../../../../arm-none-eabi/lib/thumb/v7e-m+fp/hard\libcr_c.a(memcmp.o)
                              ./source/sd_test.o (memcmp)
c:/nxp/mcuxpressoide_11.7.0_9198/ide/plugins/com.nxp.mcuxpresso.tools.win32_11.7.0.202209140929/tools/bin/../lib/gcc/arm-none-eabi/10.3.1/../../../../arm-none-eabi/lib/thumb/v7e-m+fp/hard\libcr_c.a(setvbuf.o)
                              c:/nxp/mcuxpressoide_11.7.0_9198/ide/plugins/com.nxp.mcuxpresso.tools.win32_11.7.0.202209140929/tools/bin/../lib/gcc/arm-none-eabi/10.3.1/../../../../arm-none-eabi/lib/thumb/v7e-m+fp/hard\libcr_c.a(initio.o) (setvbuf)
c:/nxp/mcuxpressoide_11.7.0_9198/ide/plugins/com.nxp.mcuxpresso.tools.win32_11.7.0.202209140929/tools/bin/../lib/gcc/arm-none-eabi/10.3.1/../../../../arm-none-eabi/lib/thumb/v7e-m+fp/hard\libcr_c.a(strlen.o)
                              ./utilities/fsl_debug_console.o (strlen)
c:/nxp/mcuxpressoide_11.7.0_9198/ide/plugins/com.nxp.mcuxpresso.tools.win32_11.7.0.202209140929/tools/bin/../lib/gcc/arm-none-eabi/10.3.1/../../../../arm-none-eabi/lib/thumb/v7e-m+fp/hard\libcr_c.a(__init_alloc.o)
                              c:/nxp/mcuxpressoide_11.7.0_9198/ide/plugins/com.nxp.mcuxpresso.tools.win32_11.7.0.202209140929/tools/bin/../lib/gcc/arm-none-eabi/10.3.1/../../../../arm-none-eabi/lib/thumb/v7e-m+fp/hard\libcr_c.a(alloc.o) (__heaps)
c:/nxp/mcuxpressoide_11.7.0_9198/ide/plugins/com.nxp.mcuxpresso.tools.win32_11.7.0.202209140929/tools/bin/../lib/gcc/arm-none-eabi/10.3.1/../../../../arm-none-eabi/lib/thumb/v7e-m+fp/hard\libcr_c.a(_cr_sbrk.o)
                              c:/nxp/mcuxpressoide_11.7.0_9198/ide/plugins/com.nxp.mcuxpresso.tools.win32_11.7.0.202209140929/tools/bin/../lib/gcc/arm-none-eabi/10.3.1/../../../../arm-none-eabi/lib/thumb/v7e-m+fp/hard\libcr_c.a(alloc.o) (_sbrk)
c:/nxp/mcuxpressoide_11.7.0_9198/ide/plugins/com.nxp.mcuxpresso.tools.win32_11.7.0.202209140929/tools/bin/../lib/gcc/arm-none-eabi/10.3.1/../../../../arm-none-eabi/lib/thumb/v7e-m+fp/hard\libcr_c.a(_fdopen.o)
                              c:/nxp/mcuxpressoide_11.7.0_9198/ide/plugins/com.nxp.mcuxpresso.tools.win32_11.7.0.202209140929/tools/bin/../lib/gcc/arm-none-eabi/10.3.1/../../../../arm-none-eabi/lib/thumb/v7e-m+fp/hard\libcr_c.a(initio.o) (_fdopen)
c:/nxp/mcuxpressoide_11.7.0_9198/ide/plugins/com.nxp.mcuxpresso.tools.win32_11.7.0.202209140929/tools/bin/../lib/gcc/arm-none-eabi/10.3.1/../../../../arm-none-eabi/lib/thumb/v7e-m+fp/hard\libcr_c.a(errno.o)
                              c:/nxp/mcuxpressoide_11.7.0_9198/ide/plugins/com.nxp.mcuxpresso.tools.win32_11.7.0.202209140929/tools/bin/../lib/gcc/arm-none-eabi/10.3.1/../../../../arm-none-eabi/lib/thumb/v7e-m+fp/hard\libcr_c.a(_cr_sbrk.o) (errno)
c:/nxp/mcuxpressoide_11.7.0_9198/ide/plugins/com.nxp.mcuxpresso.tools.win32_11.7.0.202209140929/tools/bin/../lib/gcc/arm-none-eabi/10.3.1/../../../../arm-none-eabi/lib/thumb/v7e-m+fp/hard\libcr_c.a(fclose.o)
                              c:/nxp/mcuxpressoide_11.7.0_9198/ide/plugins/com.nxp.mcuxpresso.tools.win32_11.7.0.202209140929/tools/bin/../lib/gcc/arm-none-eabi/10.3.1/../../../../arm-none-eabi/lib/thumb/v7e-m+fp/hard\libcr_c.a(initio.o) (fclose)
[...]
Memory Configuration

Name             Origin             Length             Attributes
PROGRAM_FLASH    0x00000000         0x00200000         xr
SRAM_UPPER       0x20000000         0x00030000         xrw
SRAM_LOWER       0x1fff0000         0x00010000         xrw
FLEX_RAM         0x14000000         0x00001000         xrw
*default*        0x00000000         0xffffffff

Linker script and memory map

LOAD ./utilities/fsl_assert.o
LOAD ./utilities/fsl_debug_console.o
LOAD ./startup/startup_mk64f12.o
LOAD ./source/sai_interrupt_record_playback.o
LOAD ./source/sd_test.o
LOAD ./source/semihost_hardfault.o
LOAD ./sdmmc/src/fsl_sd.o
LOAD ./sdmmc/src/fsl_sdmmc_common.o
LOAD ./sdmmc/osa/fsl_sdmmc_osa.o
LOAD ./sdmmc/host/fsl_sdmmc_host.o
LOAD ./drivers/fsl_clock.o
LOAD ./drivers/fsl_common.o
LOAD ./drivers/fsl_common_arm.o
LOAD ./drivers/fsl_dmamux.o
LOAD ./drivers/fsl_edma.o
LOAD ./drivers/fsl_ftfx_cache.o
LOAD ./drivers/fsl_ftfx_controller.o
LOAD ./drivers/fsl_ftfx_flash.o
LOAD ./drivers/fsl_ftfx_flexnvm.o
LOAD ./drivers/fsl_gpio.o
LOAD ./drivers/fsl_i2c.o
LOAD ./drivers/fsl_sai.o
LOAD ./drivers/fsl_sai_edma.o
LOAD ./drivers/fsl_sdhc.o
LOAD ./drivers/fsl_smc.o
LOAD ./drivers/fsl_sysmpu.o
LOAD ./drivers/fsl_uart.o
LOAD ./device/system_MK64F12.o
LOAD ./component/uart/fsl_adapter_uart.o
LOAD ./component/osa/fsl_os_abstraction_bm.o
LOAD ./component/lists/fsl_component_generic_list.o
LOAD ./component/i2c/fsl_adapter_i2c.o
LOAD ./codec/port/da7212/fsl_codec_da7212_adapter.o
LOAD ./codec/fsl_codec_common.o
LOAD ./codec/fsl_codec_i2c.o
LOAD ./codec/fsl_dialog7212.o
LOAD ./board/board.o
LOAD ./board/clock_config.o
LOAD ./board/pin_mux.o
LOAD ./board/sdmmc_config.o
START GROUP
LOAD c:/nxp/mcuxpressoide_11.7.0_9198/ide/plugins/com.nxp.mcuxpresso.tools.win32_11.7.0.202209140929/tools/bin/../lib/gcc/arm-none-eabi/10.3.1/../../../../arm-none-eabi/lib/thumb/v7e-m+fp/hard\libcr_nohost_nf.a
LOAD c:/nxp/mcuxpressoide_11.7.0_9198/ide/plugins/com.nxp.mcuxpresso.tools.win32_11.7.0.202209140929/tools/bin/../lib/gcc/arm-none-eabi/10.3.1/../../../../arm-none-eabi/lib/thumb/v7e-m+fp/hard\libcr_c.a
LOAD c:/nxp/mcuxpressoide_11.7.0_9198/ide/plugins/com.nxp.mcuxpresso.tools.win32_11.7.0.202209140929/tools/bin/../lib/gcc/arm-none-eabi/10.3.1/thumb/v7e-m+fp/hard\libcr_eabihelpers.a
LOAD c:/nxp/mcuxpressoide_11.7.0_9198/ide/plugins/com.nxp.mcuxpresso.tools.win32_11.7.0.202209140929/tools/bin/../lib/gcc/arm-none-eabi/10.3.1/thumb/v7e-m+fp/hard\libgcc.a
END GROUP
                0x00000000                __base_PROGRAM_FLASH = 0x0
                0x00000000                __base_Flash = 0x0
                0x00200000                __top_PROGRAM_FLASH = 0x200000
                0x00200000                __top_Flash = 0x200000
                0x20000000                __base_SRAM_UPPER = 0x20000000
                0x20000000                __base_RAM = 0x20000000
                0x20030000                __top_SRAM_UPPER = 0x20030000
                0x20030000                __top_RAM = 0x20030000
                0x1fff0000                __base_SRAM_LOWER = 0x1fff0000
                0x1fff0000                __base_RAM2 = 0x1fff0000
                0x20000000                __top_SRAM_LOWER = 0x20000000
                0x20000000                __top_RAM2 = 0x20000000
                0x14000000                __base_FLEX_RAM = 0x14000000
                0x14000000                __base_RAM3 = 0x14000000
                0x14001000                __top_FLEX_RAM = 0x14001000
                0x14001000                __top_RAM3 = 0x14001000

.text           0x00000000    0x173b0
 FILL mask 0xff
                0x00000000                __vectors_start__ = ABSOLUTE (.)
 *(SORT_BY_ALIGNMENT(.isr_vector))
 .isr_vector    0x00000000      0x198 ./startup/startup_mk64f12.o
                0x00000000                g_pfnVectors
                0x00000000                __Vectors
                0x00000198                . = ALIGN (0x4)
                0x00000198                __section_table_start = .
                0x00000198                __data_section_table = .
                0x00000198        0x4 LONG 0x173b0 LOADADDR (.data)
                0x0000019c        0x4 LONG 0x20000000 ADDR (.data)
                0x000001a0        0x4 LONG 0x40 SIZEOF (.data)
                0x000001a4        0x4 LONG 0x173b0 LOADADDR (.data_RAM2)
                0x000001a8        0x4 LONG 0x1fff0000 ADDR (.data_RAM2)
                0x000001ac        0x4 LONG 0x0 SIZEOF (.data_RAM2)
                0x000001b0        0x4 LONG 0x173b0 LOADADDR (.data_RAM3)
                0x000001b4        0x4 LONG 0x14000000 ADDR (.data_RAM3)
                0x000001b8        0x4 LONG 0x0 SIZEOF (.data_RAM3)
                0x000001bc                __data_section_table_end = .
                0x000001bc                __bss_section_table = .
                0x000001bc        0x4 LONG 0x20000040 ADDR (.bss)
                0x000001c0        0x4 LONG 0xcdc8 SIZEOF (.bss)
                0x000001c4        0x4 LONG 0x1fff0000 ADDR (.bss_RAM2)
                0x000001c8        0x4 LONG 0x0 SIZEOF (.bss_RAM2)
                0x000001cc        0x4 LONG 0x14000000 ADDR (.bss_RAM3)
                0x000001d0        0x4 LONG 0x0 SIZEOF (.bss_RAM3)
                0x000001d4                __bss_section_table_end = .
                0x000001d4                __section_table_end = .
 *(SORT_BY_ALIGNMENT(.after_vectors*))
 .after_vectors.reset
                0x000001d4       0x4c ./startup/startup_mk64f12.o
                0x000001d4                ResetISR
 .after_vectors.init_data
                0x00000220       0x1e ./startup/startup_mk64f12.o
                0x00000220                data_init
 .after_vectors.init_bss
                0x0000023e       0x12 ./startup/startup_mk64f12.o
                0x0000023e                bss_init
 .after_vectors
                0x00000250       0x14 ./startup/startup_mk64f12.o
                0x00000250                NMI_Handler
                0x00000254                MemManage_Handler
                0x00000256                BusFault_Handler
                0x00000258                UsageFault_Handler
                0x0000025a                SVC_Handler
                0x0000025c                DebugMon_Handler
                0x0000025e                PendSV_Handler
                0x00000260                SysTick_Handler
                0x00000262                FTM1_DriverIRQHandler
                0x00000262                FTM2_DriverIRQHandler
                0x00000262                PIT2_DriverIRQHandler
                0x00000262                RTC_Seconds_DriverIRQHandler
                0x00000262                LLWU_DriverIRQHandler
                0x00000262                MCM_DriverIRQHandler
                0x00000262                MCG_DriverIRQHandler
                0x00000262                ENET_1588_Timer_DriverIRQHandler
                0x00000262                DAC1_DriverIRQHandler
                0x00000262                DMA_Error_DriverIRQHandler
                0x00000262                CMP1_DriverIRQHandler
                0x00000262                FTM0_DriverIRQHandler
                0x00000262                IntDefaultHandler
                0x00000262                USB0_DriverIRQHandler
                0x00000262                UART5_ERR_DriverIRQHandler
                0x00000262                PORTC_DriverIRQHandler
                0x00000262                DAC0_DriverIRQHandler
                0x00000262                CMP2_DriverIRQHandler
                0x00000262                UART2_ERR_DriverIRQHandler
                0x00000262                SPI2_DriverIRQHandler
                0x00000262                LPTMR0_DriverIRQHandler
                0x00000262                PIT0_DriverIRQHandler
                0x00000262                RNG_DriverIRQHandler
                0x00000262                USBDCD_DriverIRQHandler
                0x00000262                UART3_ERR_DriverIRQHandler
                0x00000262                UART0_ERR_DriverIRQHandler
                0x00000262                CMT_DriverIRQHandler
                0x00000262                Reserved71_DriverIRQHandler
                0x00000262                ADC1_DriverIRQHandler
                0x00000262                PORTA_DriverIRQHandler
                0x00000262                PIT3_DriverIRQHandler
                0x00000262                PIT1_DriverIRQHandler
                0x00000262                WDOG_EWM_DriverIRQHandler
                0x00000262                PDB0_DriverIRQHandler
                0x00000262                RTC_DriverIRQHandler
                0x00000262                Read_Collision_DriverIRQHandler
                0x00000262                SWI_DriverIRQHandler
                0x00000262                UART4_ERR_DriverIRQHandler
                0x00000262                SPI1_DriverIRQHandler
                0x00000262                UART0_LON_DriverIRQHandler
                0x00000262                PORTB_DriverIRQHandler
                0x00000262                ENET_Receive_DriverIRQHandler
                0x00000262                ENET_Error_DriverIRQHandler
                0x00000262                SPI0_DriverIRQHandler
                0x00000262                ADC0_DriverIRQHandler
                0x00000262                CMP0_DriverIRQHandler
                0x00000262                CAN0_DriverIRQHandler
                0x00000262                FTM3_DriverIRQHandler
                0x00000262                LVD_LVW_DriverIRQHandler
                0x00000262                UART1_ERR_DriverIRQHandler
                0x00000262                ENET_Transmit_DriverIRQHandler
                0x00000262                PORTD_DriverIRQHandler
                0x00000262                PORTE_DriverIRQHandler
                0x00000262                FTFE_DriverIRQHandler
                0x00000400                . = 0x400
 *fill*         0x00000264      0x19c ff
                0x00000400                PROVIDE (__FLASH_CONFIG_START__ = .)
 *(SORT_BY_ALIGNMENT(.FlashConfig))
 .FlashConfig   0x00000400       0x10 ./startup/startup_mk64f12.o
                0x00000400                Flash_Config
                0x00000410                PROVIDE (__FLASH_CONFIG_END__ = .)
                0x00000001                ASSERT (! ((__FLASH_CONFIG_START__ == __FLASH_CONFIG_END__)), Linker Flash Config Support Enabled, but no .FlashConfig section provided within application)
 *(SORT_BY_ALIGNMENT(.text*))
 .text.__assertion_failed
                0x00000410       0x18 ./utilities/fsl_assert.o
                0x00000410                __assertion_failed
 .text.DbgConsole_Init
                0x00000428       0x74 ./utilities/fsl_debug_console.o
                0x00000428                DbgConsole_Init
 .text.DbgConsole_Vprintf
                0x0000049c       0x3c ./utilities/fsl_debug_console.o
                0x0000049c                DbgConsole_Vprintf
 .text.DbgConsole_Putchar
                0x000004d8       0x30 ./utilities/fsl_debug_console.o
                0x000004d8                DbgConsole_Putchar
 .text.DbgConsole_PrintfFormattedData
                0x00000508      0x3e0 ./utilities/fsl_debug_console.o
 .text.BOARD_MasterClockConfig
                0x000008e8       0x34 ./source/sai_interrupt_record_playback.o
                0x000008e8                BOARD_MasterClockConfig
 .text.BOARD_SAI_RXConfig
                0x0000091c       0x3c ./source/sai_interrupt_record_playback.o
                0x0000091c                BOARD_SAI_RXConfig
 .text.callback
                0x00000958       0x24 ./source/sai_interrupt_record_playback.o
 .text.DelayMS  0x0000097c       0x38 ./source/sai_interrupt_record_playback.o
                0x0000097c                DelayMS
 .text.mp3      0x000009b4       0x7c ./source/sai_interrupt_record_playback.o
                0x000009b4                mp3
 .text.main     0x00000a30      0x118 ./source/sai_interrupt_record_playback.o
                0x00000a30                main
 .text.SDCARD_DetectCallBack
                0x00000b48       0x24 ./source/sd_test.o
 .text.sd_run   0x00000b6c       0xc0 ./source/sd_test.o
                0x00000b6c                sd_run
 .text.CardInformationLog
                0x00000c2c      0x120 ./source/sd_test.o
 .text.SD_SendApplicationCmd
                0x00000d4c       0x30 ./sdmmc/src/fsl_sd.o
 .text.SD_GoIdle
                0x00000d7c       0x2c ./sdmmc/src/fsl_sd.o
 .text.SD_SetBlockSize
                0x00000da8       0x30 ./sdmmc/src/fsl_sd.o
 .text.SD_ExecuteTuning
                0x00000dd8       0x3c ./sdmmc/src/fsl_sd.o
 .text.SD_SwitchVoltage
                0x00000e14      0x10c ./sdmmc/src/fsl_sd.o
 .text.SD_StopTransmission
                0x00000f20       0x80 ./sdmmc/src/fsl_sd.o
 .text.SD_Transfer
                0x00000fa0       0xc8 ./sdmmc/src/fsl_sd.o
 .text.SD_SendCardStatus
                0x00001068       0xac ./sdmmc/src/fsl_sd.o
 .text.SD_PollingCardStatusBusy
                0x00001114       0x7c ./sdmmc/src/fsl_sd.o
                0x00001114                SD_PollingCardStatusBusy
 .text.SD_SendRca
                0x00001190       0x74 ./sdmmc/src/fsl_sd.o
 .text.SD_SwitchFunction
                0x00001204       0xc8 ./sdmmc/src/fsl_sd.o
 .text.SD_DecodeScr
                0x000012cc      0x178 ./sdmmc/src/fsl_sd.o
 .text.SD_SendScr
                0x00001444       0xe0 ./sdmmc/src/fsl_sd.o
 .text.SD_SelectFunction
                0x00001524      0x184 ./sdmmc/src/fsl_sd.o
 .text.SD_SetDataBusWidth
                0x000016a8       0x9c ./sdmmc/src/fsl_sd.o
 .text.SD_DecodeCsd
                0x00001744      0x374 ./sdmmc/src/fsl_sd.o
 .text.SD_SendCsd
                0x00001ab8       0x98 ./sdmmc/src/fsl_sd.o
 .text.SD_DecodeCid
                0x00001b50       0xd4 ./sdmmc/src/fsl_sd.o
 .text.SD_AllSendCid
                0x00001c24       0x94 ./sdmmc/src/fsl_sd.o
 .text.SD_ApplicationSendOperationCondition
                0x00001cb8       0xdc ./sdmmc/src/fsl_sd.o
 .text.SD_SendInterfaceCondition
                0x00001d94       0x98 ./sdmmc/src/fsl_sd.o
 .text.SD_SelectBusTiming
                0x00001e2c      0x268 ./sdmmc/src/fsl_sd.o
 .text.SD_DecodeStatus
                0x00002094      0x114 ./sdmmc/src/fsl_sd.o
 .text.SD_ReadStatus
                0x000021a8       0xfc ./sdmmc/src/fsl_sd.o
                0x000021a8                SD_ReadStatus
 .text.SD_SelectCard
                0x000022a4       0x38 ./sdmmc/src/fsl_sd.o
                0x000022a4                SD_SelectCard
 .text.SD_Read  0x000022dc      0x14c ./sdmmc/src/fsl_sd.o
 .text.SD_CheckReadOnly
                0x00002428       0x48 ./sdmmc/src/fsl_sd.o
                0x00002428                SD_CheckReadOnly
 .text.SD_ReadBlocks
                0x00002470      0x188 ./sdmmc/src/fsl_sd.o
                0x00002470                SD_ReadBlocks
 .text.SD_ProbeBusVoltage
                0x000025f8      0x164 ./sdmmc/src/fsl_sd.o
 .text.sdcard_init
                0x0000275c      0x160 ./sdmmc/src/fsl_sd.o
 .text.SD_CardInit
                0x000028bc       0x60 ./sdmmc/src/fsl_sd.o
                0x000028bc                SD_CardInit
 .text.SD_HostInit
                0x0000291c       0x8c ./sdmmc/src/fsl_sd.o
                0x0000291c                SD_HostInit
 .text.SD_SetCardPower
                0x000029a8       0x80 ./sdmmc/src/fsl_sd.o
                0x000029a8                SD_SetCardPower
 .text.SDMMC_SelectCard
                0x00002a28       0x84 ./sdmmc/src/fsl_sdmmc_common.o
                0x00002a28                SDMMC_SelectCard
 .text.SDMMC_SendApplicationCommand
                0x00002aac       0x80 ./sdmmc/src/fsl_sdmmc_common.o
                0x00002aac                SDMMC_SendApplicationCommand
 .text.SDMMC_SetBlockSize
                0x00002b2c       0x70 ./sdmmc/src/fsl_sdmmc_common.o
                0x00002b2c                SDMMC_SetBlockSize
 .text.SDMMC_OSAEventCreate
                0x00002b9c       0x30 ./sdmmc/osa/fsl_sdmmc_osa.o
                0x00002b9c                SDMMC_OSAEventCreate
 .text.SDMMC_OSAEventWait
                0x00002bcc       0x6c ./sdmmc/osa/fsl_sdmmc_osa.o
                0x00002bcc                SDMMC_OSAEventWait
 .text.SDMMC_OSAEventSet
                0x00002c38       0x50 ./sdmmc/osa/fsl_sdmmc_osa.o
                0x00002c38                SDMMC_OSAEventSet
 .text.SDMMC_OSAEventGet
                0x00002c88       0x40 ./sdmmc/osa/fsl_sdmmc_osa.o
                0x00002c88                SDMMC_OSAEventGet
 .text.SDMMC_OSAEventClear
                0x00002cc8       0x48 ./sdmmc/osa/fsl_sdmmc_osa.o
                0x00002cc8                SDMMC_OSAEventClear
 .text.SDMMC_OSAMutexCreate
                0x00002d10       0x2c ./sdmmc/osa/fsl_sdmmc_osa.o
                0x00002d10                SDMMC_OSAMutexCreate
 .text.SDMMC_OSAMutexLock
                0x00002d3c       0x30 ./sdmmc/osa/fsl_sdmmc_osa.o
                0x00002d3c                SDMMC_OSAMutexLock
 .text.SDMMC_OSAMutexUnlock
                0x00002d6c       0x2c ./sdmmc/osa/fsl_sdmmc_osa.o
                0x00002d6c                SDMMC_OSAMutexUnlock
 .text.SDMMC_OSADelay
                0x00002d98       0x28 ./sdmmc/osa/fsl_sdmmc_osa.o
                0x00002d98                SDMMC_OSADelay
 .text.SDMMC_OSADelayUs
                0x00002dc0       0x20 ./sdmmc/osa/fsl_sdmmc_osa.o
                0x00002dc0                SDMMC_OSADelayUs
 .text.SDMMCHOST_Init
                0x00002de0       0xdc ./sdmmc/host/fsl_sdmmc_host.o
                0x00002de0                SDMMCHOST_Init
 .text.CLOCK_SetEr32kClock
                0x00002ebc       0x30 ./drivers/fsl_clock.o
 .text.CLOCK_SetPllFllSelClock
                0x00002eec       0x38 ./drivers/fsl_clock.o
 .text.CLOCK_GetMcgExtClkFreq
                0x00002f24       0x7c ./drivers/fsl_clock.o
 .text.CLOCK_GetFllExtRefClkFreq
                0x00002fa0       0xb0 ./drivers/fsl_clock.o
 .text.CLOCK_GetInternalRefClkSelectFreq
                0x00003050       0x4c ./drivers/fsl_clock.o
 .text.CLOCK_GetFllRefClkFreq
                0x0000309c       0x34 ./drivers/fsl_clock.o
 .text.CLOCK_GetOscRangeFromFreq
                0x000030d0       0x3c ./drivers/fsl_clock.o
 .text.CLOCK_GetOsc0ErClkFreq
                0x0000310c       0x44 ./drivers/fsl_clock.o
                0x0000310c                CLOCK_GetOsc0ErClkFreq
 .text.CLOCK_GetEr32kClkFreq
                0x00003150       0x74 ./drivers/fsl_clock.o
                0x00003150                CLOCK_GetEr32kClkFreq
 .text.CLOCK_GetPllFllSelClkFreq
                0x000031c4       0x54 ./drivers/fsl_clock.o
                0x000031c4                CLOCK_GetPllFllSelClkFreq
 .text.CLOCK_GetCoreSysClkFreq
                0x00003218       0x28 ./drivers/fsl_clock.o
                0x00003218                CLOCK_GetCoreSysClkFreq
 .text.CLOCK_GetFreq
                0x00003240      0x140 ./drivers/fsl_clock.o
                0x00003240                CLOCK_GetFreq
 .text.CLOCK_SetSimConfig
                0x00003380       0x34 ./drivers/fsl_clock.o
                0x00003380                CLOCK_SetSimConfig
 .text.CLOCK_GetOutClkFreq
                0x000033b4       0x64 ./drivers/fsl_clock.o
                0x000033b4                CLOCK_GetOutClkFreq
 .text.CLOCK_GetFllFreq
                0x00003418       0x84 ./drivers/fsl_clock.o
                0x00003418                CLOCK_GetFllFreq
 .text.CLOCK_GetInternalRefClkFreq
                0x0000349c       0x30 ./drivers/fsl_clock.o
                0x0000349c                CLOCK_GetInternalRefClkFreq
 .text.CLOCK_GetPll0Freq
                0x000034cc       0x78 ./drivers/fsl_clock.o
                0x000034cc                CLOCK_GetPll0Freq
 .text.CLOCK_SetExternalRefClkConfig
                0x00003544       0x6c ./drivers/fsl_clock.o
                0x00003544                CLOCK_SetExternalRefClkConfig
 .text.CLOCK_SetInternalRefClkConfig
                0x000035b0      0x104 ./drivers/fsl_clock.o
                0x000035b0                CLOCK_SetInternalRefClkConfig
 .text.CLOCK_EnablePll0
                0x000036b4       0x88 ./drivers/fsl_clock.o
                0x000036b4                CLOCK_EnablePll0
 .text.CLOCK_InitOsc0
                0x0000373c       0x8c ./drivers/fsl_clock.o
                0x0000373c                CLOCK_InitOsc0
 .text.CLOCK_SetPbeMode
                0x000037c8       0xa8 ./drivers/fsl_clock.o
                0x000037c8                CLOCK_SetPbeMode
 .text.CLOCK_BootToPeeMode
                0x00003870       0x64 ./drivers/fsl_clock.o
                0x00003870                CLOCK_BootToPeeMode
 .text.SDK_DelayAtLeastUs
                0x000038d4       0x8c ./drivers/fsl_common_arm.o
                0x000038d4                SDK_DelayAtLeastUs
 .text.EDMA_HandleIRQ
                0x00003960      0x1b0 ./drivers/fsl_edma.o
                0x00003960                EDMA_HandleIRQ
 .text.DMA0_DriverIRQHandler
                0x00003b10       0x1c ./drivers/fsl_edma.o
                0x00003b10                DMA0_DriverIRQHandler
 .text.DMA1_DriverIRQHandler
                0x00003b2c       0x1c ./drivers/fsl_edma.o
                0x00003b2c                DMA1_DriverIRQHandler
 .text.DMA2_DriverIRQHandler
                0x00003b48       0x1c ./drivers/fsl_edma.o
                0x00003b48                DMA2_DriverIRQHandler
 .text.DMA3_DriverIRQHandler
                0x00003b64       0x1c ./drivers/fsl_edma.o
                0x00003b64                DMA3_DriverIRQHandler
 .text.DMA4_DriverIRQHandler
                0x00003b80       0x1c ./drivers/fsl_edma.o
                0x00003b80                DMA4_DriverIRQHandler
 .text.DMA5_DriverIRQHandler
                0x00003b9c       0x1c ./drivers/fsl_edma.o
                0x00003b9c                DMA5_DriverIRQHandler
 .text.DMA6_DriverIRQHandler
                0x00003bb8       0x1c ./drivers/fsl_edma.o
                0x00003bb8                DMA6_DriverIRQHandler
 .text.DMA7_DriverIRQHandler
                0x00003bd4       0x1c ./drivers/fsl_edma.o
                0x00003bd4                DMA7_DriverIRQHandler
 .text.DMA8_DriverIRQHandler
                0x00003bf0       0x1c ./drivers/fsl_edma.o
                0x00003bf0                DMA8_DriverIRQHandler
 .text.DMA9_DriverIRQHandler
                0x00003c0c       0x1c ./drivers/fsl_edma.o
                0x00003c0c                DMA9_DriverIRQHandler
 .text.DMA10_DriverIRQHandler
                0x00003c28       0x1c ./drivers/fsl_edma.o
                0x00003c28                DMA10_DriverIRQHandler
 .text.DMA11_DriverIRQHandler
                0x00003c44       0x1c ./drivers/fsl_edma.o
                0x00003c44                DMA11_DriverIRQHandler
 .text.DMA12_DriverIRQHandler
                0x00003c60       0x1c ./drivers/fsl_edma.o
                0x00003c60                DMA12_DriverIRQHandler
 .text.DMA13_DriverIRQHandler
                0x00003c7c       0x1c ./drivers/fsl_edma.o
                0x00003c7c                DMA13_DriverIRQHandler
 .text.DMA14_DriverIRQHandler
                0x00003c98       0x1c ./drivers/fsl_edma.o
                0x00003c98                DMA14_DriverIRQHandler
 .text.DMA15_DriverIRQHandler
                0x00003cb4       0x1c ./drivers/fsl_edma.o
                0x00003cb4                DMA15_DriverIRQHandler
 .text.I2C_GetInstance
                0x00003cd0       0x4c ./drivers/fsl_i2c.o
                0x00003cd0                I2C_GetInstance
 .text.I2C_TransferCommonIRQHandler
                0x00003d1c       0x58 ./drivers/fsl_i2c.o
 .text.I2C_MasterInit
                0x00003d74       0xe4 ./drivers/fsl_i2c.o
                0x00003d74                I2C_MasterInit
 .text.I2C_MasterGetDefaultConfig
                0x00003e58       0x48 ./drivers/fsl_i2c.o
                0x00003e58                I2C_MasterGetDefaultConfig
 .text.I2C_MasterSetBaudRate
                0x00003ea0       0xe8 ./drivers/fsl_i2c.o
                0x00003ea0                I2C_MasterSetBaudRate
 .text.I2C_MasterTransferBlocking
                0x00003f88      0x24c ./drivers/fsl_i2c.o
                0x00003f88                I2C_MasterTransferBlocking
 .text.I2C0_DriverIRQHandler
                0x000041d4       0x1c ./drivers/fsl_i2c.o
                0x000041d4                I2C0_DriverIRQHandler
 .text.I2C1_DriverIRQHandler
                0x000041f0       0x1c ./drivers/fsl_i2c.o
                0x000041f0                I2C1_DriverIRQHandler
 .text.I2C2_DriverIRQHandler
                0x0000420c       0x1c ./drivers/fsl_i2c.o
                0x0000420c                I2C2_DriverIRQHandler
 .text.__NVIC_EnableIRQ
                0x00004228       0x3c ./drivers/fsl_sai.o
 .text.SAI_SetMasterClockDivider
                0x00004264      0x120 ./drivers/fsl_sai.o
 .text.SAI_GetInstance
                0x00004384       0x44 ./drivers/fsl_sai.o
 .text.SAI_GetCommonConfig
                0x000043c8       0xb4 ./drivers/fsl_sai.o
 .text.SAI_Init
                0x0000447c       0x48 ./drivers/fsl_sai.o
                0x0000447c                SAI_Init
 .text.SAI_TxSetBitClockRate
                0x000044c4       0x88 ./drivers/fsl_sai.o
                0x000044c4                SAI_TxSetBitClockRate
 .text.SAI_RxSetBitClockRate
                0x0000454c       0x8c ./drivers/fsl_sai.o
                0x0000454c                SAI_RxSetBitClockRate
 .text.SAI_TxSetBitclockConfig
                0x000045d8       0x98 ./drivers/fsl_sai.o
                0x000045d8                SAI_TxSetBitclockConfig
 .text.SAI_RxSetBitclockConfig
                0x00004670       0x9c ./drivers/fsl_sai.o
                0x00004670                SAI_RxSetBitclockConfig
 .text.SAI_SetMasterClockConfig
                0x0000470c       0x80 ./drivers/fsl_sai.o
                0x0000470c                SAI_SetMasterClockConfig
 .text.SAI_TxSetFifoConfig
                0x0000478c       0x58 ./drivers/fsl_sai.o
                0x0000478c                SAI_TxSetFifoConfig
 .text.SAI_RxSetFifoConfig
                0x000047e4       0x60 ./drivers/fsl_sai.o
                0x000047e4                SAI_RxSetFifoConfig
 .text.SAI_TxSetFrameSyncConfig
                0x00004844       0x90 ./drivers/fsl_sai.o
                0x00004844                SAI_TxSetFrameSyncConfig
 .text.SAI_RxSetFrameSyncConfig
                0x000048d4       0x94 ./drivers/fsl_sai.o
                0x000048d4                SAI_RxSetFrameSyncConfig
 .text.SAI_TxSetSerialDataConfig
                0x00004968       0x8c ./drivers/fsl_sai.o
                0x00004968                SAI_TxSetSerialDataConfig
 .text.SAI_RxSetSerialDataConfig
                0x000049f4       0x94 ./drivers/fsl_sai.o
                0x000049f4                SAI_RxSetSerialDataConfig
 .text.SAI_TxSetConfig
                0x00004a88      0x15c ./drivers/fsl_sai.o
                0x00004a88                SAI_TxSetConfig
 .text.SAI_TransferTxSetConfig
                0x00004be4       0x80 ./drivers/fsl_sai.o
                0x00004be4                SAI_TransferTxSetConfig
 .text.SAI_RxSetConfig
                0x00004c64      0x168 ./drivers/fsl_sai.o
                0x00004c64                SAI_RxSetConfig
 .text.SAI_TransferTxCreateHandle
                0x00004dcc       0x74 ./drivers/fsl_sai.o
                0x00004dcc                SAI_TransferTxCreateHandle
 .text.SAI_TransferSendNonBlocking
                0x00004e40       0xc8 ./drivers/fsl_sai.o
                0x00004e40                SAI_TransferSendNonBlocking
 .text.SAI_TransferAbortSend
                0x00004f08       0x58 ./drivers/fsl_sai.o
                0x00004f08                SAI_TransferAbortSend
 .text.SAI_TransferTxHandleIRQ
                0x00004f60      0x1c4 ./drivers/fsl_sai.o
                0x00004f60                SAI_TransferTxHandleIRQ
 .text.I2S0_Tx_DriverIRQHandler
                0x00005124       0x3c ./drivers/fsl_sai.o
                0x00005124                I2S0_Tx_DriverIRQHandler
 .text.I2S0_Rx_DriverIRQHandler
                0x00005160       0x3c ./drivers/fsl_sai.o
                0x00005160                I2S0_Rx_DriverIRQHandler
 .text.__NVIC_EnableIRQ
                0x0000519c       0x3c ./drivers/fsl_sdhc.o
 .text.SDHC_GetInstance
                0x000051d8       0x40 ./drivers/fsl_sdhc.o
 .text.SDHC_ReceiveCommandResponse
                0x00005218       0xc0 ./drivers/fsl_sdhc.o
 .text.SDHC_TransferHandleCommand
                0x000052d8       0xb0 ./drivers/fsl_sdhc.o
 .text.SDHC_TransferHandleData
                0x00005388       0xdc ./drivers/fsl_sdhc.o
 .text.SDHC_Init
                0x00005464      0x114 ./drivers/fsl_sdhc.o
                0x00005464                SDHC_Init
 .text.SDHC_SetSdClock
                0x00005578      0x17c ./drivers/fsl_sdhc.o
                0x00005578                SDHC_SetSdClock
 .text.SDHC_SetTransferConfig
                0x000056f4       0x8c ./drivers/fsl_sdhc.o
                0x000056f4                SDHC_SetTransferConfig
 .text.SDHC_SetAdmaTableConfig
                0x00005780      0x15c ./drivers/fsl_sdhc.o
                0x00005780                SDHC_SetAdmaTableConfig
 .text.SDHC_TransferCreateHandle
                0x000058dc       0xa0 ./drivers/fsl_sdhc.o
                0x000058dc                SDHC_TransferCreateHandle
 .text.SDHC_TransferNonBlocking
                0x0000597c      0x13c ./drivers/fsl_sdhc.o
                0x0000597c                SDHC_TransferNonBlocking
 .text.SDHC_TransferHandleIRQ
                0x00005ab8       0x9c ./drivers/fsl_sdhc.o
                0x00005ab8                SDHC_TransferHandleIRQ
 .text.SDHC_DriverIRQHandler
                0x00005b54       0x3c ./drivers/fsl_sdhc.o
                0x00005b54                SDHC_DriverIRQHandler
 .text.UART_GetInstance
                0x00005b90       0x54 ./drivers/fsl_uart.o
                0x00005b90                UART_GetInstance
 .text.UART_Init
                0x00005be4      0x17c ./drivers/fsl_uart.o
                0x00005be4                UART_Init
 .text.UART_GetDefaultConfig
                0x00005d60       0x4c ./drivers/fsl_uart.o
                0x00005d60                UART_GetDefaultConfig
 .text.UART_ReadBlocking
                0x00005dac      0x100 ./drivers/fsl_uart.o
                0x00005dac                UART_ReadBlocking
 .text.UART0_DriverIRQHandler
                0x00005eac       0x28 ./drivers/fsl_uart.o
                0x00005eac                UART0_DriverIRQHandler
 .text.UART1_DriverIRQHandler
                0x00005ed4       0x28 ./drivers/fsl_uart.o
                0x00005ed4                UART1_DriverIRQHandler
 .text.UART2_DriverIRQHandler
                0x00005efc       0x28 ./drivers/fsl_uart.o
                0x00005efc                UART2_DriverIRQHandler
 .text.UART3_DriverIRQHandler
                0x00005f24       0x28 ./drivers/fsl_uart.o
                0x00005f24                UART3_DriverIRQHandler
 .text.UART4_DriverIRQHandler
                0x00005f4c       0x28 ./drivers/fsl_uart.o
                0x00005f4c                UART4_DriverIRQHandler
 .text.UART5_DriverIRQHandler
                0x00005f74       0x28 ./drivers/fsl_uart.o
                0x00005f74                UART5_DriverIRQHandler
 .text.SystemInit
                0x00005f9c       0x3c ./device/system_MK64F12.o
                0x00005f9c                SystemInit
 .text.HAL_UartInit
                0x00005fd8       0xec ./component/uart/fsl_adapter_uart.o
                0x00005fd8                HAL_UartInit
 .text.HAL_UartReceiveBlocking
                0x000060c4       0x6c ./component/uart/fsl_adapter_uart.o
                0x000060c4                HAL_UartReceiveBlocking
 .text.HAL_UartSendBlocking
                0x00006130       0x64 ./component/uart/fsl_adapter_uart.o
                0x00006130                HAL_UartSendBlocking
 .text.OSA_SemaphoreCreate
                0x00006194       0x38 ./component/osa/fsl_os_abstraction_bm.o
                0x00006194                OSA_SemaphoreCreate
 .text.OSA_SemaphoreWait
                0x000061cc       0x6c ./component/osa/fsl_os_abstraction_bm.o
                0x000061cc                OSA_SemaphoreWait
 .text.OSA_SemaphorePost
                0x00006238       0x58 ./component/osa/fsl_os_abstraction_bm.o
                0x00006238                OSA_SemaphorePost
 .text.OSA_MutexCreate
                0x00006290       0x34 ./component/osa/fsl_os_abstraction_bm.o
                0x00006290                OSA_MutexCreate
 .text.OSA_MutexUnlock
                0x000062c4       0x40 ./component/osa/fsl_os_abstraction_bm.o
                0x000062c4                OSA_MutexUnlock
 .text.HAL_I2cGetStatus
                0x00006304       0x9c ./component/i2c/fsl_adapter_i2c.o
 .text.HAL_I2cMasterInit
                0x000063a0       0x78 ./component/i2c/fsl_adapter_i2c.o
                0x000063a0                HAL_I2cMasterInit
 .text.HAL_I2cMasterTransferBlocking
                0x00006418       0x94 ./component/i2c/fsl_adapter_i2c.o
                0x00006418                HAL_I2cMasterTransferBlocking
 .text.HAL_CODEC_DA7212_Init
                0x000064ac       0x4c ./codec/port/da7212/fsl_codec_da7212_adapter.o
                0x000064ac                HAL_CODEC_DA7212_Init
 .text.HAL_CODEC_DA7212_SetVolume
                0x000064f8       0x80 ./codec/port/da7212/fsl_codec_da7212_adapter.o
                0x000064f8                HAL_CODEC_DA7212_SetVolume
 .text.CODEC_Init
                0x00006578       0x38 ./codec/fsl_codec_common.o
                0x00006578                CODEC_Init
 .text.CODEC_SetVolume
                0x000065b0       0x74 ./codec/fsl_codec_common.o
                0x000065b0                CODEC_SetVolume
 .text.DA7212_WriteRegister
                0x00006624       0x60 ./codec/fsl_dialog7212.o
                0x00006624                DA7212_WriteRegister
 .text.DA7212_ReadRegister
                0x00006684       0x58 ./codec/fsl_dialog7212.o
                0x00006684                DA7212_ReadRegister
 .text.DA7212_Init
                0x000066dc      0x170 ./codec/fsl_dialog7212.o
                0x000066dc                DA7212_Init
 .text.DA7212_SetPLLConfig
                0x0000684c      0x1e4 ./codec/fsl_dialog7212.o
                0x0000684c                DA7212_SetPLLConfig
 .text.DA7212_ConfigAudioFormat
                0x00006a30      0x230 ./codec/fsl_dialog7212.o
                0x00006a30                DA7212_ConfigAudioFormat
 .text.DA7212_SetMasterModeBits
                0x00006c60       0x6c ./codec/fsl_dialog7212.o
                0x00006c60                DA7212_SetMasterModeBits
 .text.CLOCK_SetSimSafeDivs
                0x00006ccc       0x20 ./board/clock_config.o
 .text.CLOCK_SetXtal0Freq
                0x00006cec       0x20 ./board/clock_config.o
 .text.CLOCK_CONFIG_SetFllExtRefDiv
                0x00006d0c       0x3c ./board/clock_config.o
 .text.BOARD_BootClockRUN
                0x00006d48       0x60 ./board/clock_config.o
                0x00006d48                BOARD_BootClockRUN
 .text.PORT_SetPinConfig
                0x00006da8       0x38 ./board/pin_mux.o
 .text.BOARD_InitPins
                0x00006de0      0x2d0 ./board/pin_mux.o
                0x00006de0                BOARD_InitPins
 .text.__NVIC_EnableIRQ
                0x000070b0       0x3c ./board/sdmmc_config.o
 .text.__NVIC_SetPriority
                0x000070ec       0x54 ./board/sdmmc_config.o
 .text.BOARD_SDCardGetDetectStatus
                0x00007140       0x20 ./board/sdmmc_config.o
                0x00007140                BOARD_SDCardGetDetectStatus
 .text.PORTE_IRQHandler
                0x00007160       0x48 ./board/sdmmc_config.o
                0x00007160                PORTE_IRQHandler
 .text.BOARD_SDCardDetectInit
                0x000071a8       0x74 ./board/sdmmc_config.o
                0x000071a8                BOARD_SDCardDetectInit
 .text.BOARD_SD_Config
                0x0000721c       0x74 ./board/sdmmc_config.o
                0x0000721c                BOARD_SD_Config
 .text._initio  0x00007290       0x78 c:/nxp/mcuxpressoide_11.7.0_9198/ide/plugins/com.nxp.mcuxpresso.tools.win32_11.7.0.202209140929/tools/bin/../lib/gcc/arm-none-eabi/10.3.1/../../../../arm-none-eabi/lib/thumb/v7e-m+fp/hard\libcr_c.a(initio.o)
                0x00007290                _initio
 .text.fflush   0x00007308       0x3c c:/nxp/mcuxpressoide_11.7.0_9198/ide/plugins/com.nxp.mcuxpresso.tools.win32_11.7.0.202209140929/tools/bin/../lib/gcc/arm-none-eabi/10.3.1/../../../../arm-none-eabi/lib/thumb/v7e-m+fp/hard\libcr_c.a(fflush.o)
                0x00007308                fflush
 .text.fseek    0x00007344       0xfc c:/nxp/mcuxpressoide_11.7.0_9198/ide/plugins/com.nxp.mcuxpresso.tools.win32_11.7.0.202209140929/tools/bin/../lib/gcc/arm-none-eabi/10.3.1/../../../../arm-none-eabi/lib/thumb/v7e-m+fp/hard\libcr_c.a(fseek.o)
                0x00007344                fseek
 .text.ftell    0x00007440       0x44 c:/nxp/mcuxpressoide_11.7.0_9198/ide/plugins/com.nxp.mcuxpresso.tools.win32_11.7.0.202209140929/tools/bin/../lib/gcc/arm-none-eabi/10.3.1/../../../../arm-none-eabi/lib/thumb/v7e-m+fp/hard\libcr_c.a(ftell.o)
                0x00007440                ftell
 .text._Cwritebuf
                0x00007484       0x6c c:/nxp/mcuxpressoide_11.7.0_9198/ide/plugins/com.nxp.mcuxpresso.tools.win32_11.7.0.202209140929/tools/bin/../lib/gcc/arm-none-eabi/10.3.1/../../../../arm-none-eabi/lib/thumb/v7e-m+fp/hard\libcr_c.a(_writebuf.o)
                0x00007484                _Cwritebuf
 .text.DbgConsole_Printf
                0x000074f0       0x2c ./utilities/fsl_debug_console.o
                0x000074f0                DbgConsole_Printf
 .text.DbgConsole_PrintfPaddingCharacter
                0x0000751c       0x40 ./utilities/fsl_debug_console.o
 .text.DbgConsole_ConvertRadixNumToString
                0x0000755c       0xc2 ./utilities/fsl_debug_console.o
 .text.DMA0_IRQHandler
                0x0000761e        0x8 ./startup/startup_mk64f12.o
                0x0000761e                DMA0_IRQHandler
 .text.DMA1_IRQHandler
                0x00007626        0x8 ./startup/startup_mk64f12.o
                0x00007626                DMA1_IRQHandler
 .text.DMA2_IRQHandler
                0x0000762e        0x8 ./startup/startup_mk64f12.o
                0x0000762e                DMA2_IRQHandler
 .text.DMA3_IRQHandler
                0x00007636        0x8 ./startup/startup_mk64f12.o
                0x00007636                DMA3_IRQHandler
 .text.DMA4_IRQHandler
                0x0000763e        0x8 ./startup/startup_mk64f12.o
                0x0000763e                DMA4_IRQHandler
 .text.DMA5_IRQHandler
                0x00007646        0x8 ./startup/startup_mk64f12.o
                0x00007646                DMA5_IRQHandler
 .text.DMA6_IRQHandler
                0x0000764e        0x8 ./startup/startup_mk64f12.o
                0x0000764e                DMA6_IRQHandler
 .text.DMA7_IRQHandler
                0x00007656        0x8 ./startup/startup_mk64f12.o
                0x00007656                DMA7_IRQHandler
 .text.DMA8_IRQHandler
                0x0000765e        0x8 ./startup/startup_mk64f12.o
                0x0000765e                DMA8_IRQHandler
 .text.DMA9_IRQHandler
                0x00007666        0x8 ./startup/startup_mk64f12.o
                0x00007666                DMA9_IRQHandler
 .text.DMA10_IRQHandler
                0x0000766e        0x8 ./startup/startup_mk64f12.o
                0x0000766e                DMA10_IRQHandler
 .text.DMA11_IRQHandler
                0x00007676        0x8 ./startup/startup_mk64f12.o
                0x00007676                DMA11_IRQHandler
 .text.DMA12_IRQHandler
                0x0000767e        0x8 ./startup/startup_mk64f12.o
                0x0000767e                DMA12_IRQHandler
 .text.DMA13_IRQHandler
                0x00007686        0x8 ./startup/startup_mk64f12.o
                0x00007686                DMA13_IRQHandler
 .text.DMA14_IRQHandler
                0x0000768e        0x8 ./startup/startup_mk64f12.o
                0x0000768e                DMA14_IRQHandler
 .text.DMA15_IRQHandler
                0x00007696        0x8 ./startup/startup_mk64f12.o
                0x00007696                DMA15_IRQHandler
 .text.DMA_Error_IRQHandler
                0x0000769e        0x8 ./startup/startup_mk64f12.o
                0x0000769e                DMA_Error_IRQHandler
 .text.MCM_IRQHandler
                0x000076a6        0x8 ./startup/startup_mk64f12.o
                0x000076a6                MCM_IRQHandler
 .text.FTFE_IRQHandler
                0x000076ae        0x8 ./startup/startup_mk64f12.o
                0x000076ae                FTFE_IRQHandler
 .text.Read_Collision_IRQHandler
                0x000076b6        0x8 ./startup/startup_mk64f12.o
                0x000076b6                Read_Collision_IRQHandler
 .text.LVD_LVW_IRQHandler
                0x000076be        0x8 ./startup/startup_mk64f12.o
                0x000076be                LVD_LVW_IRQHandler
 .text.LLWU_IRQHandler
                0x000076c6        0x8 ./startup/startup_mk64f12.o
                0x000076c6                LLWU_IRQHandler
 .text.WDOG_EWM_IRQHandler
                0x000076ce        0x8 ./startup/startup_mk64f12.o
                0x000076ce                WDOG_EWM_IRQHandler
 .text.RNG_IRQHandler
                0x000076d6        0x8 ./startup/startup_mk64f12.o
                0x000076d6                RNG_IRQHandler
 .text.I2C0_IRQHandler
                0x000076de        0x8 ./startup/startup_mk64f12.o
                0x000076de                I2C0_IRQHandler
 .text.I2C1_IRQHandler
                0x000076e6        0x8 ./startup/startup_mk64f12.o
                0x000076e6                I2C1_IRQHandler
 .text.SPI0_IRQHandler
                0x000076ee        0x8 ./startup/startup_mk64f12.o
                0x000076ee                SPI0_IRQHandler
 .text.SPI1_IRQHandler
                0x000076f6        0x8 ./startup/startup_mk64f12.o
                0x000076f6                SPI1_IRQHandler
 .text.I2S0_Tx_IRQHandler
                0x000076fe        0x8 ./startup/startup_mk64f12.o
                0x000076fe                I2S0_Tx_IRQHandler
 .text.I2S0_Rx_IRQHandler
                0x00007706        0x8 ./startup/startup_mk64f12.o
                0x00007706                I2S0_Rx_IRQHandler
 .text.UART0_LON_IRQHandler
                0x0000770e        0x8 ./startup/startup_mk64f12.o
                0x0000770e                UART0_LON_IRQHandler
 .text.UART0_RX_TX_IRQHandler
                0x00007716        0x8 ./startup/startup_mk64f12.o
                0x00007716                UART0_RX_TX_IRQHandler
 .text.UART0_ERR_IRQHandler
                0x0000771e        0x8 ./startup/startup_mk64f12.o
                0x0000771e                UART0_ERR_IRQHandler
 .text.UART1_RX_TX_IRQHandler
                0x00007726        0x8 ./startup/startup_mk64f12.o
                0x00007726                UART1_RX_TX_IRQHandler
 .text.UART1_ERR_IRQHandler
                0x0000772e        0x8 ./startup/startup_mk64f12.o
                0x0000772e                UART1_ERR_IRQHandler
 .text.UART2_RX_TX_IRQHandler
                0x00007736        0x8 ./startup/startup_mk64f12.o
                0x00007736                UART2_RX_TX_IRQHandler
 .text.UART2_ERR_IRQHandler
                0x0000773e        0x8 ./startup/startup_mk64f12.o
                0x0000773e                UART2_ERR_IRQHandler
 .text.UART3_RX_TX_IRQHandler
                0x00007746        0x8 ./startup/startup_mk64f12.o
                0x00007746                UART3_RX_TX_IRQHandler
 .text.UART3_ERR_IRQHandler
                0x0000774e        0x8 ./startup/startup_mk64f12.o
                0x0000774e                UART3_ERR_IRQHandler
 .text.ADC0_IRQHandler
                0x00007756        0x8 ./startup/startup_mk64f12.o
                0x00007756                ADC0_IRQHandler
 .text.CMP0_IRQHandler
                0x0000775e        0x8 ./startup/startup_mk64f12.o
                0x0000775e                CMP0_IRQHandler
 .text.CMP1_IRQHandler
                0x00007766        0x8 ./startup/startup_mk64f12.o
                0x00007766                CMP1_IRQHandler
 .text.FTM0_IRQHandler
                0x0000776e        0x8 ./startup/startup_mk64f12.o
                0x0000776e                FTM0_IRQHandler
 .text.FTM1_IRQHandler
                0x00007776        0x8 ./startup/startup_mk64f12.o
                0x00007776                FTM1_IRQHandler
 .text.FTM2_IRQHandler
                0x0000777e        0x8 ./startup/startup_mk64f12.o
                0x0000777e                FTM2_IRQHandler
 .text.CMT_IRQHandler
                0x00007786        0x8 ./startup/startup_mk64f12.o
                0x00007786                CMT_IRQHandler
 .text.RTC_IRQHandler
                0x0000778e        0x8 ./startup/startup_mk64f12.o
                0x0000778e                RTC_IRQHandler
 .text.RTC_Seconds_IRQHandler
                0x00007796        0x8 ./startup/startup_mk64f12.o
                0x00007796                RTC_Seconds_IRQHandler
 .text.PIT0_IRQHandler
                0x0000779e        0x8 ./startup/startup_mk64f12.o
                0x0000779e                PIT0_IRQHandler
 .text.PIT1_IRQHandler
                0x000077a6        0x8 ./startup/startup_mk64f12.o
                0x000077a6                PIT1_IRQHandler
 .text.PIT2_IRQHandler
                0x000077ae        0x8 ./startup/startup_mk64f12.o
                0x000077ae                PIT2_IRQHandler
 .text.PIT3_IRQHandler
                0x000077b6        0x8 ./startup/startup_mk64f12.o
                0x000077b6                PIT3_IRQHandler
 .text.PDB0_IRQHandler
                0x000077be        0x8 ./startup/startup_mk64f12.o
                0x000077be                PDB0_IRQHandler
 .text.USB0_IRQHandler
                0x000077c6        0x8 ./startup/startup_mk64f12.o
                0x000077c6                USB0_IRQHandler
 .text.USBDCD_IRQHandler
                0x000077ce        0x8 ./startup/startup_mk64f12.o
                0x000077ce                USBDCD_IRQHandler
 .text.Reserved71_IRQHandler
                0x000077d6        0x8 ./startup/startup_mk64f12.o
                0x000077d6                Reserved71_IRQHandler
 .text.DAC0_IRQHandler
                0x000077de        0x8 ./startup/startup_mk64f12.o
                0x000077de                DAC0_IRQHandler
 .text.MCG_IRQHandler
                0x000077e6        0x8 ./startup/startup_mk64f12.o
                0x000077e6                MCG_IRQHandler
 .text.LPTMR0_IRQHandler
                0x000077ee        0x8 ./startup/startup_mk64f12.o
                0x000077ee                LPTMR0_IRQHandler
 .text.PORTA_IRQHandler
                0x000077f6        0x8 ./startup/startup_mk64f12.o
                0x000077f6                PORTA_IRQHandler
 .text.PORTB_IRQHandler
                0x000077fe        0x8 ./startup/startup_mk64f12.o
                0x000077fe                PORTB_IRQHandler
 .text.PORTC_IRQHandler
                0x00007806        0x8 ./startup/startup_mk64f12.o
                0x00007806                PORTC_IRQHandler
 .text.PORTD_IRQHandler
                0x0000780e        0x8 ./startup/startup_mk64f12.o
                0x0000780e                PORTD_IRQHandler
 .text.SWI_IRQHandler
                0x00007816        0x8 ./startup/startup_mk64f12.o
                0x00007816                SWI_IRQHandler
 .text.SPI2_IRQHandler
                0x0000781e        0x8 ./startup/startup_mk64f12.o
                0x0000781e                SPI2_IRQHandler
 .text.UART4_RX_TX_IRQHandler
                0x00007826        0x8 ./startup/startup_mk64f12.o
                0x00007826                UART4_RX_TX_IRQHandler
 .text.UART4_ERR_IRQHandler
                0x0000782e        0x8 ./startup/startup_mk64f12.o
                0x0000782e                UART4_ERR_IRQHandler
 .text.UART5_RX_TX_IRQHandler
                0x00007836        0x8 ./startup/startup_mk64f12.o
                0x00007836                UART5_RX_TX_IRQHandler
 .text.UART5_ERR_IRQHandler
                0x0000783e        0x8 ./startup/startup_mk64f12.o
                0x0000783e                UART5_ERR_IRQHandler
 .text.CMP2_IRQHandler
                0x00007846        0x8 ./startup/startup_mk64f12.o
                0x00007846                CMP2_IRQHandler
 .text.FTM3_IRQHandler
                0x0000784e        0x8 ./startup/startup_mk64f12.o
                0x0000784e                FTM3_IRQHandler
 .text.DAC1_IRQHandler
                0x00007856        0x8 ./startup/startup_mk64f12.o
                0x00007856                DAC1_IRQHandler
 .text.ADC1_IRQHandler
                0x0000785e        0x8 ./startup/startup_mk64f12.o
                0x0000785e                ADC1_IRQHandler
 .text.I2C2_IRQHandler
                0x00007866        0x8 ./startup/startup_mk64f12.o
                0x00007866                I2C2_IRQHandler
 .text.CAN0_ORed_Message_buffer_IRQHandler
                0x0000786e        0x8 ./startup/startup_mk64f12.o
                0x0000786e                CAN0_ORed_Message_buffer_IRQHandler
 .text.CAN0_Bus_Off_IRQHandler
                0x00007876        0x8 ./startup/startup_mk64f12.o
                0x00007876                CAN0_Bus_Off_IRQHandler
 .text.CAN0_Error_IRQHandler
                0x0000787e        0x8 ./startup/startup_mk64f12.o
                0x0000787e                CAN0_Error_IRQHandler
 .text.CAN0_Tx_Warning_IRQHandler
                0x00007886        0x8 ./startup/startup_mk64f12.o
                0x00007886                CAN0_Tx_Warning_IRQHandler
 .text.CAN0_Rx_Warning_IRQHandler
                0x0000788e        0x8 ./startup/startup_mk64f12.o
                0x0000788e                CAN0_Rx_Warning_IRQHandler
 .text.CAN0_Wake_Up_IRQHandler
                0x00007896        0x8 ./startup/startup_mk64f12.o
                0x00007896                CAN0_Wake_Up_IRQHandler
 .text.SDHC_IRQHandler
                0x0000789e        0x8 ./startup/startup_mk64f12.o
                0x0000789e                SDHC_IRQHandler
 .text.ENET_1588_Timer_IRQHandler
                0x000078a6        0x8 ./startup/startup_mk64f12.o
                0x000078a6                ENET_1588_Timer_IRQHandler
 .text.ENET_Transmit_IRQHandler
                0x000078ae        0x8 ./startup/startup_mk64f12.o
                0x000078ae                ENET_Transmit_IRQHandler
 .text.ENET_Receive_IRQHandler
                0x000078b6        0x8 ./startup/startup_mk64f12.o
                0x000078b6                ENET_Receive_IRQHandler
 .text.ENET_Error_IRQHandler
                0x000078be        0x8 ./startup/startup_mk64f12.o
                0x000078be                ENET_Error_IRQHandler
 .text.SYSMPU_Enable
                0x000078c6       0x38 ./source/sd_test.o
 .text.HardFault_Handler
                0x000078fe       0x2c ./source/semihost_hardfault.o
                0x000078fe                HardFault_Handler
 .text.SDHC_GetPresentStatusFlags
                0x0000792a       0x18 ./sdmmc/src/fsl_sd.o
 .text.SDMMCHOST_SendCardActive
                0x00007942       0x1c ./sdmmc/src/fsl_sd.o
 .text.SDMMCHOST_SetCardClock
                0x0000795e       0x24 ./sdmmc/src/fsl_sd.o
 .text.SDMMCHOST_IsCardBusy
                0x00007982       0x2c ./sdmmc/src/fsl_sd.o
 .text.SDMMCHOST_SetCardPower
                0x000079ae       0x18 ./sdmmc/src/fsl_sd.o
 .text.SDMMCHOST_SwitchToVoltage
                0x000079c6       0x16 ./sdmmc/src/fsl_sd.o
 .text.SDMMCHOST_ExecuteTuning
                0x000079dc       0x1c ./sdmmc/src/fsl_sd.o
 .text.SDMMCHOST_EnableDDRMode
                0x000079f8       0x1a ./sdmmc/src/fsl_sd.o
 .text.SDMMCHOST_GetSignalLineStatus
                0x00007a12       0x18 ./sdmmc/src/fsl_sd.o
 .text.SDMMCHOST_ForceClockOn
                0x00007a2a       0x18 ./sdmmc/src/fsl_sd.o
 .text.SD_SwitchIOVoltage
                0x00007a42       0x68 ./sdmmc/src/fsl_sd.o
 .text.SDMMC_GoIdle
                0x00007aaa       0x56 ./sdmmc/src/fsl_sdmmc_common.o
                0x00007aaa                SDMMC_GoIdle
 .text.SDHC_EnableInterruptStatus
                0x00007b00       0x22 ./sdmmc/host/fsl_sdmmc_host.o
 .text.SDHC_EnableInterruptSignal
                0x00007b22       0x22 ./sdmmc/host/fsl_sdmmc_host.o
 .text.SDHC_DisableInterruptSignal
                0x00007b44       0x24 ./sdmmc/host/fsl_sdmmc_host.o
 .text.SDHC_ClearInterruptStatusFlags
                0x00007b68       0x1c ./sdmmc/host/fsl_sdmmc_host.o
 .text.SDHC_GetPresentStatusFlags
                0x00007b84       0x18 ./sdmmc/host/fsl_sdmmc_host.o
 .text.SDHC_SetDataBusWidth
                0x00007b9c       0x2e ./sdmmc/host/fsl_sdmmc_host.o
 .text.SDHC_CardDetectByData3
                0x00007bca       0x38 ./sdmmc/host/fsl_sdmmc_host.o
 .text.SDMMCHOST_DetectCardInsertByHost
                0x00007c02       0x72 ./sdmmc/host/fsl_sdmmc_host.o
 .text.SDMMCHOST_DetectCardRemoveByHost
                0x00007c74       0x72 ./sdmmc/host/fsl_sdmmc_host.o
 .text.SDMMCHOST_CardDetectInit
                0x00007ce6       0x96 ./sdmmc/host/fsl_sdmmc_host.o
                0x00007ce6                SDMMCHOST_CardDetectInit
 .text.SDMMCHOST_CardDetectStatus
                0x00007d7c       0x72 ./sdmmc/host/fsl_sdmmc_host.o
                0x00007d7c                SDMMCHOST_CardDetectStatus
 .text.SDMMCHOST_TransferCompleteCallback
                0x00007dee       0x5a ./sdmmc/host/fsl_sdmmc_host.o
 .text.SDMMCHOST_TransferFunction
                0x00007e48       0xec ./sdmmc/host/fsl_sdmmc_host.o
                0x00007e48                SDMMCHOST_TransferFunction
 .text.SDMMCHOST_ErrorRecovery
                0x00007f34       0x48 ./sdmmc/host/fsl_sdmmc_host.o
 .text.SDMMCHOST_ConvertDataToLittleEndian
                0x00007f7c       0xe2 ./sdmmc/host/fsl_sdmmc_host.o
                0x00007f7c                SDMMCHOST_ConvertDataToLittleEndian
 .text.SDMMCHOST_SetCardBusWidth
                0x0000805e       0x34 ./sdmmc/host/fsl_sdmmc_host.o
                0x0000805e                SDMMCHOST_SetCardBusWidth
 .text.OSC_SetExtRefClkConfig
                0x00008092       0x34 ./drivers/fsl_clock.o
 .text.OSC_SetCapLoad
                0x000080c6       0x34 ./drivers/fsl_clock.o
 .text.CLOCK_GetPll0RefFreq
                0x000080fa        0xe ./drivers/fsl_clock.o
 .text.CLOCK_GetFixedFreqClkFreq
                0x00008108       0x34 ./drivers/fsl_clock.o
                0x00008108                CLOCK_GetFixedFreqClkFreq
 .text.DelayLoop
                0x0000813c       0x20 ./drivers/fsl_common_arm.o
 .text.CLOCK_EnableClock
                0x0000815c       0x34 ./drivers/fsl_i2c.o
 .text.I2C_MasterClearStatusFlags
                0x00008190       0x5a ./drivers/fsl_i2c.o
 .text.I2C_CheckAndClearError
                0x000081ea       0x44 ./drivers/fsl_i2c.o
 .text.I2C_MasterStart
                0x0000822e       0x62 ./drivers/fsl_i2c.o
                0x0000822e                I2C_MasterStart
 .text.I2C_MasterRepeatedStart
                0x00008290       0x9a ./drivers/fsl_i2c.o
                0x00008290                I2C_MasterRepeatedStart
 .text.I2C_MasterStop
                0x0000832a       0x3a ./drivers/fsl_i2c.o
                0x0000832a                I2C_MasterStop
 .text.I2C_MasterGetStatusFlags
                0x00008364       0x4a ./drivers/fsl_i2c.o
                0x00008364                I2C_MasterGetStatusFlags
 .text.I2C_MasterWriteBlocking
                0x000083ae       0xdc ./drivers/fsl_i2c.o
                0x000083ae                I2C_MasterWriteBlocking
 .text.I2C_MasterReadBlocking
                0x0000848a       0xca ./drivers/fsl_i2c.o
                0x0000848a                I2C_MasterReadBlocking
 .text.CLOCK_EnableClock
                0x00008554       0x34 ./drivers/fsl_sai.o
 .text.EnableIRQ
                0x00008588       0x32 ./drivers/fsl_sai.o
 .text.SAI_TxClearStatusFlags
                0x000085ba       0x26 ./drivers/fsl_sai.o
 .text.SAI_TxEnableInterrupts
                0x000085e0       0x26 ./drivers/fsl_sai.o
 .text.SAI_TxDisableInterrupts
                0x00008606       0x28 ./drivers/fsl_sai.o
 .text.SAI_WriteNonBlocking
                0x0000862e       0xb6 ./drivers/fsl_sai.o
 .text.SAI_TxReset
                0x000086e4       0x46 ./drivers/fsl_sai.o
                0x000086e4                SAI_TxReset
 .text.SAI_RxReset
                0x0000872a       0x56 ./drivers/fsl_sai.o
                0x0000872a                SAI_RxReset
 .text.SAI_TxEnable
                0x00008780       0x80 ./drivers/fsl_sai.o
                0x00008780                SAI_TxEnable
 .text.SAI_TxSoftwareReset
                0x00008800       0x2e ./drivers/fsl_sai.o
                0x00008800                SAI_TxSoftwareReset
 .text.SAI_GetClassicI2SConfig
                0x0000882e       0x26 ./drivers/fsl_sai.o
                0x0000882e                SAI_GetClassicI2SConfig
 .text.CLOCK_EnableClock
                0x00008854       0x34 ./drivers/fsl_sdhc.o
 .text.EnableIRQ
                0x00008888       0x32 ./drivers/fsl_sdhc.o
 .text.SDHC_EnableInterruptSignal
                0x000088ba       0x22 ./drivers/fsl_sdhc.o
 .text.SDHC_DisableInterruptSignal
                0x000088dc       0x24 ./drivers/fsl_sdhc.o
 .text.SDHC_GetEnabledInterruptStatusFlags
                0x00008900       0x22 ./drivers/fsl_sdhc.o
 .text.SDHC_ClearInterruptStatusFlags
                0x00008922       0x1c ./drivers/fsl_sdhc.o
 .text.SDHC_GetPresentStatusFlags
                0x0000893e       0x18 ./drivers/fsl_sdhc.o
 .text.SDHC_WriteData
                0x00008956       0x1c ./drivers/fsl_sdhc.o
 .text.SDHC_ReadData
                0x00008972       0x18 ./drivers/fsl_sdhc.o
 .text.SDHC_StartTransfer
                0x0000898a      0x158 ./drivers/fsl_sdhc.o
 .text.SDHC_ReadDataPort
                0x00008ae2       0xa4 ./drivers/fsl_sdhc.o
 .text.SDHC_WriteDataPort
                0x00008b86       0xa6 ./drivers/fsl_sdhc.o
 .text.SDHC_TransferHandleCardDetect
                0x00008c2c       0x4c ./drivers/fsl_sdhc.o
 .text.SDHC_TransferHandleSdioInterrupt
                0x00008c78       0x28 ./drivers/fsl_sdhc.o
 .text.SDHC_TransferHandleSdioBlockGap
                0x00008ca0       0x28 ./drivers/fsl_sdhc.o
 .text.SDHC_Reset
                0x00008cc8       0x52 ./drivers/fsl_sdhc.o
                0x00008cc8                SDHC_Reset
 .text.SDHC_SetCardActive
                0x00008d1a       0x4c ./drivers/fsl_sdhc.o
                0x00008d1a                SDHC_SetCardActive
 .text.CLOCK_EnableClock
                0x00008d66       0x34 ./drivers/fsl_uart.o
 .text.UART_GetStatusFlags
                0x00008d9a       0x2c ./drivers/fsl_uart.o
                0x00008d9a                UART_GetStatusFlags
 .text.UART_ClearStatusFlags
                0x00008dc6       0x60 ./drivers/fsl_uart.o
                0x00008dc6                UART_ClearStatusFlags
 .text.UART_WriteBlocking
                0x00008e26       0x50 ./drivers/fsl_uart.o
                0x00008e26                UART_WriteBlocking
 .text.UART0_RX_TX_DriverIRQHandler
                0x00008e76       0x12 ./drivers/fsl_uart.o
                0x00008e76                UART0_RX_TX_DriverIRQHandler
 .text.UART1_RX_TX_DriverIRQHandler
                0x00008e88       0x12 ./drivers/fsl_uart.o
                0x00008e88                UART1_RX_TX_DriverIRQHandler
 .text.UART2_RX_TX_DriverIRQHandler
                0x00008e9a       0x12 ./drivers/fsl_uart.o
                0x00008e9a                UART2_RX_TX_DriverIRQHandler
 .text.UART3_RX_TX_DriverIRQHandler
                0x00008eac       0x12 ./drivers/fsl_uart.o
                0x00008eac                UART3_RX_TX_DriverIRQHandler
 .text.UART4_RX_TX_DriverIRQHandler
                0x00008ebe       0x12 ./drivers/fsl_uart.o
                0x00008ebe                UART4_RX_TX_DriverIRQHandler
 .text.UART5_RX_TX_DriverIRQHandler
                0x00008ed0       0x12 ./drivers/fsl_uart.o
                0x00008ed0                UART5_RX_TX_DriverIRQHandler
 .text.SystemInitHook
                0x00008ee2        0xe ./device/system_MK64F12.o
                0x00008ee2                SystemInitHook
 .text.HAL_UartGetStatus
                0x00008ef0       0x22 ./component/uart/fsl_adapter_uart.o
 .text.DisableGlobalIRQ
                0x00008f12       0x22 ./component/osa/fsl_os_abstraction_bm.o
 .text.EnableGlobalIRQ
                0x00008f34       0x20 ./component/osa/fsl_os_abstraction_bm.o
 .text.OSA_EnterCritical
                0x00008f54       0x1a ./component/osa/fsl_os_abstraction_bm.o
                0x00008f54                OSA_EnterCritical
 .text.OSA_ExitCritical
                0x00008f6e       0x16 ./component/osa/fsl_os_abstraction_bm.o
                0x00008f6e                OSA_ExitCritical
 .text.OSA_MutexLock
                0x00008f84       0x52 ./component/osa/fsl_os_abstraction_bm.o
                0x00008f84                OSA_MutexLock
 .text.HAL_CODEC_Init
                0x00008fd6       0x1c ./codec/fsl_codec_common.o
 .text.HAL_CODEC_SetVolume
                0x00008ff2       0x20 ./codec/fsl_codec_common.o
 .text.CODEC_I2C_Init
                0x00009012       0x36 ./codec/fsl_codec_i2c.o
                0x00009012                CODEC_I2C_Init
 .text.CODEC_I2C_Send
                0x00009048       0x4e ./codec/fsl_codec_i2c.o
                0x00009048                CODEC_I2C_Send
 .text.CODEC_I2C_Receive
                0x00009096       0x4e ./codec/fsl_codec_i2c.o
                0x00009096                CODEC_I2C_Receive
 .text.DA7212_ModifyRegister
                0x000090e4       0x66 ./codec/fsl_dialog7212.o
 .text.DA7212_SetChannelVolume
                0x0000914a       0x72 ./codec/fsl_dialog7212.o
                0x0000914a                DA7212_SetChannelVolume
 .text.DA7212_SetChannelMute
                0x000091bc       0x72 ./codec/fsl_dialog7212.o
                0x000091bc                DA7212_SetChannelMute
 .text.BOARD_InitDebugConsole
                0x0000922e       0x22 ./board/board.o
                0x0000922e                BOARD_InitDebugConsole
 .text.BOARD_InitBootClocks
                0x00009250        0xc ./board/clock_config.o
                0x00009250                BOARD_InitBootClocks
 .text.CLOCK_EnableClock
                0x0000925c       0x34 ./board/pin_mux.o
 .text.PORT_SetPinMux
                0x00009290       0x3a ./board/pin_mux.o
 .text.BOARD_InitBootPins
                0x000092ca        0xc ./board/pin_mux.o
                0x000092ca                BOARD_InitBootPins
 .text.EnableIRQ
                0x000092d6       0x32 ./board/sdmmc_config.o
 .text.GPIO_PinRead
                0x00009308       0x24 ./board/sdmmc_config.o
 .text.PORT_SetPinInterruptConfig
                0x0000932c       0x3a ./board/sdmmc_config.o
 .text.PORT_GetPinsInterruptFlags
                0x00009366       0x1a ./board/sdmmc_config.o
 .text.PORT_ClearPinsInterruptFlags
                0x00009380       0x1e ./board/sdmmc_config.o
 .text.__main   0x0000939e        0xe c:/nxp/mcuxpressoide_11.7.0_9198/ide/plugins/com.nxp.mcuxpresso.tools.win32_11.7.0.202209140929/tools/bin/../lib/gcc/arm-none-eabi/10.3.1/../../../../arm-none-eabi/lib/thumb/v7e-m+fp/hard\libcr_nohost_nf.a(_cr__main.o)
                0x0000939e                __main
 .text.memcpy   0x000093ac        0x4 c:/nxp/mcuxpressoide_11.7.0_9198/ide/plugins/com.nxp.mcuxpresso.tools.win32_11.7.0.202209140929/tools/bin/../lib/gcc/arm-none-eabi/10.3.1/../../../../arm-none-eabi/lib/thumb/v7e-m+fp/hard\libcr_c.a(memcpy.o)
                0x000093ac                memcpy
 .text.memset   0x000093b0        0x4 c:/nxp/mcuxpressoide_11.7.0_9198/ide/plugins/com.nxp.mcuxpresso.tools.win32_11.7.0.202209140929/tools/bin/../lib/gcc/arm-none-eabi/10.3.1/../../../../arm-none-eabi/lib/thumb/v7e-m+fp/hard\libcr_c.a(memset.o)
                0x000093b0                memset
 .text.free     0x000093b4       0x30 c:/nxp/mcuxpressoide_11.7.0_9198/ide/plugins/com.nxp.mcuxpresso.tools.win32_11.7.0.202209140929/tools/bin/../lib/gcc/arm-none-eabi/10.3.1/../../../../arm-none-eabi/lib/thumb/v7e-m+fp/hard\libcr_c.a(alloc.o)
                0x000093b4                free
 .text.setvbuf  0x000093e4       0x3e c:/nxp/mcuxpressoide_11.7.0_9198/ide/plugins/com.nxp.mcuxpresso.tools.win32_11.7.0.202209140929/tools/bin/../lib/gcc/arm-none-eabi/10.3.1/../../../../arm-none-eabi/lib/thumb/v7e-m+fp/hard\libcr_c.a(setvbuf.o)
                0x000093e4                setvbuf
 .text.strlen   0x00009422       0x48 c:/nxp/mcuxpressoide_11.7.0_9198/ide/plugins/com.nxp.mcuxpresso.tools.win32_11.7.0.202209140929/tools/bin/../lib/gcc/arm-none-eabi/10.3.1/../../../../arm-none-eabi/lib/thumb/v7e-m+fp/hard\libcr_c.a(strlen.o)
                0x00009422                strlen
 .text._fdopen  0x0000946a       0x68 c:/nxp/mcuxpressoide_11.7.0_9198/ide/plugins/com.nxp.mcuxpresso.tools.win32_11.7.0.202209140929/tools/bin/../lib/gcc/arm-none-eabi/10.3.1/../../../../arm-none-eabi/lib/thumb/v7e-m+fp/hard\libcr_c.a(_fdopen.o)
                0x0000946a                _fdopen
 .text.fclose   0x000094d2       0x58 c:/nxp/mcuxpressoide_11.7.0_9198/ide/plugins/com.nxp.mcuxpresso.tools.win32_11.7.0.202209140929/tools/bin/../lib/gcc/arm-none-eabi/10.3.1/../../../../arm-none-eabi/lib/thumb/v7e-m+fp/hard\libcr_c.a(fclose.o)
                0x000094d2                fclose
 .text.remove   0x0000952a       0x14 c:/nxp/mcuxpressoide_11.7.0_9198/ide/plugins/com.nxp.mcuxpresso.tools.win32_11.7.0.202209140929/tools/bin/../lib/gcc/arm-none-eabi/10.3.1/../../../../arm-none-eabi/lib/thumb/v7e-m+fp/hard\libcr_c.a(remove.o)
                0x0000952a                remove
 .text._do_fflush
                0x0000953e       0x40 c:/nxp/mcuxpressoide_11.7.0_9198/ide/plugins/com.nxp.mcuxpresso.tools.win32_11.7.0.202209140929/tools/bin/../lib/gcc/arm-none-eabi/10.3.1/../../../../arm-none-eabi/lib/thumb/v7e-m+fp/hard\libcr_c.a(_do_fflush.o)
                0x0000953e                _do_fflush
 .text._fflush  0x0000957e       0x52 c:/nxp/mcuxpressoide_11.7.0_9198/ide/plugins/com.nxp.mcuxpresso.tools.win32_11.7.0.202209140929/tools/bin/../lib/gcc/arm-none-eabi/10.3.1/../../../../arm-none-eabi/lib/thumb/v7e-m+fp/hard\libcr_c.a(_fflush.o)
                0x0000957e                _fflush
 .text._deferredlazyseek
                0x000095d0       0x40 c:/nxp/mcuxpressoide_11.7.0_9198/ide/plugins/com.nxp.mcuxpresso.tools.win32_11.7.0.202209140929/tools/bin/../lib/gcc/arm-none-eabi/10.3.1/../../../../arm-none-eabi/lib/thumb/v7e-m+fp/hard\libcr_c.a(_deferredlazyseek.o)
                0x000095d0                _deferredlazyseek
 .text.__aeabi_division_uldivmod
                0x00009610      0x174 c:/nxp/mcuxpressoide_11.7.0_9198/ide/plugins/com.nxp.mcuxpresso.tools.win32_11.7.0.202209140929/tools/bin/../lib/gcc/arm-none-eabi/10.3.1/thumb/v7e-m+fp/hard\libcr_eabihelpers.a(division_64.o)
                0x00009610                __aeabi_uldivmod
                0x00009614                __bhs_ldivmod1
 .text.__aeabi_division_idiv0
                0x00009784        0x2 c:/nxp/mcuxpressoide_11.7.0_9198/ide/plugins/com.nxp.mcuxpresso.tools.win32_11.7.0.202209140929/tools/bin/../lib/gcc/arm-none-eabi/10.3.1/thumb/v7e-m+fp/hard\libcr_eabihelpers.a(division_idiv0.o)
                0x00009784                __aeabi_idiv0
 .text.__aeabi_memcpy
                0x00009786       0x34 c:/nxp/mcuxpressoide_11.7.0_9198/ide/plugins/com.nxp.mcuxpresso.tools.win32_11.7.0.202209140929/tools/bin/../lib/gcc/arm-none-eabi/10.3.1/thumb/v7e-m+fp/hard\libcr_eabihelpers.a(memcpy.o)
                0x00009786                __aeabi_memcpy
                0x00009790                __aeabi_memcpy8
                0x00009790                __aeabi_memcpy4
 .text.__aeabi_memset_lowlevel
                0x000097ba       0x32 c:/nxp/mcuxpressoide_11.7.0_9198/ide/plugins/com.nxp.mcuxpresso.tools.win32_11.7.0.202209140929/tools/bin/../lib/gcc/arm-none-eabi/10.3.1/thumb/v7e-m+fp/hard\libcr_eabihelpers.a(memcpy.o)
                0x000097ba                __aeabi_lowlevel_memset
 .text.__sys_close
                0x000097ec        0x6 c:/nxp/mcuxpressoide_11.7.0_9198/ide/plugins/com.nxp.mcuxpresso.tools.win32_11.7.0.202209140929/tools/bin/../lib/gcc/arm-none-eabi/10.3.1/../../../../arm-none-eabi/lib/thumb/v7e-m+fp/hard\libcr_nohost_nf.a(__sys_close.o)
                0x000097ec                __sys_close
 .text.__sys_flen
                0x000097f2        0x6 c:/nxp/mcuxpressoide_11.7.0_9198/ide/plugins/com.nxp.mcuxpresso.tools.win32_11.7.0.202209140929/tools/bin/../lib/gcc/arm-none-eabi/10.3.1/../../../../arm-none-eabi/lib/thumb/v7e-m+fp/hard\libcr_nohost_nf.a(__sys_flen.o)
                0x000097f2                __sys_flen
 .text.__sys_istty
                0x000097f8        0x6 c:/nxp/mcuxpressoide_11.7.0_9198/ide/plugins/com.nxp.mcuxpresso.tools.win32_11.7.0.202209140929/tools/bin/../lib/gcc/arm-none-eabi/10.3.1/../../../../arm-none-eabi/lib/thumb/v7e-m+fp/hard\libcr_nohost_nf.a(__sys_istty.o)
                0x000097f8                __sys_istty
 .text.__sys_remove
                0x000097fe        0x6 c:/nxp/mcuxpressoide_11.7.0_9198/ide/plugins/com.nxp.mcuxpresso.tools.win32_11.7.0.202209140929/tools/bin/../lib/gcc/arm-none-eabi/10.3.1/../../../../arm-none-eabi/lib/thumb/v7e-m+fp/hard\libcr_nohost_nf.a(__sys_remove.o)
                0x000097fe                __sys_remove
 .text.__sys_seek
                0x00009804        0x6 c:/nxp/mcuxpressoide_11.7.0_9198/ide/plugins/com.nxp.mcuxpresso.tools.win32_11.7.0.202209140929/tools/bin/../lib/gcc/arm-none-eabi/10.3.1/../../../../arm-none-eabi/lib/thumb/v7e-m+fp/hard\libcr_nohost_nf.a(__sys_seek.o)
                0x00009804                __sys_seek
 .text.__sys_tmpnam
                0x0000980a        0x6 c:/nxp/mcuxpressoide_11.7.0_9198/ide/plugins/com.nxp.mcuxpresso.tools.win32_11.7.0.202209140929/tools/bin/../lib/gcc/arm-none-eabi/10.3.1/../../../../arm-none-eabi/lib/thumb/v7e-m+fp/hard\libcr_nohost_nf.a(__sys_tmpnam.o)
                0x0000980a                __sys_tmpnam
 .text.__sys_write
                0x00009810        0x4 c:/nxp/mcuxpressoide_11.7.0_9198/ide/plugins/com.nxp.mcuxpresso.tools.win32_11.7.0.202209140929/tools/bin/../lib/gcc/arm-none-eabi/10.3.1/../../../../arm-none-eabi/lib/thumb/v7e-m+fp/hard\libcr_nohost_nf.a(__sys_write.o)
                0x00009810                __sys_write
 *(SORT_BY_ALIGNMENT(.rodata) SORT_BY_ALIGNMENT(.rodata.*) SORT_BY_ALIGNMENT(.constdata) SORT_BY_ALIGNMENT(.constdata.*))
 .rodata.__assertion_failed.str1.4
                0x00009814       0x14 ./utilities/fsl_assert.o
 .rodata.music  0x00009828     0xbba0 ./source/sai_interrupt_record_playback.o
                0x00009828                music
 .rodata.mp3.str1.4
                0x000153c8       0x24 ./source/sai_interrupt_record_playback.o
 .rodata.main.str1.4
                0x000153ec       0x8c ./source/sai_interrupt_record_playback.o
 .rodata.sd_test.str1.4
                0x00015478      0x20b ./source/sd_test.o
 *fill*         0x00015683        0x1 ff
 .rodata.sd_run.str1.4
                0x00015684       0x1a ./source/sd_test.o
 *fill*         0x0001569e        0x2 ff
 .rodata.CardInformationLog.str1.4
                0x000156a0      0x15f ./source/sd_test.o
 *fill*         0x000157ff        0x1 ff
 .rodata.SD_SendApplicationCmd.str1.4
                0x00015800       0x1c ./sdmmc/src/fsl_sd.o
 .rodata.SD_GoIdle.str1.4
                0x0001581c       0x1c ./sdmmc/src/fsl_sd.o
 .rodata.SD_SetBlockSize.str1.4
                0x00015838       0x1c ./sdmmc/src/fsl_sd.o
 .rodata.SD_ExecuteTuning.str1.4
                0x00015854       0x1c ./sdmmc/src/fsl_sd.o
 .rodata.SD_SwitchVoltage.str1.4
                0x00015870       0x1c ./sdmmc/src/fsl_sd.o
 .rodata.SD_StopTransmission.str1.4
                0x0001588c       0x1c ./sdmmc/src/fsl_sd.o
 .rodata.SD_Transfer.str1.4
                0x000158a8       0x1f ./sdmmc/src/fsl_sd.o
 *fill*         0x000158c7        0x1 ff
 .rodata.SD_SendCardStatus.str1.4
                0x000158c8       0x1c ./sdmmc/src/fsl_sd.o
 .rodata.SD_PollingCardStatusBusy.str1.4
                0x000158e4       0x1c ./sdmmc/src/fsl_sd.o
 .rodata.SD_SendRca.str1.4
                0x00015900       0x1c ./sdmmc/src/fsl_sd.o
 .rodata.SD_SwitchFunction.str1.4
                0x0001591c       0x3a ./sdmmc/src/fsl_sd.o
 *fill*         0x00015956        0x2 ff
 .rodata.SD_DecodeScr.str1.4
                0x00015958       0x3a ./sdmmc/src/fsl_sd.o
 *fill*         0x00015992        0x2 ff
 .rodata.SD_SendScr.str1.4
                0x00015994       0x1c ./sdmmc/src/fsl_sd.o
 .rodata.SD_SelectFunction.str1.4
                0x000159b0       0x1c ./sdmmc/src/fsl_sd.o
 .rodata.SD_SetDataBusWidth.str1.4
                0x000159cc       0x1c ./sdmmc/src/fsl_sd.o
 .rodata.SD_DecodeCsd.str1.4
                0x000159e8       0x3a ./sdmmc/src/fsl_sd.o
 *fill*         0x00015a22        0x2 ff
 .rodata.SD_SendCsd.str1.4
                0x00015a24       0x1d ./sdmmc/src/fsl_sd.o
 *fill*         0x00015a41        0x3 ff
 .rodata.SD_DecodeCid.str1.4
                0x00015a44       0x3f ./sdmmc/src/fsl_sd.o
 *fill*         0x00015a83        0x1 ff
 .rodata.SD_AllSendCid.str1.4
                0x00015a84       0x1d ./sdmmc/src/fsl_sd.o
 *fill*         0x00015aa1        0x3 ff
 .rodata.SD_ApplicationSendOperationCondition.str1.4
                0x00015aa4       0x1d ./sdmmc/src/fsl_sd.o
 *fill*         0x00015ac1        0x3 ff
 .rodata.SD_SendInterfaceCondition.str1.4
                0x00015ac4       0x1d ./sdmmc/src/fsl_sd.o
 *fill*         0x00015ae1        0x3 ff
 .rodata.SD_SelectBusTiming.str1.4
                0x00015ae4       0x1d ./sdmmc/src/fsl_sd.o
 *fill*         0x00015b01        0x3 ff
 .rodata.SD_DecodeStatus.str1.4
                0x00015b04       0x3c ./sdmmc/src/fsl_sd.o
 .rodata.SD_ReadStatus.str1.4
                0x00015b40       0x1d ./sdmmc/src/fsl_sd.o
 *fill*         0x00015b5d        0x3 ff
 .rodata.SD_SelectCard.str1.4
                0x00015b60       0x1d ./sdmmc/src/fsl_sd.o
 *fill*         0x00015b7d        0x3 ff
 .rodata.SD_Read.str1.4
                0x00015b80       0x9e ./sdmmc/src/fsl_sd.o
 *fill*         0x00015c1e        0x2 ff
 .rodata.SD_CheckReadOnly.str1.4
                0x00015c20       0x1d ./sdmmc/src/fsl_sd.o
 *fill*         0x00015c3d        0x3 ff
 .rodata.SD_ReadBlocks.str1.4
                0x00015c40       0xa2 ./sdmmc/src/fsl_sd.o
 *fill*         0x00015ce2        0x2 ff
 .rodata.SD_ProbeBusVoltage.str1.4
                0x00015ce4       0x1d ./sdmmc/src/fsl_sd.o
 *fill*         0x00015d01        0x3 ff
 .rodata.sdcard_init.str1.4
                0x00015d04       0x4a ./sdmmc/src/fsl_sd.o
 *fill*         0x00015d4e        0x2 ff
 .rodata.SD_CardInit.str1.4
                0x00015d50       0x1d ./sdmmc/src/fsl_sd.o
 *fill*         0x00015d6d        0x3 ff
 .rodata.SD_HostInit.str1.4
                0x00015d70       0x4a ./sdmmc/src/fsl_sd.o
 *fill*         0x00015dba        0x2 ff
 .rodata.SD_SetCardPower.str1.4
                0x00015dbc       0x1d ./sdmmc/src/fsl_sd.o
 *fill*         0x00015dd9        0x3 ff
 .rodata.SDMMC_OSAEventCreate.str1.4
                0x00015ddc       0x29 ./sdmmc/osa/fsl_sdmmc_osa.o
 *fill*         0x00015e05        0x3 ff
 .rodata.SDMMC_OSAEventWait.str1.4
                0x00015e08       0x29 ./sdmmc/osa/fsl_sdmmc_osa.o
 *fill*         0x00015e31        0x3 ff
 .rodata.SDMMC_OSAEventSet.str1.4
                0x00015e34       0x2a ./sdmmc/osa/fsl_sdmmc_osa.o
 *fill*         0x00015e5e        0x2 ff
 .rodata.SDMMC_OSAEventGet.str1.4
                0x00015e60       0x4f ./sdmmc/osa/fsl_sdmmc_osa.o
 *fill*         0x00015eaf        0x1 ff
 .rodata.SDMMC_OSAEventClear.str1.4
                0x00015eb0       0x2a ./sdmmc/osa/fsl_sdmmc_osa.o
 *fill*         0x00015eda        0x2 ff
 .rodata.SDMMC_OSAMutexCreate.str1.4
                0x00015edc       0x2a ./sdmmc/osa/fsl_sdmmc_osa.o
 *fill*         0x00015f06        0x2 ff
 .rodata.SDMMC_OSAMutexLock.str1.4
                0x00015f08       0x2a ./sdmmc/osa/fsl_sdmmc_osa.o
 *fill*         0x00015f32        0x2 ff
 .rodata.SDMMC_OSAMutexUnlock.str1.4
                0x00015f34       0x2a ./sdmmc/osa/fsl_sdmmc_osa.o
 *fill*         0x00015f5e        0x2 ff
 .rodata.SDMMCHOST_Init.str1.4
                0x00015f60       0x24 ./sdmmc/host/fsl_sdmmc_host.o
 .rodata.CLOCK_GetMcgExtClkFreq.str1.4
                0x00015f84       0x49 ./drivers/fsl_clock.o
 *fill*         0x00015fcd        0x3 ff
 .rodata.CLOCK_GetOsc0ErClkFreq.str1.4
                0x00015fd0       0x1e ./drivers/fsl_clock.o
 *fill*         0x00015fee        0x2 ff
 .rodata.CLOCK_GetEr32kClkFreq.str1.4
                0x00015ff0       0x1f ./drivers/fsl_clock.o
 *fill*         0x0001600f        0x1 ff
 .rodata.CLOCK_GetPll0Freq.str1.4
                0x00016010       0x1d ./drivers/fsl_clock.o
 *fill*         0x0001602d        0x3 ff
 .rodata.CLOCK_EnablePll0.str1.4
                0x00016030       0x1a ./drivers/fsl_clock.o
 *fill*         0x0001604a        0x2 ff
 .rodata.CLOCK_SetPbeMode.str1.4
                0x0001604c       0x1a ./drivers/fsl_clock.o
 *fill*         0x00016066        0x2 ff
 .rodata.CLOCK_BootToPeeMode.str1.4
                0x00016068       0x1a ./drivers/fsl_clock.o
 *fill*         0x00016082        0x2 ff
 .rodata.fllFactorTable.1
                0x00016084       0x10 ./drivers/fsl_clock.o
 .rodata.SDK_DelayAtLeastUs.str1.4
                0x00016094       0x2b ./drivers/fsl_common_arm.o
 *fill*         0x000160bf        0x1 ff
 .rodata.EDMA_HandleIRQ.str1.4
                0x000160c0       0x21 ./drivers/fsl_edma.o
 *fill*         0x000160e1        0x3 ff
 .rodata.s_i2cDividerTable
                0x000160e4       0x80 ./drivers/fsl_i2c.o
 .rodata.s_i2cClocks
                0x00016164        0xc ./drivers/fsl_i2c.o
 .rodata.s_i2cBases
                0x00016170        0xc ./drivers/fsl_i2c.o
 .rodata.I2C_GetInstance.str1.4
                0x0001617c       0x32 ./drivers/fsl_i2c.o
 *fill*         0x000161ae        0x2 ff
 .rodata.I2C_MasterInit.str1.4
                0x000161b0       0x4a ./drivers/fsl_i2c.o
 *fill*         0x000161fa        0x2 ff
 .rodata.I2C_MasterGetDefaultConfig.str1.4
                0x000161fc       0x25 ./drivers/fsl_i2c.o
 *fill*         0x00016221        0x3 ff
 .rodata.I2C_MasterTransferBlocking.str1.4
                0x00016224       0x1e ./drivers/fsl_i2c.o
 *fill*         0x00016242        0x2 ff
 .rodata.SAI_SetMasterClockDivider.str1.4
                0x00016244       0x2b ./drivers/fsl_sai.o
 *fill*         0x0001626f        0x1 ff
 .rodata.SAI_GetInstance.str1.4
                0x00016270       0x32 ./drivers/fsl_sai.o
 *fill*         0x000162a2        0x2 ff
 .rodata.SAI_GetCommonConfig.str1.4
                0x000162a4       0x45 ./drivers/fsl_sai.o
 *fill*         0x000162e9        0x3 ff
 .rodata.SAI_TxSetBitClockRate.str1.4
                0x000162ec       0x2f ./drivers/fsl_sai.o
 *fill*         0x0001631b        0x1 ff
 .rodata.SAI_RxSetBitClockRate.str1.4
                0x0001631c       0x2f ./drivers/fsl_sai.o
 *fill*         0x0001634b        0x1 ff
 .rodata.SAI_TxSetBitclockConfig.str1.4
                0x0001634c       0x20 ./drivers/fsl_sai.o
 .rodata.SAI_RxSetBitclockConfig.str1.4
                0x0001636c       0x20 ./drivers/fsl_sai.o
 .rodata.SAI_SetMasterClockConfig.str1.4
                0x0001638c       0x20 ./drivers/fsl_sai.o
 .rodata.SAI_TxSetFifoConfig.str1.4
                0x000163ac       0x74 ./drivers/fsl_sai.o
 .rodata.SAI_RxSetFifoConfig.str1.4
                0x00016420       0x74 ./drivers/fsl_sai.o
 .rodata.SAI_TxSetFrameSyncConfig.str1.4
                0x00016494       0x7f ./drivers/fsl_sai.o
 *fill*         0x00016513        0x1 ff
 .rodata.SAI_RxSetFrameSyncConfig.str1.4
                0x00016514       0x7f ./drivers/fsl_sai.o
 *fill*         0x00016593        0x1 ff
 .rodata.SAI_TxSetSerialDataConfig.str1.4
                0x00016594       0x20 ./drivers/fsl_sai.o
 .rodata.SAI_RxSetSerialDataConfig.str1.4
                0x000165b4       0x20 ./drivers/fsl_sai.o
 .rodata.SAI_TxSetConfig.str1.4
                0x000165d4       0x20 ./drivers/fsl_sai.o
 .rodata.SAI_TransferTxSetConfig.str1.4
                0x000165f4       0x97 ./drivers/fsl_sai.o
 *fill*         0x0001668b        0x1 ff
 .rodata.SAI_RxSetConfig.str1.4
                0x0001668c       0x20 ./drivers/fsl_sai.o
 .rodata.SAI_TransferTxCreateHandle.str1.4
                0x000166ac       0x20 ./drivers/fsl_sai.o
 .rodata.SAI_TransferSendNonBlocking.str1.4
                0x000166cc       0x77 ./drivers/fsl_sai.o
 *fill*         0x00016743        0x1 ff
 .rodata.SAI_TransferAbortSend.str1.4
                0x00016744       0x20 ./drivers/fsl_sai.o
 .rodata.SAI_TransferTxHandleIRQ.str1.4
                0x00016764       0x20 ./drivers/fsl_sai.o
 .rodata.I2S0_Tx_DriverIRQHandler.str1.4
                0x00016784       0x2b ./drivers/fsl_sai.o
 *fill*         0x000167af        0x1 ff
 .rodata.I2S0_Rx_DriverIRQHandler.str1.4
                0x000167b0       0x2b ./drivers/fsl_sai.o
 *fill*         0x000167db        0x1 ff
 .rodata.SDHC_GetInstance.str1.4
                0x000167dc       0x33 ./drivers/fsl_sdhc.o
 *fill*         0x0001680f        0x1 ff
 .rodata.SDHC_ReceiveCommandResponse.str1.4
                0x00016810       0x21 ./drivers/fsl_sdhc.o
 *fill*         0x00016831        0x3 ff
 .rodata.SDHC_TransferHandleCommand.str1.4
                0x00016834       0x29 ./drivers/fsl_sdhc.o
 *fill*         0x0001685d        0x3 ff
 .rodata.SDHC_TransferHandleData.str1.4
                0x00016860       0x26 ./drivers/fsl_sdhc.o
 *fill*         0x00016886        0x2 ff
 .rodata.SDHC_Init.str1.4
                0x00016888      0x116 ./drivers/fsl_sdhc.o
 *fill*         0x0001699e        0x2 ff
 .rodata.SDHC_SetSdClock.str1.4
                0x000169a0       0x69 ./drivers/fsl_sdhc.o
 *fill*         0x00016a09        0x3 ff
 .rodata.SDHC_SetTransferConfig.str1.4
                0x00016a0c       0xf0 ./drivers/fsl_sdhc.o
 .rodata.SDHC_TransferCreateHandle.str1.4
                0x00016afc       0x47 ./drivers/fsl_sdhc.o
 *fill*         0x00016b43        0x1 ff
 .rodata.SDHC_TransferNonBlocking.str1.4
                0x00016b44       0x23 ./drivers/fsl_sdhc.o
 *fill*         0x00016b67        0x1 ff
 .rodata.SDHC_TransferHandleIRQ.str1.4
                0x00016b68       0x21 ./drivers/fsl_sdhc.o
 *fill*         0x00016b89        0x3 ff
 .rodata.SDHC_DriverIRQHandler.str1.4
                0x00016b8c       0x2a ./drivers/fsl_sdhc.o
 *fill*         0x00016bb6        0x2 ff
 .rodata.s_uartBases
                0x00016bb8       0x18 ./drivers/fsl_uart.o
 .rodata.s_uartClock
                0x00016bd0       0x18 ./drivers/fsl_uart.o
 .rodata.UART_GetInstance.str1.4
                0x00016be8       0x2b ./drivers/fsl_uart.o
 *fill*         0x00016c13        0x1 ff
 .rodata.UART_Init.str1.4
                0x00016c14       0x4c ./drivers/fsl_uart.o
 .rodata.UART_GetDefaultConfig.str1.4
                0x00016c60       0x20 ./drivers/fsl_uart.o
 .rodata.UART_ReadBlocking.str1.4
                0x00016c80       0x1e ./drivers/fsl_uart.o
 *fill*         0x00016c9e        0x2 ff
 .rodata.s_UartAdapterBase
                0x00016ca0       0x18 ./component/uart/fsl_adapter_uart.o
 .rodata.HAL_UartInit.str1.4
                0x00016cb8       0xdd ./component/uart/fsl_adapter_uart.o
 *fill*         0x00016d95        0x3 ff
 .rodata.HAL_UartReceiveBlocking.str1.4
                0x00016d98       0x60 ./component/uart/fsl_adapter_uart.o
 .rodata.HAL_UartSendBlocking.str1.4
                0x00016df8       0x60 ./component/uart/fsl_adapter_uart.o
 .rodata.OSA_SemaphoreCreate.str1.4
                0x00016e58       0x2e ./component/osa/fsl_os_abstraction_bm.o
 *fill*         0x00016e86        0x2 ff
 .rodata.OSA_SemaphoreWait.str1.4
                0x00016e88       0x2e ./component/osa/fsl_os_abstraction_bm.o
 *fill*         0x00016eb6        0x2 ff
 .rodata.OSA_SemaphorePost.str1.4
                0x00016eb8       0x2e ./component/osa/fsl_os_abstraction_bm.o
 *fill*         0x00016ee6        0x2 ff
 .rodata.OSA_MutexCreate.str1.4
                0x00016ee8       0x2a ./component/osa/fsl_os_abstraction_bm.o
 *fill*         0x00016f12        0x2 ff
 .rodata.OSA_MutexUnlock.str1.4
                0x00016f14       0x2a ./component/osa/fsl_os_abstraction_bm.o
 *fill*         0x00016f3e        0x2 ff
 .rodata.s_i2cBases
                0x00016f40        0xc ./component/i2c/fsl_adapter_i2c.o
 .rodata.HAL_I2cMasterInit.str1.4
                0x00016f4c       0x3f ./component/i2c/fsl_adapter_i2c.o
 *fill*         0x00016f8b        0x1 ff
 .rodata.HAL_I2cMasterTransferBlocking.str1.4
                0x00016f8c       0x3d ./component/i2c/fsl_adapter_i2c.o
 *fill*         0x00016fc9        0x3 ff
 .rodata.s_da7212_capability
                0x00016fcc       0x10 ./codec/port/da7212/fsl_codec_da7212_adapter.o
 .rodata.HAL_CODEC_DA7212_Init.str1.4
                0x00016fdc       0x45 ./codec/port/da7212/fsl_codec_da7212_adapter.o
 *fill*         0x00017021        0x3 ff
 .rodata.HAL_CODEC_DA7212_SetVolume.str1.4
                0x00017024       0x30 ./codec/port/da7212/fsl_codec_da7212_adapter.o
 .rodata.CODEC_Init.str1.4
                0x00017054       0x3d ./codec/fsl_codec_common.o
 *fill*         0x00017091        0x3 ff
 .rodata.CODEC_SetVolume.str1.4
                0x00017094       0xc1 ./codec/fsl_codec_common.o
 *fill*         0x00017155        0x3 ff
 .rodata.kInitRegisterSequence
                0x00017158       0x48 ./codec/fsl_dialog7212.o
 .rodata.DA7212_WriteRegister.str1.4
                0x000171a0       0x62 ./codec/fsl_dialog7212.o
 *fill*         0x00017202        0x2 ff
 .rodata.DA7212_ReadRegister.str1.4
                0x00017204       0x62 ./codec/fsl_dialog7212.o
 *fill*         0x00017266        0x2 ff
 .rodata.DA7212_Init.str1.4
                0x00017268       0x52 ./codec/fsl_dialog7212.o
 *fill*         0x000172ba        0x2 ff
 .rodata.DA7212_SetPLLConfig.str1.4
                0x000172bc       0x26 ./codec/fsl_dialog7212.o
 *fill*         0x000172e2        0x2 ff
 .rodata.DA7212_SetMasterModeBits.str1.4
                0x000172e4       0x1d ./codec/fsl_dialog7212.o
 *fill*         0x00017301        0x3 ff
 .rodata.mcgConfig_BOARD_BootClockRUN
                0x00017304        0xb ./board/clock_config.o
                0x00017304                mcgConfig_BOARD_BootClockRUN
 *fill*         0x0001730f        0x1 ff
 .rodata.simConfig_BOARD_BootClockRUN
                0x00017310        0x8 ./board/clock_config.o
                0x00017310                simConfig_BOARD_BootClockRUN
 .rodata.oscConfig_BOARD_BootClockRUN
                0x00017318        0x8 ./board/clock_config.o
                0x00017318                oscConfig_BOARD_BootClockRUN
 .rodata.PORT_SetPinConfig.str1.4
                0x00017320       0x66 ./board/pin_mux.o
 *fill*         0x00017386        0x2 ff
 .rodata.BOARD_SD_Config.str1.4
                0x00017388       0x1a ./board/sdmmc_config.o
 *fill*         0x000173a2        0x2 ff
 .rodata.__num_Ciob_streams
                0x000173a4        0x4 c:/nxp/mcuxpressoide_11.7.0_9198/ide/plugins/com.nxp.mcuxpresso.tools.win32_11.7.0.202209140929/tools/bin/../lib/gcc/arm-none-eabi/10.3.1/../../../../arm-none-eabi/lib/thumb/v7e-m+fp/hard\libcr_nohost_nf.a(__ciob.o)
                0x000173a4                __num_Ciob_streams
 .rodata._initio.str1.1
                0x000173a8        0x4 c:/nxp/mcuxpressoide_11.7.0_9198/ide/plugins/com.nxp.mcuxpresso.tools.win32_11.7.0.202209140929/tools/bin/../lib/gcc/arm-none-eabi/10.3.1/../../../../arm-none-eabi/lib/thumb/v7e-m+fp/hard\libcr_c.a(initio.o)
                0x000173b0                . = ALIGN (0x8)
 *fill*         0x000173ac        0x4 ff

.glue_7         0x000173b0        0x0
 .glue_7        0x000173b0        0x0 linker stubs

.glue_7t        0x000173b0        0x0
 .glue_7t       0x000173b0        0x0 linker stubs

.vfp11_veneer   0x000173b0        0x0
 .vfp11_veneer  0x000173b0        0x0 linker stubs

.v4_bx          0x000173b0        0x0
 .v4_bx         0x000173b0        0x0 linker stubs

.iplt           0x000173b0        0x0
 .iplt          0x000173b0        0x0 ./utilities/fsl_assert.o

.rel.dyn        0x000173b0        0x0
 .rel.iplt      0x000173b0        0x0 ./utilities/fsl_assert.o

.ARM.extab
 *(SORT_BY_ALIGNMENT(.ARM.extab*) SORT_BY_ALIGNMENT(.gnu.linkonce.armextab.*))

.ARM.exidx      0x000173b0        0x0
                0x000173b0                __exidx_start = .
 *(SORT_BY_ALIGNMENT(.ARM.exidx*) SORT_BY_ALIGNMENT(.gnu.linkonce.armexidx.*))
                0x000173b0                __exidx_end = .
                0x000173b0                _etext = .

.m_usb_data
 *(SORT_BY_ALIGNMENT(m_usb_bdt))

.data_RAM2      0x1fff0000        0x0 load address 0x000173b0
 FILL mask 0xff
                [!provide]                PROVIDE (__start_data_RAM2 = .)
                [!provide]                PROVIDE (__start_data_SRAM_LOWER = .)
 *(SORT_BY_ALIGNMENT(.ramfunc.$RAM2))
 *(SORT_BY_ALIGNMENT(.ramfunc.$SRAM_LOWER))
 *(SORT_BY_ALIGNMENT(NonCacheable.init))
 *(SORT_BY_ALIGNMENT(.data.$RAM2))
 *(SORT_BY_ALIGNMENT(.data.$SRAM_LOWER))
 *(SORT_BY_ALIGNMENT(.data.$RAM2.*))
 *(SORT_BY_ALIGNMENT(.data.$SRAM_LOWER.*))
                0x1fff0000                . = ALIGN (0x8)
                [!provide]                PROVIDE (__end_data_RAM2 = .)
                [!provide]                PROVIDE (__end_data_SRAM_LOWER = .)

.data_RAM3      0x14000000        0x0 load address 0x000173b0
 FILL mask 0xff
                [!provide]                PROVIDE (__start_data_RAM3 = .)
                [!provide]                PROVIDE (__start_data_FLEX_RAM = .)
 *(SORT_BY_ALIGNMENT(.ramfunc.$RAM3))
 *(SORT_BY_ALIGNMENT(.ramfunc.$FLEX_RAM))
 *(SORT_BY_ALIGNMENT(.data.$RAM3))
 *(SORT_BY_ALIGNMENT(.data.$FLEX_RAM))
 *(SORT_BY_ALIGNMENT(.data.$RAM3.*))
 *(SORT_BY_ALIGNMENT(.data.$FLEX_RAM.*))
                0x14000000                . = ALIGN (0x8)
                [!provide]                PROVIDE (__end_data_RAM3 = .)
                [!provide]                PROVIDE (__end_data_FLEX_RAM = .)

.uninit_RESERVED
                0x20000000        0x0
                0x20000000                _start_uninit_RESERVED = .
 *(SORT_BY_ALIGNMENT(.bss.$RESERVED*))
                0x20000000                . = ALIGN (0x8)
                0x20000000                _end_uninit_RESERVED = .

.data           0x20000000       0x40 load address 0x000173b0
 FILL mask 0xff
                0x20000000                _data = .
                [!provide]                PROVIDE (__start_data_RAM = .)
                [!provide]                PROVIDE (__start_data_SRAM_UPPER = .)
 *(SORT_BY_ALIGNMENT(vtable))
 *(SORT_BY_ALIGNMENT(.ramfunc*))
 *(SORT_BY_ALIGNMENT(CodeQuickAccess))
 *(SORT_BY_ALIGNMENT(DataQuickAccess))
 *(SORT_BY_ALIGNMENT(RamFunction))
 *(SORT_BY_ALIGNMENT(.data*))
 .data.da7212Config
                0x20000000       0x28 ./source/sai_interrupt_record_playback.o
                0x20000000                da7212Config
 .data.boardCodecConfig
                0x20000028        0x8 ./source/sai_interrupt_record_playback.o
                0x20000028                boardCodecConfig
 .data.s_slowIrcFreq
                0x20000030        0x4 ./drivers/fsl_clock.o
 .data.s_fastIrcFreq
                0x20000034        0x4 ./drivers/fsl_clock.o
 .data.SystemCoreClock
                0x20000038        0x4 ./device/system_MK64F12.o
                0x20000038                SystemCoreClock
                0x20000040                . = ALIGN (0x8)
 *fill*         0x2000003c        0x4 ff
                0x20000040                _edata = .
                [!provide]                PROVIDE (__end_data_RAM = .)
                [!provide]                PROVIDE (__end_data_SRAM_UPPER = .)

.igot.plt       0x20000040        0x0 load address 0x000173f0
 .igot.plt      0x20000040        0x0 ./utilities/fsl_assert.o

.bss_RAM2       0x1fff0000        0x0
                [!provide]                PROVIDE (__start_bss_RAM2 = .)
                [!provide]                PROVIDE (__start_bss_SRAM_LOWER = .)
 *(SORT_BY_ALIGNMENT(NonCacheable))
 *(SORT_BY_ALIGNMENT(.bss.$RAM2))
 *(SORT_BY_ALIGNMENT(.bss.$SRAM_LOWER))
 *(SORT_BY_ALIGNMENT(.bss.$RAM2.*))
 *(SORT_BY_ALIGNMENT(.bss.$SRAM_LOWER.*))
                0x1fff0000                . = ALIGN ((. != 0x0)?0x8:0x1)
                [!provide]                PROVIDE (__end_bss_RAM2 = .)
                [!provide]                PROVIDE (__end_bss_SRAM_LOWER = .)

.bss_RAM3       0x14000000        0x0
                [!provide]                PROVIDE (__start_bss_RAM3 = .)
                [!provide]                PROVIDE (__start_bss_FLEX_RAM = .)
 *(SORT_BY_ALIGNMENT(.bss.$RAM3))
 *(SORT_BY_ALIGNMENT(.bss.$FLEX_RAM))
 *(SORT_BY_ALIGNMENT(.bss.$RAM3.*))
 *(SORT_BY_ALIGNMENT(.bss.$FLEX_RAM.*))
                0x14000000                . = ALIGN ((. != 0x0)?0x8:0x1)
                [!provide]                PROVIDE (__end_bss_RAM3 = .)
                [!provide]                PROVIDE (__end_bss_FLEX_RAM = .)

.bss            0x20000040     0xcdc8
                0x20000040                _bss = .
                [!provide]                PROVIDE (__start_bss_RAM = .)
                [!provide]                PROVIDE (__start_bss_SRAM_UPPER = .)
 *(SORT_BY_ALIGNMENT(.bss*))
 .bss.s_debugConsole
                0x20000040       0x14 ./utilities/fsl_debug_console.o
 .bss.mclkConfig
                0x20000054        0xc ./source/sai_interrupt_record_playback.o
                0x20000054                mclkConfig
 .bss.txHandle  0x20000060       0x4c ./source/sai_interrupt_record_playback.o
                0x20000060                txHandle
 .bss.codecHandle
                0x200000ac       0x5c ./source/sai_interrupt_record_playback.o
                0x200000ac                codecHandle
 .bss.m_dataRead
                0x20000108     0xc800 ./source/sai_interrupt_record_playback.o
                0x20000108                m_dataRead
 .bss.g_sd      0x2000c908      0x2a0 ./source/sd_test.o
                0x2000c908                g_sd
 .bss.g_xtal0Freq
                0x2000cba8        0x4 ./drivers/fsl_clock.o
                0x2000cba8                g_xtal0Freq
 .bss.g_xtal32Freq